<html>
<body>
<pre>
<h1>µVision Build Log</h1>
<h2>Tool Versions:</h2>
IDE-Version: µVision V5.15
Copyright (C) 2015 ARM Ltd and ARM Germany GmbH. All rights reserved.
License Information: ECE IT McGill McGill University Flex license: MDK-ARM Professional: 100 user(s) (mdk_pro) Operation stops: 27 Aug 2018
 
Tool Versions:
Toolchain:       MDK-ARM Professional: 100 user(s)  Version: 5.15.0
Toolchain Path:  C:\Keil_v5\ARM\ARMCC\Bin
C Compiler:      Armcc.exe V5.05 update 2 (build 169)
Assembler:       Armasm.exe V5.05 update 2 (build 169)
Linker/Locator:  ArmLink.exe V5.05 update 2 (build 169)
Library Manager: ArmAr.exe V5.05 update 2 (build 169)
Hex Converter:   FromElf.exe V5.05 update 2 (build 169)
CPU DLL:         SARMCM3.DLL V5.15.0
Dialog DLL:      DCM.DLL V1.13.2.0
Target DLL:      STLink\ST-LINKIII-KEIL_SWO.dll V2.0.15.0_KEIL
Dialog DLL:      TCM.DLL V1.14.5.0
 
<h2>Project:</h2>
H:\H\BLE_SampleProject\BLE_SampleProject.uvprojx
Project File Date:  12/04/2017

<h2>Output:</h2>
*** Using Compiler 'V5.05 update 2 (build 169)', folder: 'C:\Keil_v5\ARM\ARMCC\Bin'
Build target 'Application'
compiling sensor_service.c...
Src\sensor_service.c(390): warning:  #177-D: variable "rxval" was declared but never referenced
        uint8_t rxval = RxBuffer[0];
Src\sensor_service.c(391): warning:  #177-D: variable "rx" was declared but never referenced
        uint16_t rx = RxBuffer[0] + 650;
Src\sensor_service.c(410): warning:  #177-D: variable "rxval" was declared but never referenced
        uint8_t rxval = RxBuffer[0];
Src\sensor_service.c(411): warning:  #177-D: variable "rx" was declared but never referenced
        uint16_t rx = RxBuffer[0] + 650;
Src\sensor_service.c: 4 warnings, 0 errors
linking...
Program Size: Code=18720 RO-data=768 RW-data=120 ZI-data=35264  
".\Objects\BLE_SampleProject.axf" - 0 Error(s), 4 Warning(s).

<h2>Software Packages used:</h2>

Package Vendor: ARM
                http://www.keil.com/pack/ARM.CMSIS.5.0.1.pack
                ARM::CMSIS:CORE:5.0.1
                CMSIS (Cortex Microcontroller Software Interface Standard)
   * Component: CORE Version: 5.0.1

Package Vendor: Keil
                http://www.keil.com/pack/Keil.ARM_Compiler.1.2.0.pack
                Keil.ARM Compiler::Compiler:I/O:STDOUT:ITM:1.1.0
                Keil ARM Compiler extensions
   * Component: STDOUT Variant: ITM Version: 1.1.0

<h2>Collection of Component include folders:</h2>
  H:\H\BLE_SampleProject\RTE
  C:\Keil_v5\ARM\PACK\ARM\CMSIS\5.0.1\CMSIS\Include
  C:\Keil_v5\ARM\PACK\Keil\STM32F4xx_DFP\2.11.0\Drivers\CMSIS\Device\ST\STM32F4xx\Include

<h2>Collection of Component Files used:</h2>

   * Component: ARM::CMSIS:CORE:5.0.1

   * Component: Keil.ARM Compiler::Compiler:I/O:STDOUT:ITM:1.1.0
      Source file:   Source\retarget_io.c
</pre>
</body>
</html>
