Component: ARM Compiler 5.05 update 2 (build 169) Tool: armlink [4d0f33]

==============================================================================

Section Cross References

    main.o(.text) refers to stm32f4xx_hal_rcc.o(.text) for HAL_RCC_OscConfig
    main.o(.text) refers to lis3dsh.o(.text) for LIS3DSH_Init
    main.o(.text) refers to rt_cmsis.o(i.osKernelInitialize) for osKernelInitialize
    main.o(.text) refers to stm32f4xx_hal.o(.text) for HAL_Init
    main.o(.text) refers to thread_led.o(.text) for start_Thread_LED
    main.o(.text) refers to rt_cmsis.o(i.osKernelStart) for osKernelStart
    main.o(.text) refers to stm32f4xx_hal_cortex.o(.text) for HAL_NVIC_EnableIRQ
    main.o(.text) refers to gpio.o(.text) for MX_GPIO_Init
    main.o(.text) refers to tim.o(.text) for MX_TIM2_Init
    main.o(.text) refers to stm32f4xx_hal_tim.o(.text) for HAL_TIM_Base_Start_IT
    main.o(.text) refers to printf1.o(i.__0printf$1) for __2printf
    main.o(.text) refers to keypad4x4.o(.text) for getKeyPressed
    main.o(.text) refers to rt_time.o(.data) for os_time
    main.o(.text) refers to main.o(.data) for Acc_instance
    main.o(.text) refers to tim.o(.bss) for htim2
    main.o(.text) refers to 7_segment.o(.text) for displayNumberOnTrgtDigit
    main.o(.text) refers to atan2f.o(i.__hardfp_atan2f) for __hardfp_atan2f
    main.o(.text) refers to f2d.o(.text) for __aeabi_f2d
    main.o(.text) refers to dmul.o(.text) for __aeabi_dmul
    main.o(.text) refers to cdcmple.o(.text) for __aeabi_cdcmple
    main.o(.text) refers to dadd.o(.text) for __aeabi_dadd
    main.o(.text) refers to dflti.o(.text) for __aeabi_i2d
    main.o(.text) refers to main.o(.bss) for digitArray
    main.o(.text) refers to ddiv.o(.text) for __aeabi_ddiv
    main.o(.text) refers to dfixi.o(.text) for __aeabi_d2iz
    thread_led.o(.text) refers to rt_cmsis.o(i.osThreadCreate) for osThreadCreate
    thread_led.o(.text) refers to rt_cmsis.o(i.osDelay) for osDelay
    thread_led.o(.text) refers to stm32f4xx_hal_gpio.o(.text) for HAL_GPIO_Init
    thread_led.o(.text) refers to thread_led.o(.constdata) for os_thread_def_Thread_LED_1
    thread_led.o(.text) refers to thread_led.o(.data) for tid_Thread_LED_1
    thread_led.o(.text) refers to thread_led.o(.bss) for LED_configuration
    thread_led.o(.constdata) refers to thread_led.o(.text) for Thread_LED_1
    supporting_functions.o(.text) refers to printf1.o(i.__0printf$1) for __2printf
    gpio.o(.text) refers to stm32f4xx_hal_gpio.o(.text) for HAL_GPIO_Init
    keypad4x4.o(.text) refers to stm32f4xx_hal_gpio.o(.text) for HAL_GPIO_Init
    keypad4x4.o(.text) refers to keypad4x4.o(.bss) for COLS_GPIO_init
    keypad4x4.o(.text) refers to keypad4x4.o(.constdata) for keypadMap
    stm32f4xx_hal_msp.o(.text) refers to stm32f4xx_hal_cortex.o(.text) for HAL_NVIC_SetPriorityGrouping
    stm32f4xx_it.o(.text) refers to stm32f4xx_hal_gpio.o(.text) for HAL_GPIO_EXTI_IRQHandler
    stm32f4xx_it.o(.text) refers to stm32f4xx_hal_tim.o(.text) for HAL_TIM_IRQHandler
    stm32f4xx_it.o(.text) refers to tim.o(.bss) for htim2
    tim.o(.text) refers to stm32f4xx_hal_tim.o(.text) for HAL_TIM_Base_Init
    tim.o(.text) refers to stm32f4xx_hal_tim_ex.o(.text) for HAL_TIMEx_MasterConfigSynchronization
    tim.o(.text) refers to stm32f4xx_hal_gpio.o(.text) for HAL_GPIO_Init
    tim.o(.text) refers to memcpya.o(.text) for __aeabi_memcpy4
    tim.o(.text) refers to dfltui.o(.text) for __aeabi_ui2d
    tim.o(.text) refers to ddiv.o(.text) for __aeabi_ddiv
    tim.o(.text) refers to dmul.o(.text) for __aeabi_dmul
    tim.o(.text) refers to dfixui.o(.text) for __aeabi_d2uiz
    tim.o(.text) refers to stm32f4xx_hal_cortex.o(.text) for HAL_NVIC_SetPriority
    tim.o(.text) refers to tim.o(.bss) for htim2
    7_segment.o(.text) refers to stm32f4xx_hal_gpio.o(.text) for HAL_GPIO_WritePin
    lis3dsh.o(.text) refers to stm32f4xx_hal_gpio.o(.text) for HAL_GPIO_WritePin
    lis3dsh.o(.text) refers to stm32f4xx_hal_spi.o(.text) for HAL_SPI_DeInit
    lis3dsh.o(.text) refers to printf1.o(i.__0printf$1) for __2printf
    lis3dsh.o(.text) refers to f2d.o(.text) for __aeabi_f2d
    lis3dsh.o(.text) refers to dmul.o(.text) for __aeabi_dmul
    lis3dsh.o(.text) refers to d2f.o(.text) for __aeabi_d2f
    lis3dsh.o(.text) refers to lis3dsh.o(.data) for LIS3DSHTimeout
    lis3dsh.o(.text) refers to lis3dsh.o(.bss) for SpiHandle
    rtx_conf_cm.o(.ARM.Collect$$$$000000FF) refers to rt_cmsis.o(i.osKernelInitialize) for osKernelInitialize
    rtx_conf_cm.o(.ARM.Collect$$$$000000FF) refers to rt_cmsis.o(i.osThreadCreate) for osThreadCreate
    rtx_conf_cm.o(.ARM.Collect$$$$000000FF) refers to rt_cmsis.o(i.osKernelStart) for osKernelStart
    rtx_conf_cm.o(.ARM.Collect$$$$000000FF) refers to rtx_conf_cm.o(.constdata) for .constdata
    rtx_conf_cm.o(.constdata) refers to rt_cmsis.o(i.osTimerThread) for osTimerThread
    rtx_conf_cm.o(.constdata) refers to rtx_conf_cm.o(.bss) for os_messageQ_q_osTimerMessageQ
[...]
    i.rt_sem_psh                             0x08009de0   Section        0  rt_semaphore.o(i.rt_sem_psh)
    i.rt_stk_check                           0x08009e14   Section        0  rt_system.o(i.rt_stk_check)
    i.rt_switch_req                          0x08009e38   Section        0  rt_task.o(i.rt_switch_req)
    i.rt_sys_init                            0x08009e60   Section        0  rt_task.o(i.rt_sys_init)
    i.rt_sys_start                           0x08009f2c   Section        0  rt_task.o(i.rt_sys_start)
    i.rt_systick                             0x08009fa4   Section        0  rt_system.o(i.rt_systick)
    i.rt_tid2ptcb                            0x08009fe4   Section        0  rt_cmsis.o(i.rt_tid2ptcb)
    rt_tid2ptcb                              0x08009fe5   Thumb Code    18  rt_cmsis.o(i.rt_tid2ptcb)
    i.rt_timer_insert                        0x08009ff8   Section        0  rt_cmsis.o(i.rt_timer_insert)
    rt_timer_insert                          0x08009ff9   Thumb Code    48  rt_cmsis.o(i.rt_timer_insert)
    i.rt_tsk_create                          0x0800a02c   Section        0  rt_task.o(i.rt_tsk_create)
    i.rt_tsk_delete                          0x0800a0b4   Section        0  rt_task.o(i.rt_tsk_delete)
    i.rt_tsk_prio                            0x0800a230   Section        0  rt_task.o(i.rt_tsk_prio)
    i.rt_tsk_self                            0x0800a2ac   Section        0  rt_task.o(i.rt_tsk_self)
    i.svcDelay                               0x0800a2bc   Section        0  rt_cmsis.o(i.svcDelay)
    i.svcKernelInitialize                    0x0800a2d0   Section        0  rt_cmsis.o(i.svcKernelInitialize)
    i.svcKernelStart                         0x0800a340   Section        0  rt_cmsis.o(i.svcKernelStart)
    i.svcMessageCreate                       0x0800a388   Section        0  rt_cmsis.o(i.svcMessageCreate)
    i.svcMessageGet                          0x0800a3ac   Section        0  rt_cmsis.o(i.svcMessageGet)
    i.svcThreadCreate                        0x0800a3e8   Section        0  rt_cmsis.o(i.svcThreadCreate)
    i.svcThreadGetId                         0x0800a458   Section        0  rt_cmsis.o(i.svcThreadGetId)
    i.svcThreadTerminate                     0x0800a474   Section        0  rt_cmsis.o(i.svcThreadTerminate)
    i.svcTimerCall                           0x0800a4ac   Section        0  rt_cmsis.o(i.svcTimerCall)
    i.sysTimerTick                           0x0800a4c4   Section        0  rt_cmsis.o(i.sysTimerTick)
    .constdata                               0x0800a520   Section       48  thread_led.o(.constdata)
    .constdata                               0x0800a550   Section       64  keypad4x4.o(.constdata)
    .constdata                               0x0800a590   Section      104  rtx_conf_cm.o(.constdata)
    __tagsym$$used                           0x0800a5ac   Number         0  rtx_conf_cm.o(.constdata)
    __tagsym$$used                           0x0800a5b0   Number         0  rtx_conf_cm.o(.constdata)
    __tagsym$$used                           0x0800a5b4   Number         0  rtx_conf_cm.o(.constdata)
    __tagsym$$used                           0x0800a5b8   Number         0  rtx_conf_cm.o(.constdata)
    .constdata                               0x0800a5f8   Section        8  stm32f4xx_hal_dma.o(.constdata)
    flagBitshiftOffset                       0x0800a5f8   Data           8  stm32f4xx_hal_dma.o(.constdata)
    .constdata                               0x0800a600   Section       16  stm32f4xx_hal_rcc.o(.constdata)
    .constdata                               0x0800a610   Section       16  system_stm32f4xx.o(.constdata)
    .data                                    0x20000000   Section      208  main.o(.data)
    .data                                    0x200000d0   Section       12  thread_led.o(.data)
    .data                                    0x200000dc   Section        4  lis3dsh.o(.data)
    .data                                    0x200000e0   Section       16  rtx_conf_cm.o(.data)
    .data                                    0x200000f0   Section        4  stm32f4xx_hal.o(.data)
    uwTick                                   0x200000f0   Data           4  stm32f4xx_hal.o(.data)
    .data                                    0x200000f4   Section        4  system_stm32f4xx.o(.data)
    .data                                    0x200000f8   Section        8  rt_cmsis.o(.data)
    .data                                    0x20000100   Section        4  rt_time.o(.data)
    .data                                    0x20000104   Section        8  rt_task.o(.data)
    .data                                    0x2000010c   Section        8  rt_system.o(.data)
    os_lock                                  0x2000010c   Data           1  rt_system.o(.data)
    os_psh_flag                              0x2000010d   Data           1  rt_system.o(.data)
    pend_flags                               0x2000010e   Data           1  rt_system.o(.data)
    .data                                    0x20000114   Section        1  hal_cm.o(.data)
    .data                                    0x20000118   Section        8  rt_robin.o(.data)
    .data                                    0x20000120   Section        4  stdout.o(.data)
    .bss                                     0x20000124   Section       60  main.o(.bss)
    .bss                                     0x20000160   Section       20  thread_led.o(.bss)
    .bss                                     0x20000174   Section       40  keypad4x4.o(.bss)
    .bss                                     0x2000019c   Section      148  tim.o(.bss)
    .bss                                     0x20000230   Section       88  lis3dsh.o(.bss)
    .bss                                     0x20000288   Section     4928  rtx_conf_cm.o(.bss)
    .bss                                     0x200015c8   Section       52  rt_task.o(.bss)
    .bss                                     0x200015fc   Section       48  rt_list.o(.bss)
    STACK                                    0x20001630   Section     1024  startup_stm32f407xx.o(STACK)

    Global Symbols

    Symbol Name                              Value     Ov Type        Size  Object(Section)

    BuildAttributes$$THM_ISAv4$E$P$D$K$B$S$7EM$VFPi3$EXTD16$VFPS$VFMA$PE$A:L22UL41UL21$X:L11$S22US41US21$IEEE1$IW$USESV6$~STKCKD$USESV7$~SHL$OTIME$ROPI$IEEEX$EBA8$MICROLIB$REQ8$PRES8$EABIv2 0x00000000   Number         0  anon$$obj.o ABSOLUTE
    __ARM_use_no_argv                        0x00000000   Number         0  main.o ABSOLUTE
    _printf_a                                0x00000000   Number         0  stubs.o ABSOLUTE
    _printf_c                                0x00000000   Number         0  stubs.o ABSOLUTE
    _printf_charcount                        0x00000000   Number         0  stubs.o ABSOLUTE
    _printf_d                                0x00000000   Number         0  stubs.o ABSOLUTE
    _printf_e                                0x00000000   Number         0  stubs.o ABSOLUTE
    _printf_f                                0x00000000   Number         0  stubs.o ABSOLUTE
    _printf_flags                            0x00000000   Number         0  stubs.o ABSOLUTE
    _printf_fp_dec                           0x00000000   Number         0  stubs.o ABSOLUTE
    _printf_fp_hex                           0x00000000   Number         0  stubs.o ABSOLUTE
    _printf_g                                0x00000000   Number         0  stubs.o ABSOLUTE
    _printf_i                                0x00000000   Number         0  stubs.o ABSOLUTE
    _printf_int_dec                          0x00000000   Number         0  stubs.o ABSOLUTE
    _printf_l                                0x00000000   Number         0  stubs.o ABSOLUTE
    _printf_lc                               0x00000000   Number         0  stubs.o ABSOLUTE
    _printf_ll                               0x00000000   Number         0  stubs.o ABSOLUTE
    _printf_lld                              0x00000000   Number         0  stubs.o ABSOLUTE
    _printf_lli                              0x00000000   Number         0  stubs.o ABSOLUTE
    _printf_llo                              0x00000000   Number         0  stubs.o ABSOLUTE
    _printf_llu                              0x00000000   Number         0  stubs.o ABSOLUTE
    _printf_llx                              0x00000000   Number         0  stubs.o ABSOLUTE
    _printf_longlong_dec                     0x00000000   Number         0  stubs.o ABSOLUTE
    _printf_longlong_hex                     0x00000000   Number         0  stubs.o ABSOLUTE
    _printf_longlong_oct                     0x00000000   Number         0  stubs.o ABSOLUTE
    _printf_ls                               0x00000000   Number         0  stubs.o ABSOLUTE
    _printf_mbtowc                           0x00000000   Number         0  stubs.o ABSOLUTE
    _printf_n                                0x00000000   Number         0  stubs.o ABSOLUTE
    _printf_o                                0x00000000   Number         0  stubs.o ABSOLUTE
    _printf_p                                0x00000000   Number         0  stubs.o ABSOLUTE
    _printf_percent                          0x00000000   Number         0  stubs.o ABSOLUTE
    _printf_pre_padding                      0x00000000   Number         0  stubs.o ABSOLUTE
    _printf_return_value                     0x00000000   Number         0  stubs.o ABSOLUTE
    _printf_s                                0x00000000   Number         0  stubs.o ABSOLUTE
    _printf_sizespec                         0x00000000   Number         0  stubs.o ABSOLUTE
    _printf_str                              0x00000000   Number         0  stubs.o ABSOLUTE
    _printf_truncate_signed                  0x00000000   Number         0  stubs.o ABSOLUTE
    _printf_truncate_unsigned                0x00000000   Number         0  stubs.o ABSOLUTE
    _printf_u                                0x00000000   Number         0  stubs.o ABSOLUTE
    _printf_wc                               0x00000000   Number         0  stubs.o ABSOLUTE
    _printf_wctomb                           0x00000000   Number         0  stubs.o ABSOLUTE
    _printf_widthprec                        0x00000000   Number         0  stubs.o ABSOLUTE
    _printf_x                                0x00000000   Number         0  stubs.o ABSOLUTE
    __cpp_initialize__aeabi_                  - Undefined Weak Reference
    __cxa_finalize                            - Undefined Weak Reference
    __decompress                              - Undefined Weak Reference
    _clock_init                               - Undefined Weak Reference
    _microlib_exit                            - Undefined Weak Reference
    __Vectors_Size                           0x00000188   Number         0  startup_stm32f407xx.o ABSOLUTE
    __RL_RTX_VER                             0x00000481   Number         0  rt_system.o ABSOLUTE
    __Vectors                                0x08000000   Data           4  startup_stm32f407xx.o(RESET)
    __Vectors_End                            0x08000188   Data           0  startup_stm32f407xx.o(RESET)
    __main                                   0x08000189   Thumb Code     0  entry.o(.ARM.Collect$$$$00000000)
    _main_stk                                0x08000189   Thumb Code     0  entry2.o(.ARM.Collect$$$$00000001)
    _main_scatterload                        0x0800018d   Thumb Code     0  entry5.o(.ARM.Collect$$$$00000004)
    __main_after_scatterload                 0x08000191   Thumb Code     0  entry5.o(.ARM.Collect$$$$00000004)
    __rt_final_cpp                           0x08000191   Thumb Code     0  entry10a.o(.ARM.Collect$$$$0000000D)
    __rt_final_exit                          0x08000191   Thumb Code     0  entry11a.o(.ARM.Collect$$$$0000000F)
    _main_clock                              0x08000191   Thumb Code     0  entry7b.o(.ARM.Collect$$$$00000008)
    _main_cpp_init                           0x08000191   Thumb Code     0  entry8b.o(.ARM.Collect$$$$0000000A)
    _main_init                               0x08000191   Thumb Code    18  rtx_conf_cm.o(.ARM.Collect$$$$000000FF)
    rt_set_PSP                               0x080001ad   Thumb Code     6  hal_cm4.o(.emb_text)
    rt_get_PSP                               0x080001b3   Thumb Code     6  hal_cm4.o(.emb_text)
    os_set_env                               0x080001b9   Thumb Code    24  hal_cm4.o(.emb_text)
    _alloc_box                               0x080001d5   Thumb Code    28  hal_cm4.o(.emb_text)
    _free_box                                0x080001f5   Thumb Code    28  hal_cm4.o(.emb_text)
    SVC_Handler                              0x08000215   Thumb Code   168  hal_cm4.o(.emb_text)
    PendSV_Handler                           0x080002cd   Thumb Code    96  hal_cm4.o(.emb_text)
    SysTick_Handler                          0x08000331   Thumb Code     8  hal_cm4.o(.emb_text)
    OS_Tick_Handler                          0x08000339   Thumb Code    12  hal_cm4.o(.emb_text)
    HAL_GetTick                              0x08000345   Thumb Code     6  main.o(.text)
    SystemClock_Config                       0x0800034b   Thumb Code   142  main.o(.text)
    initializeACC                            0x080003d9   Thumb Code    36  main.o(.text)
    main                                     0x080003fd   Thumb Code   142  main.o(.text)
    fsmEvent                                 0x0800048b   Thumb Code   618  main.o(.text)
    HAL_TIM_PeriodElapsedCallback            0x080006f5   Thumb Code   782  main.o(.text)
    HAL_GPIO_EXTI_Callback                   0x08000a03   Thumb Code  1882  main.o(.text)
    start_Thread_LED                         0x080011a9   Thumb Code    40  thread_led.o(.text)
    Thread_LED_1                             0x080011d1   Thumb Code    12  thread_led.o(.text)
    Thread_LED_2                             0x080011dd   Thumb Code    10  thread_led.o(.text)
    Thread_LED_3                             0x080011e7   Thumb Code    10  thread_led.o(.text)
    initializeLED_IO                         0x080011f1   Thumb Code    62  thread_led.o(.text)
    MX_GPIO_Init                             0x08001255   Thumb Code   614  gpio.o(.text)
    setColumnsAsInput                        0x080014dd   Thumb Code    88  keypad4x4.o(.text)
    setRowsAsInput                           0x08001535   Thumb Code    88  keypad4x4.o(.text)
    getColumnOfKeyPressed                    0x0800158d   Thumb Code    76  keypad4x4.o(.text)
    getRowOfKeyPressed                       0x080015d9   Thumb Code    76  keypad4x4.o(.text)
    getKeyPressed                            0x08001625   Thumb Code    42  keypad4x4.o(.text)
    HAL_MspInit                              0x08001665   Thumb Code    20  stm32f4xx_hal_msp.o(.text)
    EXTI0_IRQHandler                         0x08001679   Thumb Code    10  stm32f4xx_it.o(.text)
    TIM2_IRQHandler                          0x08001683   Thumb Code    10  stm32f4xx_it.o(.text)
    MX_TIM2_Init                             0x08001691   Thumb Code    70  tim.o(.text)
    HAL_TIM_MspPostInit                      0x080016d7   Thumb Code    46  tim.o(.text)
    MX_TIM4_Init_Alt                         0x08001705   Thumb Code   144  tim.o(.text)
    updatePulse                              0x08001795   Thumb Code    90  tim.o(.text)
    HAL_TIM_Base_MspInit                     0x080017ef   Thumb Code   138  tim.o(.text)
    HAL_TIM_PWM_MspInit                      0x08001879   Thumb Code   102  tim.o(.text)
    HAL_TIM_Base_MspDeInit                   0x080018df   Thumb Code    42  tim.o(.text)
    HAL_TIM_PWM_MspDeInit                    0x08001909   Thumb Code    44  tim.o(.text)
    displayNumberOn7Segment                  0x08001961   Thumb Code   754  7_segment.o(.text)
    selectTrgt7SegmentDisplayDigit           0x08001c53   Thumb Code   200  7_segment.o(.text)
    displayNumberOnTrgtDigit                 0x08001d1b   Thumb Code    20  7_segment.o(.text)
    fputc                                    0x08001d35   Thumb Code    52  fput_debug.o(.text)
    SPI_ReceiveData                          0x08001d6d   Thumb Code    10  lis3dsh.o(.text)
    LIS3DSH_TIMEOUT_UserCallback             0x08001d77   Thumb Code     4  lis3dsh.o(.text)
    SPI_SendData                             0x08001d7b   Thumb Code     6  lis3dsh.o(.text)
    LIS3DSH_Write                            0x08001ded   Thumb Code    62  lis3dsh.o(.text)
    LIS3DSH_Init                             0x08001e2b   Thumb Code   170  lis3dsh.o(.text)
    LIS3DSH_Read                             0x08001ed5   Thumb Code    70  lis3dsh.o(.text)
    LIS3DSH_DataReadyInterruptConfig         0x08001f1b   Thumb Code    42  lis3dsh.o(.text)
    LIS3DSH_LowpowerCmd                      0x08001f45   Thumb Code    40  lis3dsh.o(.text)
    LIS3DSH_DataRateCmd                      0x08001f6d   Thumb Code    44  lis3dsh.o(.text)
    LIS3DSH_FullScaleCmd                     0x08001f99   Thumb Code    44  lis3dsh.o(.text)
    LIS3DSH_ReadACC                          0x08001fc5   Thumb Code   628  lis3dsh.o(.text)
    HAL_SPI_MspInit                          0x08002239   Thumb Code   218  lis3dsh.o(.text)
    os_idle_demon                            0x0800232d   Thumb Code     4  rtx_conf_cm.o(.text)
    os_error                                 0x08002331   Thumb Code    34  rtx_conf_cm.o(.text)
    HAL_InitTick                             0x0800235f   Thumb Code    36  stm32f4xx_hal.o(.text)
    HAL_Init                                 0x08002383   Thumb Code    54  stm32f4xx_hal.o(.text)
    HAL_MspDeInit                            0x080023b9   Thumb Code    10  stm32f4xx_hal.o(.text)
    HAL_DeInit                               0x080023c3   Thumb Code    64  stm32f4xx_hal.o(.text)
    HAL_IncTick                              0x08002403   Thumb Code    12  stm32f4xx_hal.o(.text)
    HAL_Delay                                0x08002415   Thumb Code    26  stm32f4xx_hal.o(.text)
    HAL_SuspendTick                          0x0800242f   Thumb Code    18  stm32f4xx_hal.o(.text)
    HAL_ResumeTick                           0x08002441   Thumb Code    18  stm32f4xx_hal.o(.text)
    HAL_GetHalVersion                        0x08002453   Thumb Code     4  stm32f4xx_hal.o(.text)
    HAL_GetREVID                             0x08002457   Thumb Code     8  stm32f4xx_hal.o(.text)
    HAL_GetDEVID                             0x0800245f   Thumb Code    10  stm32f4xx_hal.o(.text)
    HAL_DBGMCU_EnableDBGSleepMode            0x08002469   Thumb Code    14  stm32f4xx_hal.o(.text)
    HAL_DBGMCU_DisableDBGSleepMode           0x08002477   Thumb Code    14  stm32f4xx_hal.o(.text)
    HAL_DBGMCU_EnableDBGStopMode             0x08002485   Thumb Code    14  stm32f4xx_hal.o(.text)
    HAL_DBGMCU_DisableDBGStopMode            0x08002493   Thumb Code    14  stm32f4xx_hal.o(.text)
    HAL_DBGMCU_EnableDBGStandbyMode          0x080024a1   Thumb Code    14  stm32f4xx_hal.o(.text)
    HAL_DBGMCU_DisableDBGStandbyMode         0x080024af   Thumb Code    14  stm32f4xx_hal.o(.text)
    HAL_EnableCompensationCell               0x080024bd   Thumb Code    22  stm32f4xx_hal.o(.text)
    HAL_DisableCompensationCell              0x080024d3   Thumb Code    24  stm32f4xx_hal.o(.text)
    HAL_NVIC_SetPriorityGrouping             0x08002525   Thumb Code    36  stm32f4xx_hal_cortex.o(.text)
    HAL_NVIC_SetPriority                     0x08002549   Thumb Code   124  stm32f4xx_hal_cortex.o(.text)
    HAL_NVIC_EnableIRQ                       0x080025c5   Thumb Code    32  stm32f4xx_hal_cortex.o(.text)
    HAL_NVIC_DisableIRQ                      0x080025e5   Thumb Code    30  stm32f4xx_hal_cortex.o(.text)
    HAL_NVIC_SystemReset                     0x08002603   Thumb Code    64  stm32f4xx_hal_cortex.o(.text)
    HAL_SYSTICK_Config                       0x08002643   Thumb Code    52  stm32f4xx_hal_cortex.o(.text)
    HAL_MPU_ConfigRegion                     0x08002677   Thumb Code    90  stm32f4xx_hal_cortex.o(.text)
    HAL_NVIC_GetPriorityGrouping             0x080026d1   Thumb Code     8  stm32f4xx_hal_cortex.o(.text)
    HAL_NVIC_GetPriority                     0x080026d9   Thumb Code   138  stm32f4xx_hal_cortex.o(.text)
    HAL_NVIC_SetPendingIRQ                   0x08002763   Thumb Code    32  stm32f4xx_hal_cortex.o(.text)
    HAL_NVIC_GetPendingIRQ                   0x08002783   Thumb Code    46  stm32f4xx_hal_cortex.o(.text)
    HAL_NVIC_ClearPendingIRQ                 0x080027b1   Thumb Code    30  stm32f4xx_hal_cortex.o(.text)
    HAL_NVIC_GetActive                       0x080027cf   Thumb Code    46  stm32f4xx_hal_cortex.o(.text)
    HAL_SYSTICK_CLKSourceConfig              0x080027fd   Thumb Code    40  stm32f4xx_hal_cortex.o(.text)
    HAL_SYSTICK_Callback                     0x08002825   Thumb Code    10  stm32f4xx_hal_cortex.o(.text)
    HAL_SYSTICK_IRQHandler                   0x0800282f   Thumb Code     8  stm32f4xx_hal_cortex.o(.text)
    HAL_DMA_Init                             0x08002887   Thumb Code   128  stm32f4xx_hal_dma.o(.text)
    HAL_DMA_DeInit                           0x08002907   Thumb Code   100  stm32f4xx_hal_dma.o(.text)
    HAL_DMA_Start                            0x08002997   Thumb Code    82  stm32f4xx_hal_dma.o(.text)
    HAL_DMA_Start_IT                         0x080029e9   Thumb Code   106  stm32f4xx_hal_dma.o(.text)
    HAL_DMA_Abort                            0x08002a53   Thumb Code    94  stm32f4xx_hal_dma.o(.text)
    HAL_DMA_PollForTransfer                  0x08002ab1   Thumb Code   412  stm32f4xx_hal_dma.o(.text)
    HAL_DMA_IRQHandler                       0x08002c4d   Thumb Code   530  stm32f4xx_hal_dma.o(.text)
    HAL_DMA_GetState                         0x08002e5f   Thumb Code     8  stm32f4xx_hal_dma.o(.text)
    HAL_DMA_GetError                         0x08002e67   Thumb Code     6  stm32f4xx_hal_dma.o(.text)
    HAL_GPIO_Init                            0x08002e71   Thumb Code   476  stm32f4xx_hal_gpio.o(.text)
    HAL_GPIO_DeInit                          0x0800304d   Thumb Code   326  stm32f4xx_hal_gpio.o(.text)
    HAL_GPIO_ReadPin                         0x08003193   Thumb Code    16  stm32f4xx_hal_gpio.o(.text)
    HAL_GPIO_WritePin                        0x080031a3   Thumb Code    12  stm32f4xx_hal_gpio.o(.text)
    HAL_GPIO_TogglePin                       0x080031af   Thumb Code     8  stm32f4xx_hal_gpio.o(.text)
    HAL_GPIO_LockPin                         0x080031b7   Thumb Code    46  stm32f4xx_hal_gpio.o(.text)
    HAL_GPIO_EXTI_IRQHandler                 0x080031ef   Thumb Code    28  stm32f4xx_hal_gpio.o(.text)
    HAL_RCC_OscConfig                        0x0800323f   Thumb Code  1032  stm32f4xx_hal_rcc.o(.text)
    HAL_RCC_ClockConfig                      0x08003647   Thumb Code   680  stm32f4xx_hal_rcc.o(.text)
    HAL_RCC_MCOConfig                        0x080038ef   Thumb Code   178  stm32f4xx_hal_rcc.o(.text)
    HAL_RCC_EnableCSS                        0x080039a1   Thumb Code     8  stm32f4xx_hal_rcc.o(.text)
    HAL_RCC_DisableCSS                       0x080039a9   Thumb Code     8  stm32f4xx_hal_rcc.o(.text)
    HAL_RCC_GetSysClockFreq                  0x080039b1   Thumb Code   198  stm32f4xx_hal_rcc.o(.text)
    HAL_RCC_GetHCLKFreq                      0x08003a77   Thumb Code    42  stm32f4xx_hal_rcc.o(.text)
    HAL_RCC_GetPCLK1Freq                     0x08003aa1   Thumb Code    36  stm32f4xx_hal_rcc.o(.text)
    HAL_RCC_GetPCLK2Freq                     0x08003ac5   Thumb Code    36  stm32f4xx_hal_rcc.o(.text)
    HAL_RCC_GetOscConfig                     0x08003ae9   Thumb Code   296  stm32f4xx_hal_rcc.o(.text)
    HAL_RCC_GetClockConfig                   0x08003c11   Thumb Code    58  stm32f4xx_hal_rcc.o(.text)
    HAL_RCC_CSSCallback                      0x08003c4b   Thumb Code    10  stm32f4xx_hal_rcc.o(.text)
    HAL_RCC_NMI_IRQHandler                   0x08003c55   Thumb Code    30  stm32f4xx_hal_rcc.o(.text)
    HAL_SPI_Init                             0x08003c8b   Thumb Code   136  stm32f4xx_hal_spi.o(.text)
    HAL_SPI_MspDeInit                        0x08003d13   Thumb Code     2  stm32f4xx_hal_spi.o(.text)
    HAL_SPI_DeInit                           0x08003d15   Thumb Code    48  stm32f4xx_hal_spi.o(.text)
    HAL_SPI_Transmit                         0x08003e59   Thumb Code   450  stm32f4xx_hal_spi.o(.text)
    HAL_SPI_TransmitReceive                  0x0800401b   Thumb Code   850  stm32f4xx_hal_spi.o(.text)
    HAL_SPI_Receive                          0x0800436d   Thumb Code   572  stm32f4xx_hal_spi.o(.text)
    HAL_SPI_ErrorCallback                    0x080045a9   Thumb Code     2  stm32f4xx_hal_spi.o(.text)
    HAL_SPI_TxCpltCallback                   0x080045ab   Thumb Code     2  stm32f4xx_hal_spi.o(.text)
    HAL_SPI_TxRxCpltCallback                 0x080045ad   Thumb Code     2  stm32f4xx_hal_spi.o(.text)
    HAL_SPI_Transmit_IT                      0x0800469d   Thumb Code   198  stm32f4xx_hal_spi.o(.text)
    HAL_SPI_RxCpltCallback                   0x08004763   Thumb Code     2  stm32f4xx_hal_spi.o(.text)
    HAL_SPI_TransmitReceive_IT               0x0800488b   Thumb Code   192  stm32f4xx_hal_spi.o(.text)
    HAL_SPI_Receive_IT                       0x0800499d   Thumb Code   222  stm32f4xx_hal_spi.o(.text)
    HAL_SPI_TxHalfCpltCallback               0x08004b2b   Thumb Code     2  stm32f4xx_hal_spi.o(.text)
    HAL_SPI_Transmit_DMA                     0x08004b3b   Thumb Code   218  stm32f4xx_hal_spi.o(.text)
    HAL_SPI_RxHalfCpltCallback               0x08004d8d   Thumb Code     2  stm32f4xx_hal_spi.o(.text)
    HAL_SPI_TxRxHalfCpltCallback             0x08004dd5   Thumb Code     2  stm32f4xx_hal_spi.o(.text)
    HAL_SPI_TransmitReceive_DMA              0x08004de5   Thumb Code   324  stm32f4xx_hal_spi.o(.text)
    HAL_SPI_Receive_DMA                      0x08004f29   Thumb Code   288  stm32f4xx_hal_spi.o(.text)
    HAL_SPI_DMAPause                         0x08005049   Thumb Code    62  stm32f4xx_hal_spi.o(.text)
    HAL_SPI_DMAResume                        0x08005087   Thumb Code    62  stm32f4xx_hal_spi.o(.text)
    HAL_SPI_DMAStop                          0x080050c5   Thumb Code    58  stm32f4xx_hal_spi.o(.text)
    HAL_SPI_IRQHandler                       0x080050ff   Thumb Code   262  stm32f4xx_hal_spi.o(.text)
    HAL_SPI_GetState                         0x08005205   Thumb Code     8  stm32f4xx_hal_spi.o(.text)
    HAL_SPI_GetError                         0x0800520d   Thumb Code     6  stm32f4xx_hal_spi.o(.text)
    TIM_Base_SetConfig                       0x08005221   Thumb Code   184  stm32f4xx_hal_tim.o(.text)
    HAL_TIM_Base_Init                        0x080052db   Thumb Code    52  stm32f4xx_hal_tim.o(.text)
    HAL_TIM_Base_DeInit                      0x08005311   Thumb Code    70  stm32f4xx_hal_tim.o(.text)
    HAL_TIM_Base_Start                       0x08005357   Thumb Code    30  stm32f4xx_hal_tim.o(.text)
    HAL_TIM_Base_Stop                        0x08005375   Thumb Code    56  stm32f4xx_hal_tim.o(.text)
    HAL_TIM_Base_Start_IT                    0x080053ad   Thumb Code    30  stm32f4xx_hal_tim.o(.text)
    HAL_TIM_Base_Stop_IT                     0x080053cb   Thumb Code    56  stm32f4xx_hal_tim.o(.text)
    HAL_TIM_ErrorCallback                    0x08005403   Thumb Code     2  stm32f4xx_hal_tim.o(.text)
    TIM_DMAError                             0x08005405   Thumb Code    20  stm32f4xx_hal_tim.o(.text)
    HAL_TIM_Base_Start_DMA                   0x0800542f   Thumb Code    98  stm32f4xx_hal_tim.o(.text)
    HAL_TIM_Base_Stop_DMA                    0x08005491   Thumb Code    62  stm32f4xx_hal_tim.o(.text)
    HAL_TIM_OC_MspInit                       0x080054cf   Thumb Code     2  stm32f4xx_hal_tim.o(.text)
    HAL_TIM_OC_Init                          0x080054d1   Thumb Code    52  stm32f4xx_hal_tim.o(.text)
    HAL_TIM_OC_MspDeInit                     0x08005505   Thumb Code     2  stm32f4xx_hal_tim.o(.text)
    HAL_TIM_OC_DeInit                        0x08005507   Thumb Code    70  stm32f4xx_hal_tim.o(.text)
    TIM_CCxChannelCmd                        0x0800554d   Thumb Code    28  stm32f4xx_hal_tim.o(.text)
    HAL_TIM_OC_Start                         0x08005569   Thumb Code    68  stm32f4xx_hal_tim.o(.text)
    HAL_TIM_OC_Stop                          0x080055ad   Thumb Code   170  stm32f4xx_hal_tim.o(.text)
    HAL_TIM_OC_Start_IT                      0x08005657   Thumb Code   144  stm32f4xx_hal_tim.o(.text)
    HAL_TIM_OC_Stop_IT                       0x080056e7   Thumb Code   196  stm32f4xx_hal_tim.o(.text)
    HAL_TIM_PWM_PulseFinishedCallback        0x080057ab   Thumb Code     2  stm32f4xx_hal_tim.o(.text)
    TIM_DMADelayPulseCplt                    0x080057ad   Thumb Code    70  stm32f4xx_hal_tim.o(.text)
    HAL_TIM_OC_Start_DMA                     0x080057f3   Thumb Code   312  stm32f4xx_hal_tim.o(.text)
    HAL_TIM_OC_Stop_DMA                      0x0800592b   Thumb Code   202  stm32f4xx_hal_tim.o(.text)
    HAL_TIM_PWM_Init                         0x080059f7   Thumb Code    52  stm32f4xx_hal_tim.o(.text)
    HAL_TIM_PWM_DeInit                       0x08005a2d   Thumb Code    70  stm32f4xx_hal_tim.o(.text)
    HAL_TIM_PWM_Start                        0x08005a73   Thumb Code    78  stm32f4xx_hal_tim.o(.text)
    HAL_TIM_PWM_Stop                         0x08005ac1   Thumb Code   126  stm32f4xx_hal_tim.o(.text)
    HAL_TIM_PWM_Start_IT                     0x08005b3f   Thumb Code   144  stm32f4xx_hal_tim.o(.text)
    HAL_TIM_PWM_Stop_IT                      0x08005bcf   Thumb Code   196  stm32f4xx_hal_tim.o(.text)
    HAL_TIM_PWM_Start_DMA                    0x08005c93   Thumb Code   312  stm32f4xx_hal_tim.o(.text)
    HAL_TIM_PWM_Stop_DMA                     0x08005dcb   Thumb Code   202  stm32f4xx_hal_tim.o(.text)
    HAL_TIM_IC_MspInit                       0x08005e95   Thumb Code     2  stm32f4xx_hal_tim.o(.text)
    HAL_TIM_IC_Init                          0x08005e97   Thumb Code    62  stm32f4xx_hal_tim.o(.text)
    HAL_TIM_IC_MspDeInit                     0x08005ed5   Thumb Code     2  stm32f4xx_hal_tim.o(.text)
    HAL_TIM_IC_DeInit                        0x08005ed7   Thumb Code    70  stm32f4xx_hal_tim.o(.text)
    HAL_TIM_IC_Start                         0x08005f1d   Thumb Code    32  stm32f4xx_hal_tim.o(.text)
    HAL_TIM_IC_Stop                          0x08005f3d   Thumb Code    58  stm32f4xx_hal_tim.o(.text)
    HAL_TIM_IC_Start_IT                      0x08005f77   Thumb Code   108  stm32f4xx_hal_tim.o(.text)
    HAL_TIM_IC_Stop_IT                       0x08005fe3   Thumb Code   134  stm32f4xx_hal_tim.o(.text)
    HAL_TIM_IC_CaptureCallback               0x08006069   Thumb Code     2  stm32f4xx_hal_tim.o(.text)
    TIM_DMACaptureCplt                       0x0800606b   Thumb Code    70  stm32f4xx_hal_tim.o(.text)
    HAL_TIM_IC_Start_DMA                     0x080060b1   Thumb Code   276  stm32f4xx_hal_tim.o(.text)
    HAL_TIM_IC_Stop_DMA                      0x080061c5   Thumb Code   140  stm32f4xx_hal_tim.o(.text)
    HAL_TIM_OnePulse_MspInit                 0x08006251   Thumb Code     2  stm32f4xx_hal_tim.o(.text)
    HAL_TIM_OnePulse_Init                    0x08006253   Thumb Code    76  stm32f4xx_hal_tim.o(.text)
    HAL_TIM_OnePulse_MspDeInit               0x0800629f   Thumb Code     2  stm32f4xx_hal_tim.o(.text)
    HAL_TIM_OnePulse_DeInit                  0x080062a1   Thumb Code    70  stm32f4xx_hal_tim.o(.text)
    HAL_TIM_OnePulse_Start                   0x080062e7   Thumb Code    66  stm32f4xx_hal_tim.o(.text)
    HAL_TIM_OnePulse_Stop                    0x08006329   Thumb Code   130  stm32f4xx_hal_tim.o(.text)
    HAL_TIM_OnePulse_Start_IT                0x080063ab   Thumb Code    90  stm32f4xx_hal_tim.o(.text)
    HAL_TIM_OnePulse_Stop_IT                 0x08006405   Thumb Code   154  stm32f4xx_hal_tim.o(.text)
    HAL_TIM_Encoder_MspInit                  0x0800649f   Thumb Code     2  stm32f4xx_hal_tim.o(.text)
    HAL_TIM_Encoder_Init                     0x080064a1   Thumb Code   180  stm32f4xx_hal_tim.o(.text)
    HAL_TIM_Encoder_MspDeInit                0x08006555   Thumb Code     2  stm32f4xx_hal_tim.o(.text)
    HAL_TIM_Encoder_DeInit                   0x08006557   Thumb Code    70  stm32f4xx_hal_tim.o(.text)
    HAL_TIM_Encoder_Start                    0x0800659d   Thumb Code    78  stm32f4xx_hal_tim.o(.text)
    HAL_TIM_Encoder_Stop                     0x080065eb   Thumb Code   104  stm32f4xx_hal_tim.o(.text)
    HAL_TIM_Encoder_Start_IT                 0x08006653   Thumb Code   126  stm32f4xx_hal_tim.o(.text)
    HAL_TIM_Encoder_Stop_IT                  0x080066d1   Thumb Code   160  stm32f4xx_hal_tim.o(.text)
    HAL_TIM_Encoder_Start_DMA                0x08006771   Thumb Code   328  stm32f4xx_hal_tim.o(.text)
    HAL_TIM_Encoder_Stop_DMA                 0x080068b9   Thumb Code   152  stm32f4xx_hal_tim.o(.text)
    HAL_TIM_TriggerCallback                  0x08006951   Thumb Code     2  stm32f4xx_hal_tim.o(.text)
    HAL_TIM_OC_DelayElapsedCallback          0x08006953   Thumb Code     2  stm32f4xx_hal_tim.o(.text)
    HAL_TIM_IRQHandler                       0x08006955   Thumb Code   406  stm32f4xx_hal_tim.o(.text)
    TIM_OC2_SetConfig                        0x08006bbd   Thumb Code   112  stm32f4xx_hal_tim.o(.text)
    HAL_TIM_OC_ConfigChannel                 0x08006c93   Thumb Code   116  stm32f4xx_hal_tim.o(.text)
    TIM_TI1_SetConfig                        0x08006dc1   Thumb Code   122  stm32f4xx_hal_tim.o(.text)
    HAL_TIM_IC_ConfigChannel                 0x08006e3b   Thumb Code   224  stm32f4xx_hal_tim.o(.text)
    HAL_TIM_PWM_ConfigChannel                0x08006f1b   Thumb Code   294  stm32f4xx_hal_tim.o(.text)
    HAL_TIM_OnePulse_ConfigChannel           0x08007041   Thumb Code   286  stm32f4xx_hal_tim.o(.text)
    HAL_TIM_DMABurst_WriteStart              0x08007173   Thumb Code   366  stm32f4xx_hal_tim.o(.text)
    HAL_TIM_DMABurst_WriteStop               0x080072e1   Thumb Code   128  stm32f4xx_hal_tim.o(.text)
    HAL_TIM_DMABurst_ReadStart               0x08007361   Thumb Code   366  stm32f4xx_hal_tim.o(.text)
    HAL_TIM_DMABurst_ReadStop                0x080074cf   Thumb Code   128  stm32f4xx_hal_tim.o(.text)
    HAL_TIM_GenerateEvent                    0x0800754f   Thumb Code    54  stm32f4xx_hal_tim.o(.text)
    HAL_TIM_ConfigOCrefClear                 0x0800759d   Thumb Code   252  stm32f4xx_hal_tim.o(.text)
    HAL_TIM_ConfigClockSource                0x08007703   Thumb Code   306  stm32f4xx_hal_tim.o(.text)
    HAL_TIM_ConfigTI1Input                   0x08007835   Thumb Code    24  stm32f4xx_hal_tim.o(.text)
    HAL_TIM_SlaveConfigSynchronization       0x080078f1   Thumb Code    86  stm32f4xx_hal_tim.o(.text)
    HAL_TIM_SlaveConfigSynchronization_IT    0x08007947   Thumb Code    86  stm32f4xx_hal_tim.o(.text)
    HAL_TIM_ReadCapturedValue                0x0800799d   Thumb Code    84  stm32f4xx_hal_tim.o(.text)
    HAL_TIM_Base_GetState                    0x080079f1   Thumb Code     8  stm32f4xx_hal_tim.o(.text)
    HAL_TIM_OC_GetState                      0x080079f9   Thumb Code     8  stm32f4xx_hal_tim.o(.text)
    HAL_TIM_PWM_GetState                     0x08007a01   Thumb Code     8  stm32f4xx_hal_tim.o(.text)
    HAL_TIM_IC_GetState                      0x08007a09   Thumb Code     8  stm32f4xx_hal_tim.o(.text)
    HAL_TIM_OnePulse_GetState                0x08007a11   Thumb Code     8  stm32f4xx_hal_tim.o(.text)
    HAL_TIM_Encoder_GetState                 0x08007a19   Thumb Code     8  stm32f4xx_hal_tim.o(.text)
    HAL_TIMEx_HallSensor_MspInit             0x08007a21   Thumb Code     2  stm32f4xx_hal_tim_ex.o(.text)
    HAL_TIMEx_HallSensor_Init                0x08007a23   Thumb Code   196  stm32f4xx_hal_tim_ex.o(.text)
    HAL_TIMEx_HallSensor_MspDeInit           0x08007ae7   Thumb Code     2  stm32f4xx_hal_tim_ex.o(.text)
    HAL_TIMEx_HallSensor_DeInit              0x08007ae9   Thumb Code    70  stm32f4xx_hal_tim_ex.o(.text)
    HAL_TIMEx_HallSensor_Start               0x08007b2f   Thumb Code    30  stm32f4xx_hal_tim_ex.o(.text)
    HAL_TIMEx_HallSensor_Stop                0x08007b4d   Thumb Code    56  stm32f4xx_hal_tim_ex.o(.text)
    HAL_TIMEx_HallSensor_Start_IT            0x08007b85   Thumb Code    42  stm32f4xx_hal_tim_ex.o(.text)
    HAL_TIMEx_HallSensor_Stop_IT             0x08007baf   Thumb Code    68  stm32f4xx_hal_tim_ex.o(.text)
    HAL_TIMEx_HallSensor_Start_DMA           0x08007bf3   Thumb Code   106  stm32f4xx_hal_tim_ex.o(.text)
    HAL_TIMEx_HallSensor_Stop_DMA            0x08007c5d   Thumb Code    68  stm32f4xx_hal_tim_ex.o(.text)
    HAL_TIMEx_OCN_Start                      0x08007cbd   Thumb Code    44  stm32f4xx_hal_tim_ex.o(.text)
    HAL_TIMEx_OCN_Stop                       0x08007ce9   Thumb Code    96  stm32f4xx_hal_tim_ex.o(.text)
    HAL_TIMEx_OCN_Start_IT                   0x08007d49   Thumb Code   132  stm32f4xx_hal_tim_ex.o(.text)
    HAL_TIMEx_OCN_Stop_IT                    0x08007dcd   Thumb Code   196  stm32f4xx_hal_tim_ex.o(.text)
    HAL_TIMEx_OCN_Start_DMA                  0x08007e91   Thumb Code   272  stm32f4xx_hal_tim_ex.o(.text)
    HAL_TIMEx_OCN_Stop_DMA                   0x08007fa1   Thumb Code   192  stm32f4xx_hal_tim_ex.o(.text)
    HAL_TIMEx_PWMN_Start                     0x08008061   Thumb Code    44  stm32f4xx_hal_tim_ex.o(.text)
    HAL_TIMEx_PWMN_Stop                      0x0800808d   Thumb Code    96  stm32f4xx_hal_tim_ex.o(.text)
    HAL_TIMEx_PWMN_Start_IT                  0x080080ed   Thumb Code   132  stm32f4xx_hal_tim_ex.o(.text)
    HAL_TIMEx_PWMN_Stop_IT                   0x08008171   Thumb Code   196  stm32f4xx_hal_tim_ex.o(.text)
    HAL_TIMEx_PWMN_Start_DMA                 0x08008235   Thumb Code   272  stm32f4xx_hal_tim_ex.o(.text)
    HAL_TIMEx_PWMN_Stop_DMA                  0x08008345   Thumb Code   178  stm32f4xx_hal_tim_ex.o(.text)
    HAL_TIMEx_OnePulseN_Start                0x080083f7   Thumb Code    32  stm32f4xx_hal_tim_ex.o(.text)
    HAL_TIMEx_OnePulseN_Stop                 0x08008417   Thumb Code    96  stm32f4xx_hal_tim_ex.o(.text)
    HAL_TIMEx_OnePulseN_Start_IT             0x08008477   Thumb Code    56  stm32f4xx_hal_tim_ex.o(.text)
    HAL_TIMEx_OnePulseN_Stop_IT              0x080084af   Thumb Code   120  stm32f4xx_hal_tim_ex.o(.text)
    HAL_TIMEx_ConfigCommutationEvent         0x08008527   Thumb Code   110  stm32f4xx_hal_tim_ex.o(.text)
    HAL_TIMEx_ConfigCommutationEvent_IT      0x08008595   Thumb Code   122  stm32f4xx_hal_tim_ex.o(.text)
    HAL_TIMEx_CommutationCallback            0x0800860f   Thumb Code     2  stm32f4xx_hal_tim_ex.o(.text)
    TIMEx_DMACommutationCplt                 0x08008611   Thumb Code    20  stm32f4xx_hal_tim_ex.o(.text)
    HAL_TIMEx_ConfigCommutationEvent_DMA     0x08008625   Thumb Code   146  stm32f4xx_hal_tim_ex.o(.text)
    HAL_TIMEx_MasterConfigSynchronization    0x080086b7   Thumb Code    98  stm32f4xx_hal_tim_ex.o(.text)
    HAL_TIMEx_ConfigBreakDeadTime            0x08008719   Thumb Code    80  stm32f4xx_hal_tim_ex.o(.text)
    HAL_TIMEx_RemapConfig                    0x08008769   Thumb Code    48  stm32f4xx_hal_tim_ex.o(.text)
    HAL_TIMEx_BreakCallback                  0x08008799   Thumb Code     2  stm32f4xx_hal_tim_ex.o(.text)
    HAL_TIMEx_HallSensor_GetState            0x0800879b   Thumb Code     8  stm32f4xx_hal_tim_ex.o(.text)
    Reset_Handler                            0x080087a9   Thumb Code     8  startup_stm32f407xx.o(.text)
    NMI_Handler                              0x080087b1   Thumb Code     2  startup_stm32f407xx.o(.text)
    HardFault_Handler                        0x080087b3   Thumb Code     2  startup_stm32f407xx.o(.text)
    MemManage_Handler                        0x080087b5   Thumb Code     2  startup_stm32f407xx.o(.text)
    BusFault_Handler                         0x080087b7   Thumb Code     2  startup_stm32f407xx.o(.text)
    UsageFault_Handler                       0x080087b9   Thumb Code     2  startup_stm32f407xx.o(.text)
    DebugMon_Handler                         0x080087bd   Thumb Code     2  startup_stm32f407xx.o(.text)
    ADC_IRQHandler                           0x080087c3   Thumb Code     0  startup_stm32f407xx.o(.text)
    CAN1_RX0_IRQHandler                      0x080087c3   Thumb Code     0  startup_stm32f407xx.o(.text)
    CAN1_RX1_IRQHandler                      0x080087c3   Thumb Code     0  startup_stm32f407xx.o(.text)
    CAN1_SCE_IRQHandler                      0x080087c3   Thumb Code     0  startup_stm32f407xx.o(.text)
    CAN1_TX_IRQHandler                       0x080087c3   Thumb Code     0  startup_stm32f407xx.o(.text)
    CAN2_RX0_IRQHandler                      0x080087c3   Thumb Code     0  startup_stm32f407xx.o(.text)
    CAN2_RX1_IRQHandler                      0x080087c3   Thumb Code     0  startup_stm32f407xx.o(.text)
    CAN2_SCE_IRQHandler                      0x080087c3   Thumb Code     0  startup_stm32f407xx.o(.text)
    CAN2_TX_IRQHandler                       0x080087c3   Thumb Code     0  startup_stm32f407xx.o(.text)
    DCMI_IRQHandler                          0x080087c3   Thumb Code     0  startup_stm32f407xx.o(.text)
    DMA1_Stream0_IRQHandler                  0x080087c3   Thumb Code     0  startup_stm32f407xx.o(.text)
    DMA1_Stream1_IRQHandler                  0x080087c3   Thumb Code     0  startup_stm32f407xx.o(.text)
    DMA1_Stream2_IRQHandler                  0x080087c3   Thumb Code     0  startup_stm32f407xx.o(.text)
    DMA1_Stream3_IRQHandler                  0x080087c3   Thumb Code     0  startup_stm32f407xx.o(.text)
    DMA1_Stream4_IRQHandler                  0x080087c3   Thumb Code     0  startup_stm32f407xx.o(.text)
    DMA1_Stream5_IRQHandler                  0x080087c3   Thumb Code     0  startup_stm32f407xx.o(.text)
    DMA1_Stream6_IRQHandler                  0x080087c3   Thumb Code     0  startup_stm32f407xx.o(.text)
    DMA1_Stream7_IRQHandler                  0x080087c3   Thumb Code     0  startup_stm32f407xx.o(.text)
    DMA2_Stream0_IRQHandler                  0x080087c3   Thumb Code     0  startup_stm32f407xx.o(.text)
    DMA2_Stream1_IRQHandler                  0x080087c3   Thumb Code     0  startup_stm32f407xx.o(.text)
    DMA2_Stream2_IRQHandler                  0x080087c3   Thumb Code     0  startup_stm32f407xx.o(.text)
    DMA2_Stream3_IRQHandler                  0x080087c3   Thumb Code     0  startup_stm32f407xx.o(.text)
    DMA2_Stream4_IRQHandler                  0x080087c3   Thumb Code     0  startup_stm32f407xx.o(.text)
    DMA2_Stream5_IRQHandler                  0x080087c3   Thumb Code     0  startup_stm32f407xx.o(.text)
    DMA2_Stream6_IRQHandler                  0x080087c3   Thumb Code     0  startup_stm32f407xx.o(.text)
    DMA2_Stream7_IRQHandler                  0x080087c3   Thumb Code     0  startup_stm32f407xx.o(.text)
    ETH_IRQHandler                           0x080087c3   Thumb Code     0  startup_stm32f407xx.o(.text)
    ETH_WKUP_IRQHandler                      0x080087c3   Thumb Code     0  startup_stm32f407xx.o(.text)
    EXTI15_10_IRQHandler                     0x080087c3   Thumb Code     0  startup_stm32f407xx.o(.text)
    EXTI1_IRQHandler                         0x080087c3   Thumb Code     0  startup_stm32f407xx.o(.text)
    EXTI2_IRQHandler                         0x080087c3   Thumb Code     0  startup_stm32f407xx.o(.text)
    EXTI3_IRQHandler                         0x080087c3   Thumb Code     0  startup_stm32f407xx.o(.text)
    EXTI4_IRQHandler                         0x080087c3   Thumb Code     0  startup_stm32f407xx.o(.text)
    EXTI9_5_IRQHandler                       0x080087c3   Thumb Code     0  startup_stm32f407xx.o(.text)
    FLASH_IRQHandler                         0x080087c3   Thumb Code     0  startup_stm32f407xx.o(.text)
    FMC_IRQHandler                           0x080087c3   Thumb Code     0  startup_stm32f407xx.o(.text)
    FPU_IRQHandler                           0x080087c3   Thumb Code     0  startup_stm32f407xx.o(.text)
    HASH_RNG_IRQHandler                      0x080087c3   Thumb Code     0  startup_stm32f407xx.o(.text)
    I2C1_ER_IRQHandler                       0x080087c3   Thumb Code     0  startup_stm32f407xx.o(.text)
    I2C1_EV_IRQHandler                       0x080087c3   Thumb Code     0  startup_stm32f407xx.o(.text)
    I2C2_ER_IRQHandler                       0x080087c3   Thumb Code     0  startup_stm32f407xx.o(.text)
    I2C2_EV_IRQHandler                       0x080087c3   Thumb Code     0  startup_stm32f407xx.o(.text)
    I2C3_ER_IRQHandler                       0x080087c3   Thumb Code     0  startup_stm32f407xx.o(.text)
    I2C3_EV_IRQHandler                       0x080087c3   Thumb Code     0  startup_stm32f407xx.o(.text)
    OTG_FS_IRQHandler                        0x080087c3   Thumb Code     0  startup_stm32f407xx.o(.text)
    OTG_FS_WKUP_IRQHandler                   0x080087c3   Thumb Code     0  startup_stm32f407xx.o(.text)
    OTG_HS_EP1_IN_IRQHandler                 0x080087c3   Thumb Code     0  startup_stm32f407xx.o(.text)
    OTG_HS_EP1_OUT_IRQHandler                0x080087c3   Thumb Code     0  startup_stm32f407xx.o(.text)
    OTG_HS_IRQHandler                        0x080087c3   Thumb Code     0  startup_stm32f407xx.o(.text)
    OTG_HS_WKUP_IRQHandler                   0x080087c3   Thumb Code     0  startup_stm32f407xx.o(.text)
    PVD_IRQHandler                           0x080087c3   Thumb Code     0  startup_stm32f407xx.o(.text)
    RCC_IRQHandler                           0x080087c3   Thumb Code     0  startup_stm32f407xx.o(.text)
    RTC_Alarm_IRQHandler                     0x080087c3   Thumb Code     0  startup_stm32f407xx.o(.text)
    RTC_WKUP_IRQHandler                      0x080087c3   Thumb Code     0  startup_stm32f407xx.o(.text)
    SDIO_IRQHandler                          0x080087c3   Thumb Code     0  startup_stm32f407xx.o(.text)
    SPI1_IRQHandler                          0x080087c3   Thumb Code     0  startup_stm32f407xx.o(.text)
    SPI2_IRQHandler                          0x080087c3   Thumb Code     0  startup_stm32f407xx.o(.text)
    SPI3_IRQHandler                          0x080087c3   Thumb Code     0  startup_stm32f407xx.o(.text)
    TAMP_STAMP_IRQHandler                    0x080087c3   Thumb Code     0  startup_stm32f407xx.o(.text)
    TIM1_BRK_TIM9_IRQHandler                 0x080087c3   Thumb Code     0  startup_stm32f407xx.o(.text)
    TIM1_CC_IRQHandler                       0x080087c3   Thumb Code     0  startup_stm32f407xx.o(.text)
    TIM1_TRG_COM_TIM11_IRQHandler            0x080087c3   Thumb Code     0  startup_stm32f407xx.o(.text)
    TIM1_UP_TIM10_IRQHandler                 0x080087c3   Thumb Code     0  startup_stm32f407xx.o(.text)
    TIM3_IRQHandler                          0x080087c3   Thumb Code     0  startup_stm32f407xx.o(.text)
    TIM4_IRQHandler                          0x080087c3   Thumb Code     0  startup_stm32f407xx.o(.text)
    TIM5_IRQHandler                          0x080087c3   Thumb Code     0  startup_stm32f407xx.o(.text)
    TIM6_DAC_IRQHandler                      0x080087c3   Thumb Code     0  startup_stm32f407xx.o(.text)
    TIM7_IRQHandler                          0x080087c3   Thumb Code     0  startup_stm32f407xx.o(.text)
    TIM8_BRK_TIM12_IRQHandler                0x080087c3   Thumb Code     0  startup_stm32f407xx.o(.text)
    TIM8_CC_IRQHandler                       0x080087c3   Thumb Code     0  startup_stm32f407xx.o(.text)
    TIM8_TRG_COM_TIM14_IRQHandler            0x080087c3   Thumb Code     0  startup_stm32f407xx.o(.text)
    TIM8_UP_TIM13_IRQHandler                 0x080087c3   Thumb Code     0  startup_stm32f407xx.o(.text)
    UART4_IRQHandler                         0x080087c3   Thumb Code     0  startup_stm32f407xx.o(.text)
    UART5_IRQHandler                         0x080087c3   Thumb Code     0  startup_stm32f407xx.o(.text)
    USART1_IRQHandler                        0x080087c3   Thumb Code     0  startup_stm32f407xx.o(.text)
    USART2_IRQHandler                        0x080087c3   Thumb Code     0  startup_stm32f407xx.o(.text)
    USART3_IRQHandler                        0x080087c3   Thumb Code     0  startup_stm32f407xx.o(.text)
    USART6_IRQHandler                        0x080087c3   Thumb Code     0  startup_stm32f407xx.o(.text)
    WWDG_IRQHandler                          0x080087c3   Thumb Code     0  startup_stm32f407xx.o(.text)
    SystemInit                               0x080087cd   Thumb Code    82  system_stm32f4xx.o(.text)
    SystemCoreClockUpdate                    0x0800881f   Thumb Code   174  system_stm32f4xx.o(.text)
    __aeabi_memcpy                           0x080088ed   Thumb Code    36  memcpya.o(.text)
    __aeabi_memcpy4                          0x080088ed   Thumb Code     0  memcpya.o(.text)
    __aeabi_memcpy8                          0x080088ed   Thumb Code     0  memcpya.o(.text)
    __aeabi_dadd                             0x08008911   Thumb Code   322  dadd.o(.text)
    __aeabi_dsub                             0x08008a53   Thumb Code     6  dadd.o(.text)
    __aeabi_drsub                            0x08008a59   Thumb Code     6  dadd.o(.text)
    __aeabi_dmul                             0x08008a5f   Thumb Code   228  dmul.o(.text)
    __aeabi_ddiv                             0x08008b43   Thumb Code   222  ddiv.o(.text)
    __aeabi_i2d                              0x08008c21   Thumb Code    34  dflti.o(.text)
    __aeabi_ui2d                             0x08008c43   Thumb Code    26  dfltui.o(.text)
    __aeabi_d2iz                             0x08008c5d   Thumb Code    62  dfixi.o(.text)
    __aeabi_d2uiz                            0x08008c9b   Thumb Code    50  dfixui.o(.text)
    __aeabi_f2d                              0x08008ccd   Thumb Code    38  f2d.o(.text)
    __aeabi_cdcmpeq                          0x08008cf5   Thumb Code     0  cdcmple.o(.text)
    __aeabi_cdcmple                          0x08008cf5   Thumb Code    48  cdcmple.o(.text)
    __aeabi_d2f                              0x08008d25   Thumb Code    56  d2f.o(.text)
    __aeabi_uidiv                            0x08008d5d   Thumb Code     0  uidiv.o(.text)
    __aeabi_uidivmod                         0x08008d5d   Thumb Code    44  uidiv.o(.text)
    __aeabi_llsl                             0x08008d89   Thumb Code    30  llshl.o(.text)
    _ll_shift_l                              0x08008d89   Thumb Code     0  llshl.o(.text)
    __aeabi_llsr                             0x08008da7   Thumb Code    32  llushr.o(.text)
    _ll_ushift_r                             0x08008da7   Thumb Code     0  llushr.o(.text)
    __aeabi_lasr                             0x08008dc7   Thumb Code    36  llsshr.o(.text)
    _ll_sshift_r                             0x08008dc7   Thumb Code     0  llsshr.o(.text)
    __I$use$fp                               0x08008deb   Thumb Code     0  iusefp.o(.text)
    _float_round                             0x08008deb   Thumb Code    18  fepilogue.o(.text)
    _float_epilogue                          0x08008dfd   Thumb Code    92  fepilogue.o(.text)
    _double_round                            0x08008e59   Thumb Code    30  depilogue.o(.text)
    _double_epilogue                         0x08008e77   Thumb Code   156  depilogue.o(.text)
    __scatterload                            0x08008f15   Thumb Code    28  init.o(.text)
    __scatterload_rt2                        0x08008f15   Thumb Code     0  init.o(.text)
    SVC_Count                                0x08008f38   Data           4  svc_table.o(SVC_TABLE)
    SVC_Table                                0x08008f3c   Data           0  svc_table.o(SVC_TABLE)
    __0printf$1                              0x08008f3d   Thumb Code    22  printf1.o(i.__0printf$1)
    __1printf$1                              0x08008f3d   Thumb Code     0  printf1.o(i.__0printf$1)
    __2printf                                0x08008f3d   Thumb Code     0  printf1.o(i.__0printf$1)
    __ARM_fpclassifyf                        0x08008f5d   Thumb Code    38  fpclassifyf.o(i.__ARM_fpclassifyf)
    __hardfp_atan2f                          0x08008f85   Thumb Code   502  atan2f.o(i.__hardfp_atan2f)
    __mathlib_flt_infnan2                    0x080091d5   Thumb Code     6  funder.o(i.__mathlib_flt_infnan2)
    __mathlib_flt_underflow                  0x080091dd   Thumb Code    10  funder.o(i.__mathlib_flt_underflow)
    __scatterload_copy                       0x080091ed   Thumb Code    14  handlers.o(i.__scatterload_copy)
    __scatterload_null                       0x080091fb   Thumb Code     2  handlers.o(i.__scatterload_null)
    __scatterload_zeroinit                   0x080091fd   Thumb Code    14  handlers.o(i.__scatterload_zeroinit)
    _init_box                                0x0800920b   Thumb Code    70  rt_membox.o(i._init_box)
    dbg_init                                 0x080093a5   Thumb Code    34  hal_cm.o(i.dbg_init)
    dbg_task_notify                          0x080093d5   Thumb Code    32  hal_cm.o(i.dbg_task_notify)
    dbg_task_switch                          0x080093f5   Thumb Code    16  hal_cm.o(i.dbg_task_switch)
    isrMessageGet                            0x08009405   Thumb Code    42  rt_cmsis.o(i.isrMessageGet)
    isrMessagePut                            0x0800942f   Thumb Code    44  rt_cmsis.o(i.isrMessagePut)
    isr_mbx_receive                          0x0800945d   Thumb Code    86  rt_mailbox.o(i.isr_mbx_receive)
    isr_mbx_send                             0x080094b3   Thumb Code    14  rt_mailbox.o(i.isr_mbx_send)
    osDelay                                  0x080094c1   Thumb Code    18  rt_cmsis.o(i.osDelay)
    osKernelInitialize                       0x080094d9   Thumb Code    30  rt_cmsis.o(i.osKernelInitialize)
    osKernelStart                            0x080094fd   Thumb Code    98  rt_cmsis.o(i.osKernelStart)
    osMessageGet                             0x08009569   Thumb Code    18  rt_cmsis.o(i.osMessageGet)
    osThreadCreate                           0x08009581   Thumb Code    38  rt_cmsis.o(i.osThreadCreate)
    osThreadExit                             0x080095b1   Thumb Code    14  rt_cmsis.o(i.osThreadExit)
    osTimerCall                              0x080095c9   Thumb Code     8  rt_cmsis.o(i.osTimerCall)
    osTimerThread                            0x080095d5   Thumb Code    38  rt_cmsis.o(i.osTimerThread)
    os_tick_init                             0x08009601   Thumb Code    32  rt_system.o(i.os_tick_init)
    os_tick_irqack                           0x08009629   Thumb Code     2  rt_system.o(i.os_tick_irqack)
    rt_alloc_box                             0x0800962b   Thumb Code    26  rt_membox.o(i.rt_alloc_box)
    rt_alloc_mem                             0x08009645   Thumb Code    62  rt_memory.o(i.rt_alloc_mem)
    rt_block                                 0x08009685   Thumb Code    48  rt_task.o(i.rt_block)
    rt_chk_robin                             0x080096bd   Thumb Code    60  rt_robin.o(i.rt_chk_robin)
    rt_dec_dly                               0x08009705   Thumb Code   102  rt_list.o(i.rt_dec_dly)
    rt_dispatch                              0x08009775   Thumb Code    60  rt_task.o(i.rt_dispatch)
    rt_dly_wait                              0x080097b9   Thumb Code     6  rt_time.o(i.rt_dly_wait)
    rt_evt_psh                               0x080097c1   Thumb Code    76  rt_event.o(i.rt_evt_psh)
    rt_free_box                              0x08009811   Thumb Code    44  rt_membox.o(i.rt_free_box)
    rt_free_mem                              0x0800983d   Thumb Code    40  rt_memory.o(i.rt_free_mem)
    rt_get_first                             0x08009865   Thumb Code    40  rt_list.o(i.rt_get_first)
    rt_init_mem                              0x080098dd   Thumb Code    26  rt_memory.o(i.rt_init_mem)
    rt_init_robin                            0x080098f9   Thumb Code    14  rt_robin.o(i.rt_init_robin)
    rt_init_stack                            0x08009911   Thumb Code   118  hal_cm.o(i.rt_init_stack)
    rt_mbx_check                             0x08009991   Thumb Code     8  rt_mailbox.o(i.rt_mbx_check)
    rt_mbx_init                              0x08009999   Thumb Code    26  rt_mailbox.o(i.rt_mbx_init)
    rt_mbx_psh                               0x080099b5   Thumb Code   236  rt_mailbox.o(i.rt_mbx_psh)
    rt_mbx_wait                              0x08009aa5   Thumb Code   174  rt_mailbox.o(i.rt_mbx_wait)
    rt_pop_req                               0x08009b9d   Thumb Code   112  rt_system.o(i.rt_pop_req)
    rt_psh_req                               0x08009c19   Thumb Code    22  rt_system.o(i.rt_psh_req)
    rt_psq_enq                               0x08009c39   Thumb Code    88  rt_list.o(i.rt_psq_enq)
    rt_put_dly                               0x08009c95   Thumb Code    68  rt_list.o(i.rt_put_dly)
    rt_put_prio                              0x08009cdd   Thumb Code    54  rt_list.o(i.rt_put_prio)
    rt_put_rdy_first                         0x08009d15   Thumb Code    14  rt_list.o(i.rt_put_rdy_first)
    rt_resort_prio                           0x08009d29   Thumb Code    46  rt_list.o(i.rt_resort_prio)
    rt_ret_val                               0x08009d6d   Thumb Code    12  hal_cm.o(i.rt_ret_val)
    rt_ret_val2                              0x08009d79   Thumb Code    16  hal_cm.o(i.rt_ret_val2)
    rt_rmv_dly                               0x08009d89   Thumb Code    40  rt_list.o(i.rt_rmv_dly)
    rt_rmv_list                              0x08009db1   Thumb Code    44  rt_list.o(i.rt_rmv_list)
    rt_sem_psh                               0x08009de1   Thumb Code    48  rt_semaphore.o(i.rt_sem_psh)
    rt_stk_check                             0x08009e15   Thumb Code    28  rt_system.o(i.rt_stk_check)
    rt_switch_req                            0x08009e39   Thumb Code    30  rt_task.o(i.rt_switch_req)
    rt_sys_init                              0x08009e61   Thumb Code   138  rt_task.o(i.rt_sys_init)
    rt_sys_start                             0x08009f2d   Thumb Code   110  rt_task.o(i.rt_sys_start)
    rt_systick                               0x08009fa5   Thumb Code    50  rt_system.o(i.rt_systick)
    rt_tsk_create                            0x0800a02d   Thumb Code   118  rt_task.o(i.rt_tsk_create)
    rt_tsk_delete                            0x0800a0b5   Thumb Code   352  rt_task.o(i.rt_tsk_delete)
    rt_tsk_prio                              0x0800a231   Thumb Code   108  rt_task.o(i.rt_tsk_prio)
    rt_tsk_self                              0x0800a2ad   Thumb Code    12  rt_task.o(i.rt_tsk_self)
    svcDelay                                 0x0800a2bd   Thumb Code    18  rt_cmsis.o(i.svcDelay)
    svcKernelInitialize                      0x0800a2d1   Thumb Code    80  rt_cmsis.o(i.svcKernelInitialize)
    svcKernelStart                           0x0800a341   Thumb Code    62  rt_cmsis.o(i.svcKernelStart)
    svcMessageCreate                         0x0800a389   Thumb Code    36  rt_cmsis.o(i.svcMessageCreate)
    svcMessageGet                            0x0800a3ad   Thumb Code    58  rt_cmsis.o(i.svcMessageGet)
    svcThreadCreate                          0x0800a3e9   Thumb Code   100  rt_cmsis.o(i.svcThreadCreate)
    svcThreadGetId                           0x0800a459   Thumb Code    22  rt_cmsis.o(i.svcThreadGetId)
    svcThreadTerminate                       0x0800a475   Thumb Code    50  rt_cmsis.o(i.svcThreadTerminate)
    svcTimerCall                             0x0800a4ad   Thumb Code    24  rt_cmsis.o(i.svcTimerCall)
    sysTimerTick                             0x0800a4c5   Thumb Code    84  rt_cmsis.o(i.sysTimerTick)
    os_thread_def_Thread_LED_1               0x0800a520   Data          16  thread_led.o(.constdata)
    os_thread_def_Thread_LED_2               0x0800a530   Data          16  thread_led.o(.constdata)
    os_thread_def_Thread_LED_3               0x0800a540   Data          16  thread_led.o(.constdata)
    keypadMap                                0x0800a550   Data          64  keypad4x4.o(.constdata)
    os_maxtaskrun                            0x0800a590   Data           2  rtx_conf_cm.o(.constdata)
    os_stackinfo                             0x0800a594   Data           4  rtx_conf_cm.o(.constdata)
    os_rrobin                                0x0800a598   Data           4  rtx_conf_cm.o(.constdata)
    os_tickfreq                              0x0800a59c   Data           4  rtx_conf_cm.o(.constdata)
    os_tickus_i                              0x0800a5a0   Data           2  rtx_conf_cm.o(.constdata)
    os_tickus_f                              0x0800a5a2   Data           2  rtx_conf_cm.o(.constdata)
    os_trv                                   0x0800a5a4   Data           4  rtx_conf_cm.o(.constdata)
    os_flags                                 0x0800a5a8   Data           1  rtx_conf_cm.o(.constdata)
    CMSIS_RTOS_API_Version                   0x0800a5ac   Data           4  rtx_conf_cm.o(.constdata)
    CMSIS_RTOS_RTX_Version                   0x0800a5b0   Data           4  rtx_conf_cm.o(.constdata)
    os_clockrate                             0x0800a5b4   Data           4  rtx_conf_cm.o(.constdata)
    os_timernum                              0x0800a5b8   Data           4  rtx_conf_cm.o(.constdata)
    mp_tcb_size                              0x0800a5bc   Data           2  rtx_conf_cm.o(.constdata)
    mp_stk_size                              0x0800a5c0   Data           4  rtx_conf_cm.o(.constdata)
    os_stack_sz                              0x0800a5c4   Data           4  rtx_conf_cm.o(.constdata)
    os_fifo_size                             0x0800a5c8   Data           1  rtx_conf_cm.o(.constdata)
    os_thread_def_osTimerThread              0x0800a5cc   Data          16  rtx_conf_cm.o(.constdata)
    os_messageQ_def_osTimerMessageQ          0x0800a5dc   Data           8  rtx_conf_cm.o(.constdata)
    mp_tmr_size                              0x0800a5e4   Data           2  rtx_conf_cm.o(.constdata)
    os_thread_def_main                       0x0800a5e8   Data          16  rtx_conf_cm.o(.constdata)
    APBAHBPrescTable                         0x0800a600   Data          16  stm32f4xx_hal_rcc.o(.constdata)
    AHBPrescTable                            0x0800a610   Data          16  system_stm32f4xx.o(.constdata)
    Region$$Table$$Base                      0x0800a620   Number         0  anon$$obj.o(Region$$Table)
    Region$$Table$$Limit                     0x0800a640   Number         0  anon$$obj.o(Region$$Table)
    Acc_instance                             0x20000000   Data           6  main.o(.data)
    interruptCfg                             0x20000006   Data           3  main.o(.data)
    hspi                                     0x2000000c   Data           4  main.o(.data)
    status                                   0x20000010   Data           1  main.o(.data)
    accX                                     0x20000014   Data           4  main.o(.data)
    accY                                     0x20000018   Data           4  main.o(.data)
    accZ                                     0x2000001c   Data           4  main.o(.data)
    acc11                                    0x20000020   Data           4  main.o(.data)
    acc12                                    0x20000024   Data           4  main.o(.data)
    acc13                                    0x20000028   Data           4  main.o(.data)
    acc10                                    0x2000002c   Data           4  main.o(.data)
    acc21                                    0x20000030   Data           4  main.o(.data)
    acc22                                    0x20000034   Data           4  main.o(.data)
    acc23                                    0x20000038   Data           4  main.o(.data)
    acc20                                    0x2000003c   Data           4  main.o(.data)
    acc31                                    0x20000040   Data           4  main.o(.data)
    acc32                                    0x20000044   Data           4  main.o(.data)
    acc33                                    0x20000048   Data           4  main.o(.data)
    acc30                                    0x2000004c   Data           4  main.o(.data)
    normalizedAccX                           0x20000050   Data           4  main.o(.data)
    normalizedAccY                           0x20000054   Data           4  main.o(.data)
    normalizedAccZ                           0x20000058   Data           4  main.o(.data)
    filteredAccX                             0x2000005c   Data           8  main.o(.data)
    filteredAccY                             0x20000064   Data           8  main.o(.data)
    filteredAccZ                             0x2000006c   Data           8  main.o(.data)
    b0                                       0x20000074   Data           4  main.o(.data)
    b1                                       0x20000078   Data           4  main.o(.data)
    b2                                       0x2000007c   Data           4  main.o(.data)
    a1                                       0x20000080   Data           4  main.o(.data)
    a2                                       0x20000084   Data           4  main.o(.data)
    finalAccX                                0x20000088   Data           4  main.o(.data)
    finalAccY                                0x2000008c   Data           4  main.o(.data)
    finalAccZ                                0x20000090   Data           4  main.o(.data)
    rollAngle                                0x20000098   Data           8  main.o(.data)
    pitchAngle                               0x200000a0   Data           8  main.o(.data)
    targetRollAngle                          0x200000a8   Data           4  main.o(.data)
    targetPitchAngle                         0x200000ac   Data           4  main.o(.data)
    digitCounter                             0x200000b0   Data           4  main.o(.data)
    refreshCounter                           0x200000b4   Data           4  main.o(.data)
    currentKeyPressed                        0x200000b8   Data           4  main.o(.data)
    keyPressedCounter                        0x200000bc   Data           4  main.o(.data)
    FSM_state                                0x200000c0   Data           4  main.o(.data)
    wake_up_state                            0x200000c4   Data           4  main.o(.data)
    isRollAngleDisplayed                     0x200000c8   Data           4  main.o(.data)
    SysTickCount                             0x200000cc   Data           4  main.o(.data)
    tid_Thread_LED_1                         0x200000d0   Data           4  thread_led.o(.data)
    tid_Thread_LED_2                         0x200000d4   Data           4  thread_led.o(.data)
    tid_Thread_LED_3                         0x200000d8   Data           4  thread_led.o(.data)
    LIS3DSHTimeout                           0x200000dc   Data           4  lis3dsh.o(.data)
    osThreadId_osTimerThread                 0x200000e0   Data           4  rtx_conf_cm.o(.data)
    osMessageQId_osTimerMessageQ             0x200000e4   Data           4  rtx_conf_cm.o(.data)
    os_tmr                                   0x200000e8   Data           4  rtx_conf_cm.o(.data)
    m_tmr                                    0x200000ec   Data           4  rtx_conf_cm.o(.data)
    SystemCoreClock                          0x200000f4   Data           4  system_stm32f4xx.o(.data)
    os_initialized                           0x200000f8   Data           1  rt_cmsis.o(.data)
    os_running                               0x200000f9   Data           1  rt_cmsis.o(.data)
    os_timer_head                            0x200000fc   Data           4  rt_cmsis.o(.data)
    os_time                                  0x20000100   Data           4  rt_time.o(.data)
    os_tsk                                   0x20000104   Data           8  rt_task.o(.data)
    os_tick_irqn                             0x20000110   Data           4  rt_system.o(.data)
    dbg_msg                                  0x20000114   Data           1  hal_cm.o(.data)
    os_robin                                 0x20000118   Data           8  rt_robin.o(.data)
    __stdout                                 0x20000120   Data           4  stdout.o(.data)
    inputBuffer                              0x20000124   Data          12  main.o(.bss)
    unfilteredAccX                           0x20000130   Data          12  main.o(.bss)
    unfilteredAccY                           0x2000013c   Data          12  main.o(.bss)
    unfilteredAccZ                           0x20000148   Data          12  main.o(.bss)
    digitArray                               0x20000154   Data          12  main.o(.bss)
    LED_configuration                        0x20000160   Data          20  thread_led.o(.bss)
    COLS_GPIO_init                           0x20000174   Data          20  keypad4x4.o(.bss)
    ROWS_GPIO_init                           0x20000188   Data          20  keypad4x4.o(.bss)
    htim2                                    0x2000019c   Data          60  tim.o(.bss)
    htim4                                    0x200001d8   Data          60  tim.o(.bss)
    TIM4_ConfigHandler                       0x20000214   Data          28  tim.o(.bss)
    SpiHandle                                0x20000230   Data          88  lis3dsh.o(.bss)
    mp_tcb                                   0x20000288   Data         272  rtx_conf_cm.o(.bss)
    mp_stk                                   0x20000398   Data        3216  rtx_conf_cm.o(.bss)
    os_stack_mem                             0x20001028   Data        1256  rtx_conf_cm.o(.bss)
    os_fifo                                  0x20001510   Data         132  rtx_conf_cm.o(.bss)
    os_active_TCB                            0x20001594   Data          20  rtx_conf_cm.o(.bss)
    os_messageQ_q_osTimerMessageQ            0x200015a8   Data          32  rtx_conf_cm.o(.bss)
    os_idle_TCB                              0x200015c8   Data          52  rt_task.o(.bss)
    os_rdy                                   0x200015fc   Data          24  rt_list.o(.bss)
    os_dly                                   0x20001614   Data          24  rt_list.o(.bss)
    __initial_sp                             0x20001a30   Data           0  startup_stm32f407xx.o(STACK)



==============================================================================

Memory Map of the image

  Image Entry point : 0x08000189

  Load Region LR_IROM1 (Base: 0x08000000, Size: 0x0000a764, Max: 0x00100000, ABSOLUTE)

    Execution Region ER_IROM1 (Base: 0x08000000, Size: 0x0000a640, Max: 0x00100000, ABSOLUTE)

    Base Addr    Size         Type   Attr      Idx    E Section Name        Object

    0x08000000   0x00000188   Data   RO          826    RESET               startup_stm32f407xx.o
    0x08000188   0x00000000   Code   RO         2093  * .ARM.Collect$$$$00000000  mc_w.l(entry.o)
    0x08000188   0x00000004   Code   RO         2399    .ARM.Collect$$$$00000001  mc_w.l(entry2.o)
    0x0800018c   0x00000004   Code   RO         2402    .ARM.Collect$$$$00000004  mc_w.l(entry5.o)
    0x08000190   0x00000000   Code   RO         2404    .ARM.Collect$$$$00000008  mc_w.l(entry7b.o)
    0x08000190   0x00000000   Code   RO         2406    .ARM.Collect$$$$0000000A  mc_w.l(entry8b.o)
    0x08000190   0x00000000   Code   RO         2407    .ARM.Collect$$$$0000000D  mc_w.l(entry10a.o)
    0x08000190   0x00000000   Code   RO         2409    .ARM.Collect$$$$0000000F  mc_w.l(entry11a.o)
    0x08000190   0x00000018   Code   RO          425    .ARM.Collect$$$$000000FF  rtx_conf_cm.o
    0x080001a8   0x00000004   Code   RO         2400    .ARM.Collect$$$$00002712  mc_w.l(entry2.o)
    0x080001ac   0x00000198   Code   RO         2068    .emb_text           RTX_CM4.lib(hal_cm4.o)
    0x08000344   0x00000e64   Code   RO            4    .text               main.o
    0x080011a8   0x000000ac   Code   RO          162    .text               thread_led.o
    0x08001254   0x00000288   Code   RO          213    .text               gpio.o
    0x080014dc   0x00000188   Code   RO          237    .text               keypad4x4.o
    0x08001664   0x00000014   Code   RO          265    .text               stm32f4xx_hal_msp.o
    0x08001678   0x00000018   Code   RO          289    .text               stm32f4xx_it.o
    0x08001690   0x000002d0   Code   RO          317    .text               tim.o
    0x08001960   0x000003d4   Code   RO          348    .text               7_segment.o
    0x08001d34   0x00000038   Code   RO          372    .text               fput_debug.o
    0x08001d6c   0x000005c0   Code   RO          400    .text               lis3dsh.o
    0x0800232c   0x00000026   Code   RO          426    .text               rtx_conf_cm.o
    0x08002352   0x00000002   PAD
    0x08002354   0x000001b0   Code   RO          457    .text               stm32f4xx_hal.o
    0x08002504   0x00000354   Code   RO          519    .text               stm32f4xx_hal_cortex.o
    0x08002858   0x00000618   Code   RO          547    .text               stm32f4xx_hal_dma.o
    0x08002e70   0x000003cc   Code   RO          596    .text               stm32f4xx_hal_gpio.o
    0x0800323c   0x00000a4c   Code   RO          668    .text               stm32f4xx_hal_rcc.o
    0x08003c88   0x00001598   Code   RO          719    .text               stm32f4xx_hal_spi.o
    0x08005220   0x00002800   Code   RO          743    .text               stm32f4xx_hal_tim.o
    0x08007a20   0x00000d88   Code   RO          767    .text               stm32f4xx_hal_tim_ex.o
    0x080087a8   0x00000024   Code   RO          827    .text               startup_stm32f407xx.o
    0x080087cc   0x00000120   Code   RO          834    .text               system_stm32f4xx.o
    0x080088ec   0x00000024   Code   RO         2098    .text               mc_w.l(memcpya.o)
    0x08008910   0x0000014e   Code   RO         2363    .text               mf_w.l(dadd.o)
    0x08008a5e   0x000000e4   Code   RO         2365    .text               mf_w.l(dmul.o)
    0x08008b42   0x000000de   Code   RO         2367    .text               mf_w.l(ddiv.o)
    0x08008c20   0x00000022   Code   RO         2369    .text               mf_w.l(dflti.o)
    0x08008c42   0x0000001a   Code   RO         2371    .text               mf_w.l(dfltui.o)
    0x08008c5c   0x0000003e   Code   RO         2373    .text               mf_w.l(dfixi.o)
    0x08008c9a   0x00000032   Code   RO         2375    .text               mf_w.l(dfixui.o)
    0x08008ccc   0x00000026   Code   RO         2377    .text               mf_w.l(f2d.o)
    0x08008cf2   0x00000002   PAD
    0x08008cf4   0x00000030   Code   RO         2379    .text               mf_w.l(cdcmple.o)
    0x08008d24   0x00000038   Code   RO         2381    .text               mf_w.l(d2f.o)
    0x08008d5c   0x0000002c   Code   RO         2412    .text               mc_w.l(uidiv.o)
    0x08008d88   0x0000001e   Code   RO         2414    .text               mc_w.l(llshl.o)
    0x08008da6   0x00000020   Code   RO         2416    .text               mc_w.l(llushr.o)
    0x08008dc6   0x00000024   Code   RO         2418    .text               mc_w.l(llsshr.o)
    0x08008dea   0x00000000   Code   RO         2427    .text               mc_w.l(iusefp.o)
    0x08008dea   0x0000006e   Code   RO         2428    .text               mf_w.l(fepilogue.o)
    0x08008e58   0x000000ba   Code   RO         2430    .text               mf_w.l(depilogue.o)
    0x08008f12   0x00000002   PAD
    0x08008f14   0x00000024   Code   RO         2436    .text               mc_w.l(init.o)
    0x08008f38   0x00000004   Code   RO         2078    SVC_TABLE           RTX_CM4.lib(svc_table.o)
    0x08008f3c   0x00000020   Code   RO         2147    i.__0printf$1       mc_w.l(printf1.o)
    0x08008f5c   0x00000026   Code   RO         2383    i.__ARM_fpclassifyf  m_wm.l(fpclassifyf.o)
    0x08008f82   0x00000002   PAD
    0x08008f84   0x00000250   Code   RO         2081    i.__hardfp_atan2f   m_wm.l(atan2f.o)
    0x080091d4   0x00000006   Code   RO         2387    i.__mathlib_flt_infnan2  m_wm.l(funder.o)
    0x080091da   0x00000002   PAD
    0x080091dc   0x00000010   Code   RO         2391    i.__mathlib_flt_underflow  m_wm.l(funder.o)
    0x080091ec   0x0000000e   Code   RO         2440    i.__scatterload_copy  mc_w.l(handlers.o)
    0x080091fa   0x00000002   Code   RO         2441    i.__scatterload_null  mc_w.l(handlers.o)
    0x080091fc   0x0000000e   Code   RO         2442    i.__scatterload_zeroinit  mc_w.l(handlers.o)
    0x0800920a   0x00000046   Code   RO         1941    i._init_box         RTX_CM4.lib(rt_membox.o)
    0x08009250   0x00000154   Code   RO         2154    i._printf_core      mc_w.l(printf1.o)
    0x080093a4   0x00000030   Code   RO         1994    i.dbg_init          RTX_CM4.lib(hal_cm.o)
    0x080093d4   0x00000020   Code   RO         1995    i.dbg_task_notify   RTX_CM4.lib(hal_cm.o)
    0x080093f4   0x00000010   Code   RO         1996    i.dbg_task_switch   RTX_CM4.lib(hal_cm.o)
    0x08009404   0x0000002a   Code   RO          865    i.isrMessageGet     RTX_CM4.lib(rt_cmsis.o)
    0x0800942e   0x0000002c   Code   RO          866    i.isrMessagePut     RTX_CM4.lib(rt_cmsis.o)
    0x0800945a   0x00000002   PAD
    0x0800945c   0x00000056   Code   RO         1820    i.isr_mbx_receive   RTX_CM4.lib(rt_mailbox.o)
    0x080094b2   0x0000000e   Code   RO         1821    i.isr_mbx_send      RTX_CM4.lib(rt_mailbox.o)
    0x080094c0   0x00000018   Code   RO          869    i.osDelay           RTX_CM4.lib(rt_cmsis.o)
    0x080094d8   0x00000024   Code   RO          870    i.osKernelInitialize  RTX_CM4.lib(rt_cmsis.o)
    0x080094fc   0x0000006c   Code   RO          872    i.osKernelStart     RTX_CM4.lib(rt_cmsis.o)
    0x08009568   0x00000018   Code   RO          881    i.osMessageGet      RTX_CM4.lib(rt_cmsis.o)
    0x08009580   0x00000030   Code   RO          898    i.osThreadCreate    RTX_CM4.lib(rt_cmsis.o)
    0x080095b0   0x00000018   Code   RO          899    i.osThreadExit      RTX_CM4.lib(rt_cmsis.o)
    0x080095c8   0x0000000c   Code   RO          905    i.osTimerCall       RTX_CM4.lib(rt_cmsis.o)
    0x080095d4   0x0000002c   Code   RO          910    i.osTimerThread     RTX_CM4.lib(rt_cmsis.o)
    0x08009600   0x00000028   Code   RO         1608    i.os_tick_init      RTX_CM4.lib(rt_system.o)
    0x08009628   0x00000002   Code   RO         1609    i.os_tick_irqack    RTX_CM4.lib(rt_system.o)
    0x0800962a   0x0000001a   Code   RO         1942    i.rt_alloc_box      RTX_CM4.lib(rt_membox.o)
    0x08009644   0x0000003e   Code   RO         1970    i.rt_alloc_mem      RTX_CM4.lib(rt_memory.o)
    0x08009682   0x00000002   PAD
    0x08009684   0x00000038   Code   RO         1523    i.rt_block          RTX_CM4.lib(rt_task.o)
    0x080096bc   0x00000048   Code   RO         2047    i.rt_chk_robin      RTX_CM4.lib(rt_robin.o)
    0x08009704   0x00000070   Code   RO         1744    i.rt_dec_dly        RTX_CM4.lib(rt_list.o)
    0x08009774   0x00000044   Code   RO         1524    i.rt_dispatch       RTX_CM4.lib(rt_task.o)
    0x080097b8   0x00000006   Code   RO         1490    i.rt_dly_wait       RTX_CM4.lib(rt_time.o)
    0x080097be   0x00000002   PAD
    0x080097c0   0x00000050   Code   RO         1701    i.rt_evt_psh        RTX_CM4.lib(rt_event.o)
    0x08009810   0x0000002c   Code   RO         1943    i.rt_free_box       RTX_CM4.lib(rt_membox.o)
    0x0800983c   0x00000028   Code   RO         1971    i.rt_free_mem       RTX_CM4.lib(rt_memory.o)
    0x08009864   0x00000028   Code   RO         1745    i.rt_get_first      RTX_CM4.lib(rt_list.o)
    0x0800988c   0x00000008   Code   RO          915    i.rt_id2obj         RTX_CM4.lib(rt_cmsis.o)
    0x08009894   0x00000048   Code   RO         1525    i.rt_init_context   RTX_CM4.lib(rt_task.o)
    0x080098dc   0x0000001a   Code   RO         1972    i.rt_init_mem       RTX_CM4.lib(rt_memory.o)
    0x080098f6   0x00000002   PAD
    0x080098f8   0x00000018   Code   RO         2048    i.rt_init_robin     RTX_CM4.lib(rt_robin.o)
    0x08009910   0x00000080   Code   RO         1997    i.rt_init_stack     RTX_CM4.lib(hal_cm.o)
    0x08009990   0x00000008   Code   RO         1822    i.rt_mbx_check      RTX_CM4.lib(rt_mailbox.o)
    0x08009998   0x0000001a   Code   RO         1823    i.rt_mbx_init       RTX_CM4.lib(rt_mailbox.o)
    0x080099b2   0x00000002   PAD
    0x080099b4   0x000000f0   Code   RO         1824    i.rt_mbx_psh        RTX_CM4.lib(rt_mailbox.o)
    0x08009aa4   0x000000b4   Code   RO         1826    i.rt_mbx_wait       RTX_CM4.lib(rt_mailbox.o)
    0x08009b58   0x00000044   Code   RO          916    i.rt_ms2tick        RTX_CM4.lib(rt_cmsis.o)
    0x08009b9c   0x0000007c   Code   RO         1612    i.rt_pop_req        RTX_CM4.lib(rt_system.o)
    0x08009c18   0x00000020   Code   RO         1613    i.rt_psh_req        RTX_CM4.lib(rt_system.o)
    0x08009c38   0x0000005c   Code   RO         1747    i.rt_psq_enq        RTX_CM4.lib(rt_list.o)
    0x08009c94   0x00000048   Code   RO         1748    i.rt_put_dly        RTX_CM4.lib(rt_list.o)
    0x08009cdc   0x00000036   Code   RO         1749    i.rt_put_prio       RTX_CM4.lib(rt_list.o)
    0x08009d12   0x00000002   PAD
    0x08009d14   0x00000014   Code   RO         1750    i.rt_put_rdy_first  RTX_CM4.lib(rt_list.o)
    0x08009d28   0x00000034   Code   RO         1751    i.rt_resort_prio    RTX_CM4.lib(rt_list.o)
    0x08009d5c   0x00000010   Code   RO         1998    i.rt_ret_regs       RTX_CM4.lib(hal_cm.o)
    0x08009d6c   0x0000000c   Code   RO         1999    i.rt_ret_val        RTX_CM4.lib(hal_cm.o)
    0x08009d78   0x00000010   Code   RO         2000    i.rt_ret_val2       RTX_CM4.lib(hal_cm.o)
    0x08009d88   0x00000028   Code   RO         1752    i.rt_rmv_dly        RTX_CM4.lib(rt_list.o)
    0x08009db0   0x00000030   Code   RO         1753    i.rt_rmv_list       RTX_CM4.lib(rt_list.o)
    0x08009de0   0x00000034   Code   RO         1871    i.rt_sem_psh        RTX_CM4.lib(rt_semaphore.o)
    0x08009e14   0x00000024   Code   RO         1615    i.rt_stk_check      RTX_CM4.lib(rt_system.o)
    0x08009e38   0x00000028   Code   RO         1526    i.rt_switch_req     RTX_CM4.lib(rt_task.o)
    0x08009e60   0x000000cc   Code   RO         1527    i.rt_sys_init       RTX_CM4.lib(rt_task.o)
    0x08009f2c   0x00000078   Code   RO         1528    i.rt_sys_start      RTX_CM4.lib(rt_task.o)
    0x08009fa4   0x00000040   Code   RO         1617    i.rt_systick        RTX_CM4.lib(rt_system.o)
    0x08009fe4   0x00000012   Code   RO          917    i.rt_tid2ptcb       RTX_CM4.lib(rt_cmsis.o)
    0x08009ff6   0x00000002   PAD
    0x08009ff8   0x00000034   Code   RO          918    i.rt_timer_insert   RTX_CM4.lib(rt_cmsis.o)
    0x0800a02c   0x00000088   Code   RO         1529    i.rt_tsk_create     RTX_CM4.lib(rt_task.o)
    0x0800a0b4   0x0000017c   Code   RO         1530    i.rt_tsk_delete     RTX_CM4.lib(rt_task.o)
    0x0800a230   0x0000007c   Code   RO         1532    i.rt_tsk_prio       RTX_CM4.lib(rt_task.o)
    0x0800a2ac   0x00000010   Code   RO         1533    i.rt_tsk_self       RTX_CM4.lib(rt_task.o)
    0x0800a2bc   0x00000012   Code   RO          920    i.svcDelay          RTX_CM4.lib(rt_cmsis.o)
    0x0800a2ce   0x00000002   PAD
    0x0800a2d0   0x00000070   Code   RO          921    i.svcKernelInitialize  RTX_CM4.lib(rt_cmsis.o)
    0x0800a340   0x00000048   Code   RO          923    i.svcKernelStart    RTX_CM4.lib(rt_cmsis.o)
    0x0800a388   0x00000024   Code   RO          926    i.svcMessageCreate  RTX_CM4.lib(rt_cmsis.o)
    0x0800a3ac   0x0000003a   Code   RO          927    i.svcMessageGet     RTX_CM4.lib(rt_cmsis.o)
    0x0800a3e6   0x00000002   PAD
    0x0800a3e8   0x00000070   Code   RO          941    i.svcThreadCreate   RTX_CM4.lib(rt_cmsis.o)
    0x0800a458   0x0000001c   Code   RO          942    i.svcThreadGetId    RTX_CM4.lib(rt_cmsis.o)
    0x0800a474   0x00000038   Code   RO          945    i.svcThreadTerminate  RTX_CM4.lib(rt_cmsis.o)
    0x0800a4ac   0x00000018   Code   RO          947    i.svcTimerCall      RTX_CM4.lib(rt_cmsis.o)
    0x0800a4c4   0x0000005c   Code   RO          956    i.sysTimerTick      RTX_CM4.lib(rt_cmsis.o)
    0x0800a520   0x00000030   Data   RO          164    .constdata          thread_led.o
    0x0800a550   0x00000040   Data   RO          239    .constdata          keypad4x4.o
    0x0800a590   0x00000068   Data   RO          428    .constdata          rtx_conf_cm.o
    0x0800a5f8   0x00000008   Data   RO          548    .constdata          stm32f4xx_hal_dma.o
    0x0800a600   0x00000010   Data   RO          669    .constdata          stm32f4xx_hal_rcc.o
    0x0800a610   0x00000010   Data   RO          835    .constdata          system_stm32f4xx.o
    0x0800a620   0x00000020   Data   RO         2438    Region$$Table       anon$$obj.o


    Execution Region RW_IRAM1 (Base: 0x20000000, Size: 0x00001a30, Max: 0x00020000, ABSOLUTE)

    Base Addr    Size         Type   Attr      Idx    E Section Name        Object

    0x20000000   0x000000d0   Data   RW            6    .data               main.o
    0x200000d0   0x0000000c   Data   RW          165    .data               thread_led.o
    0x200000dc   0x00000004   Data   RW          402    .data               lis3dsh.o
    0x200000e0   0x00000010   Data   RW          429    .data               rtx_conf_cm.o
    0x200000f0   0x00000004   Data   RW          458    .data               stm32f4xx_hal.o
    0x200000f4   0x00000004   Data   RW          836    .data               system_stm32f4xx.o
    0x200000f8   0x00000008   Data   RW          959    .data               RTX_CM4.lib(rt_cmsis.o)
    0x20000100   0x00000004   Data   RW         1494    .data               RTX_CM4.lib(rt_time.o)
    0x20000104   0x00000008   Data   RW         1535    .data               RTX_CM4.lib(rt_task.o)
    0x2000010c   0x00000008   Data   RW         1620    .data               RTX_CM4.lib(rt_system.o)
    0x20000114   0x00000001   Data   RW         2001    .data               RTX_CM4.lib(hal_cm.o)
    0x20000115   0x00000003   PAD
    0x20000118   0x00000008   Data   RW         2049    .data               RTX_CM4.lib(rt_robin.o)
    0x20000120   0x00000004   Data   RW         2411    .data               mc_w.l(stdout.o)
    0x20000124   0x0000003c   Zero   RW            5    .bss                main.o
    0x20000160   0x00000014   Zero   RW          163    .bss                thread_led.o
    0x20000174   0x00000028   Zero   RW          238    .bss                keypad4x4.o
    0x2000019c   0x00000094   Zero   RW          318    .bss                tim.o
    0x20000230   0x00000058   Zero   RW          401    .bss                lis3dsh.o
    0x20000288   0x00001340   Zero   RW          427    .bss                rtx_conf_cm.o
    0x200015c8   0x00000034   Zero   RW         1534    .bss                RTX_CM4.lib(rt_task.o)
    0x200015fc   0x00000030   Zero   RW         1754    .bss                RTX_CM4.lib(rt_list.o)
    0x2000162c   0x00000004   PAD
    0x20001630   0x00000400   Zero   RW          824    STACK               startup_stm32f407xx.o


==============================================================================

Image component sizes


      Code (inc. data)   RO Data    RW Data    ZI Data      Debug   Object Name

       980         16          0          0          0       1326   7_segment.o
        56          4          0          0          0      28363   fput_debug.o
       648         34          0          0          0       1335   gpio.o
       392         22         64          0         40       2300   keypad4x4.o
      1472        120          0          4         88       4937   lis3dsh.o
      3684        908          0        208         60     388189   main.o
        62          6        104         16       4928       7486   rtx_conf_cm.o
        36          8        392          0       1024        860   startup_stm32f407xx.o
       432         26          0          4          0       4990   stm32f4xx_hal.o
       852         22          0          0          0      33475   stm32f4xx_hal_cortex.o
      1560         16          8          0          0       5016   stm32f4xx_hal_dma.o
       972         50          0          0          0       3835   stm32f4xx_hal_gpio.o
        20          0          0          0          0        490   stm32f4xx_hal_msp.o
      2636         66         16          0          0       5742   stm32f4xx_hal_rcc.o
      5528         54          0          0          0      13284   stm32f4xx_hal_spi.o
     10240        152          0          0          0      31026   stm32f4xx_hal_tim.o
      3464         26          0          0          0      11826   stm32f4xx_hal_tim_ex.o
        24          4          0          0          0        611   stm32f4xx_it.o
       288         32         16          4          0       1639   system_stm32f4xx.o
       172         38         48         12         20       2107   thread_led.o
       720         44          0          0        148       3111   tim.o

    ----------------------------------------------------------------------
     34240       1648        680        248       6308     551948   Object Totals
         0          0         32          0          0          0   (incl. Generated)
         2          0          0          0          0          0   (incl. Padding)

    ----------------------------------------------------------------------

      Code (inc. data)   RO Data    RW Data    ZI Data      Debug   Library Member Name

       268         24          0          1          0       4452   hal_cm.o
       408         34          0          0          0        816   hal_cm4.o
      1160        146          0          8          0      34974   rt_cmsis.o
        80          4          0          0          0        701   rt_event.o
       530         34          0          0         48       8597   rt_list.o
       554         10          0          0          0       4189   rt_mailbox.o
       140          0          0          0          0       2045   rt_membox.o
       128          0          0          0          0       2419   rt_memory.o
        96         22          0          8          0       1230   rt_robin.o
        52          4          0          0          0        613   rt_semaphore.o
       298         52          0          8          0       6439   rt_system.o
      1216        174          0          8         52      10025   rt_task.o
         6          0          0          4          0        684   rt_time.o
         4          4          0          0          0        200   svc_table.o
       592         90          0          0          0        184   atan2f.o
        38          0          0          0          0        116   fpclassifyf.o
        22          6          0          0          0        232   funder.o
         0          0          0          0          0          0   entry.o
         0          0          0          0          0          0   entry10a.o
         0          0          0          0          0          0   entry11a.o
         8          4          0          0          0          0   entry2.o
         4          0          0          0          0          0   entry5.o
         0          0          0          0          0          0   entry7b.o
         0          0          0          0          0          0   entry8b.o
        30          0          0          0          0          0   handlers.o
        36          8          0          0          0         68   init.o
         0          0          0          0          0          0   iusefp.o
        30          0          0          0          0         68   llshl.o
        36          0          0          0          0         68   llsshr.o
        32          0          0          0          0         68   llushr.o
        36          0          0          0          0         68   memcpya.o
       372         14          0          0          0        184   printf1.o
         0          0          0          4          0          0   stdout.o
        44          0          0          0          0         80   uidiv.o
        48          0          0          0          0         68   cdcmple.o
        56          0          0          0          0         88   d2f.o
       334          0          0          0          0        148   dadd.o
       222          0          0          0          0        100   ddiv.o
       186          0          0          0          0        176   depilogue.o
        62          0          0          0          0         80   dfixi.o
        50          0          0          0          0         76   dfixui.o
        34          0          0          0          0         76   dflti.o
        26          0          0          0          0         76   dfltui.o
       228          0          0          0          0         96   dmul.o
        38          0          0          0          0         68   f2d.o
       110          0          0          0          0        168   fepilogue.o

    ----------------------------------------------------------------------
      7640        630          0         44        104      79740   Library Totals
        26          0          0          3          4          0   (incl. Padding)

    ----------------------------------------------------------------------

      Code (inc. data)   RO Data    RW Data    ZI Data      Debug   Library Name

      4940        508          0         37        100      77384   RTX_CM4.lib
       652         96          0          0          0        532   m_wm.l
       628         26          0          4          0        604   mc_w.l
      1394          0          0          0          0       1220   mf_w.l

    ----------------------------------------------------------------------
      7640        630          0         44        104      79740   Library Totals

    ----------------------------------------------------------------------

==============================================================================


      Code (inc. data)   RO Data    RW Data    ZI Data      Debug   

     41880       2278        680        292       6412     619508   Grand Totals
     41880       2278        680        292       6412     619508   ELF Image Totals
     41880       2278        680        292          0          0   ROM Totals

==============================================================================

    Total RO  Size (Code + RO Data)                42560 (  41.56kB)
    Total RW  Size (RW Data + ZI Data)              6704 (   6.55kB)
    Total ROM Size (Code + RO Data + RW Data)      42852 (  41.85kB)

==============================================================================

