Component: ARM Compiler 5.05 update 2 (build 169) Tool: armlink [4d0f33]

==============================================================================

Section Cross References

    main.o(.text) refers to stm32f4xx_hal_rcc.o(.text) for HAL_RCC_OscConfig
    main.o(.text) refers to lis3dsh.o(.text) for LIS3DSH_Init
    main.o(.text) refers to rt_cmsis.o(i.osKernelInitialize) for osKernelInitialize
    main.o(.text) refers to stm32f4xx_hal.o(.text) for HAL_Init
    main.o(.text) refers to thread_led.o(.text) for start_Thread_LED
    main.o(.text) refers to rt_cmsis.o(i.osKernelStart) for osKernelStart
    main.o(.text) refers to stm32f4xx_hal_cortex.o(.text) for HAL_NVIC_EnableIRQ
    main.o(.text) refers to gpio.o(.text) for MX_GPIO_Init
    main.o(.text) refers to tim.o(.text) for MX_TIM2_Init
    main.o(.text) refers to stm32f4xx_hal_tim.o(.text) for HAL_TIM_Base_Start_IT
    main.o(.text) refers to printf1.o(i.__0printf$1) for __2printf
    main.o(.text) refers to 7_segment.o(.text) for displayNumberOnTrgtDigit
    main.o(.text) refers to rt_time.o(.data) for os_time
    main.o(.text) refers to main.o(.data) for Acc_instance
    main.o(.text) refers to tim.o(.bss) for htim2
    main.o(.text) refers to global_variables.o(.data) for FSM_state
    main.o(.text) refers to global_variables.o(.bss) for digitArray
    thread_led.o(.text) refers to rt_cmsis.o(i.osThreadCreate) for osThreadCreate
    thread_led.o(.text) refers to keypad4x4.o(.text) for getKeyPressed
    thread_led.o(.text) refers to printf1.o(i.__0printf$1) for __2printf
    thread_led.o(.text) refers to fsm.o(.text) for fsmEvent
    thread_led.o(.text) refers to lis3dsh.o(.text) for LIS3DSH_ReadACC
    thread_led.o(.text) refers to atan2f.o(i.__hardfp_atan2f) for __hardfp_atan2f
    thread_led.o(.text) refers to f2d.o(.text) for __aeabi_f2d
    thread_led.o(.text) refers to dmul.o(.text) for __aeabi_dmul
    thread_led.o(.text) refers to cdcmple.o(.text) for __aeabi_cdcmple
    thread_led.o(.text) refers to dadd.o(.text) for __aeabi_dadd
    thread_led.o(.text) refers to thread_led.o(.constdata) for os_thread_def_Thread_1
    thread_led.o(.text) refers to thread_led.o(.data) for tid_Thread_1
    thread_led.o(.text) refers to global_variables.o(.data) for flagForKeypad
    thread_led.o(.text) refers to global_variables.o(.bss) for inputBuffer
    thread_led.o(.text) refers to dflti.o(.text) for __aeabi_i2d
    thread_led.o(.text) refers to tim.o(.text) for updatePulse
    thread_led.o(.text) refers to ddiv.o(.text) for __aeabi_ddiv
    thread_led.o(.text) refers to dfixi.o(.text) for __aeabi_d2iz
    thread_led.o(.text) refers to stm32f4xx_hal_gpio.o(.text) for HAL_GPIO_Init
    thread_led.o(.text) refers to tim.o(.bss) for htim4
    thread_led.o(.text) refers to thread_led.o(.bss) for LED_configuration
    thread_led.o(.constdata) refers to thread_led.o(.text) for Thread_1
    supporting_functions.o(.text) refers to printf1.o(i.__0printf$1) for __2printf
    gpio.o(.text) refers to stm32f4xx_hal_gpio.o(.text) for HAL_GPIO_Init
    keypad4x4.o(.text) refers to stm32f4xx_hal_gpio.o(.text) for HAL_GPIO_Init
    keypad4x4.o(.text) refers to keypad4x4.o(.bss) for COLS_GPIO_init
    keypad4x4.o(.text) refers to keypad4x4.o(.constdata) for keypadMap
    stm32f4xx_hal_msp.o(.text) refers to stm32f4xx_hal_cortex.o(.text) for HAL_NVIC_SetPriorityGrouping
    stm32f4xx_it.o(.text) refers to stm32f4xx_hal_gpio.o(.text) for HAL_GPIO_EXTI_IRQHandler
    stm32f4xx_it.o(.text) refers to stm32f4xx_hal_tim.o(.text) for HAL_TIM_IRQHandler
    stm32f4xx_it.o(.text) refers to tim.o(.bss) for htim2
    tim.o(.text) refers to stm32f4xx_hal_tim.o(.text) for HAL_TIM_Base_Init
    tim.o(.text) refers to stm32f4xx_hal_tim_ex.o(.text) for HAL_TIMEx_MasterConfigSynchronization
    tim.o(.text) refers to stm32f4xx_hal_gpio.o(.text) for HAL_GPIO_Init
    tim.o(.text) refers to memcpya.o(.text) for __aeabi_memcpy4
    tim.o(.text) refers to dfltui.o(.text) for __aeabi_ui2d
    tim.o(.text) refers to ddiv.o(.text) for __aeabi_ddiv
    tim.o(.text) refers to dmul.o(.text) for __aeabi_dmul
    tim.o(.text) refers to dfixui.o(.text) for __aeabi_d2uiz
    tim.o(.text) refers to stm32f4xx_hal_cortex.o(.text) for HAL_NVIC_SetPriority
    tim.o(.text) refers to lis3dsh.o(.text) for LIS3DSH_DataReadyInterruptConfig
    tim.o(.text) refers to main.o(.text) for initializeACC
    tim.o(.text) refers to stm32f4xx_hal.o(.text) for HAL_Init
    tim.o(.text) refers to gpio.o(.text) for MX_GPIO_Init
    tim.o(.text) refers to tim.o(.bss) for htim2
    tim.o(.text) refers to main.o(.data) for interruptCfg
    7_segment.o(.text) refers to stm32f4xx_hal_gpio.o(.text) for HAL_GPIO_WritePin
    fsm.o(.text) refers to printf1.o(i.__0printf$1) for __2printf
    fsm.o(.text) refers to tim.o(.text) for deInit_Power_Consuming_Timers
    fsm.o(.text) refers to rt_cmsis.o(i.osThreadTerminate) for osThreadTerminate
    fsm.o(.text) refers to thread_led.o(.text) for start_Thread_2
[...]
    i.rt_tsk_create                          0x0800a33c   Section        0  rt_task.o(i.rt_tsk_create)
    i.rt_tsk_delete                          0x0800a3c4   Section        0  rt_task.o(i.rt_tsk_delete)
    i.rt_tsk_prio                            0x0800a540   Section        0  rt_task.o(i.rt_tsk_prio)
    i.rt_tsk_self                            0x0800a5bc   Section        0  rt_task.o(i.rt_tsk_self)
    i.svcKernelInitialize                    0x0800a5cc   Section        0  rt_cmsis.o(i.svcKernelInitialize)
    i.svcKernelStart                         0x0800a63c   Section        0  rt_cmsis.o(i.svcKernelStart)
    i.svcMessageCreate                       0x0800a684   Section        0  rt_cmsis.o(i.svcMessageCreate)
    i.svcMessageGet                          0x0800a6a8   Section        0  rt_cmsis.o(i.svcMessageGet)
    i.svcThreadCreate                        0x0800a6e4   Section        0  rt_cmsis.o(i.svcThreadCreate)
    i.svcThreadGetId                         0x0800a754   Section        0  rt_cmsis.o(i.svcThreadGetId)
    i.svcThreadTerminate                     0x0800a770   Section        0  rt_cmsis.o(i.svcThreadTerminate)
    i.svcTimerCall                           0x0800a7a8   Section        0  rt_cmsis.o(i.svcTimerCall)
    i.sysTimerTick                           0x0800a7c0   Section        0  rt_cmsis.o(i.sysTimerTick)
    .constdata                               0x0800a81c   Section       32  thread_led.o(.constdata)
    .constdata                               0x0800a83c   Section       64  keypad4x4.o(.constdata)
    .constdata                               0x0800a87c   Section      104  rtx_conf_cm.o(.constdata)
    __tagsym$$used                           0x0800a898   Number         0  rtx_conf_cm.o(.constdata)
    __tagsym$$used                           0x0800a89c   Number         0  rtx_conf_cm.o(.constdata)
    __tagsym$$used                           0x0800a8a0   Number         0  rtx_conf_cm.o(.constdata)
    __tagsym$$used                           0x0800a8a4   Number         0  rtx_conf_cm.o(.constdata)
    .constdata                               0x0800a8e4   Section        8  stm32f4xx_hal_dma.o(.constdata)
    flagBitshiftOffset                       0x0800a8e4   Data           8  stm32f4xx_hal_dma.o(.constdata)
    .constdata                               0x0800a8ec   Section       16  stm32f4xx_hal_rcc.o(.constdata)
    .constdata                               0x0800a8fc   Section       16  system_stm32f4xx.o(.constdata)
    .data                                    0x20000000   Section       24  main.o(.data)
    .data                                    0x20000018   Section        8  thread_led.o(.data)
    .data                                    0x20000020   Section      188  global_variables.o(.data)
    .data                                    0x200000dc   Section        4  lis3dsh.o(.data)
    .data                                    0x200000e0   Section       16  rtx_conf_cm.o(.data)
    .data                                    0x200000f0   Section        4  stm32f4xx_hal.o(.data)
    uwTick                                   0x200000f0   Data           4  stm32f4xx_hal.o(.data)
    .data                                    0x200000f4   Section        4  system_stm32f4xx.o(.data)
    .data                                    0x200000f8   Section        8  rt_cmsis.o(.data)
    .data                                    0x20000100   Section        4  rt_time.o(.data)
    .data                                    0x20000104   Section        8  rt_task.o(.data)
    .data                                    0x2000010c   Section        8  rt_system.o(.data)
    os_lock                                  0x2000010c   Data           1  rt_system.o(.data)
    os_psh_flag                              0x2000010d   Data           1  rt_system.o(.data)
    pend_flags                               0x2000010e   Data           1  rt_system.o(.data)
    .data                                    0x20000114   Section        1  hal_cm.o(.data)
    .data                                    0x20000118   Section        8  rt_robin.o(.data)
    .data                                    0x20000120   Section        4  stdout.o(.data)
    .bss                                     0x20000124   Section       20  thread_led.o(.bss)
    .bss                                     0x20000138   Section       40  keypad4x4.o(.bss)
    .bss                                     0x20000160   Section      208  tim.o(.bss)
    .bss                                     0x20000230   Section       60  global_variables.o(.bss)
    .bss                                     0x2000026c   Section       88  lis3dsh.o(.bss)
    .bss                                     0x200002c8   Section     4928  rtx_conf_cm.o(.bss)
    .bss                                     0x20001608   Section       52  rt_task.o(.bss)
    .bss                                     0x2000163c   Section       48  rt_list.o(.bss)
    STACK                                    0x20001670   Section     1024  startup_stm32f407xx.o(STACK)

    Global Symbols

    Symbol Name                              Value     Ov Type        Size  Object(Section)

    BuildAttributes$$THM_ISAv4$E$P$D$K$B$S$7EM$VFPi3$EXTD16$VFPS$VFMA$PE$A:L22UL41UL21$X:L11$S22US41US21$IEEE1$IW$USESV6$~STKCKD$USESV7$~SHL$OTIME$ROPI$IEEEX$EBA8$MICROLIB$REQ8$PRES8$EABIv2 0x00000000   Number         0  anon$$obj.o ABSOLUTE
    __ARM_use_no_argv                        0x00000000   Number         0  main.o ABSOLUTE
    _printf_a                                0x00000000   Number         0  stubs.o ABSOLUTE
    _printf_c                                0x00000000   Number         0  stubs.o ABSOLUTE
    _printf_charcount                        0x00000000   Number         0  stubs.o ABSOLUTE
    _printf_d                                0x00000000   Number         0  stubs.o ABSOLUTE
    _printf_e                                0x00000000   Number         0  stubs.o ABSOLUTE
    _printf_f                                0x00000000   Number         0  stubs.o ABSOLUTE
    _printf_flags                            0x00000000   Number         0  stubs.o ABSOLUTE
    _printf_fp_dec                           0x00000000   Number         0  stubs.o ABSOLUTE
    _printf_fp_hex                           0x00000000   Number         0  stubs.o ABSOLUTE
    _printf_g                                0x00000000   Number         0  stubs.o ABSOLUTE
    _printf_i                                0x00000000   Number         0  stubs.o ABSOLUTE
    _printf_int_dec                          0x00000000   Number         0  stubs.o ABSOLUTE
    _printf_l                                0x00000000   Number         0  stubs.o ABSOLUTE
    _printf_lc                               0x00000000   Number         0  stubs.o ABSOLUTE
    _printf_ll                               0x00000000   Number         0  stubs.o ABSOLUTE
    _printf_lld                              0x00000000   Number         0  stubs.o ABSOLUTE
    _printf_lli                              0x00000000   Number         0  stubs.o ABSOLUTE
    _printf_llo                              0x00000000   Number         0  stubs.o ABSOLUTE
    _printf_llu                              0x00000000   Number         0  stubs.o ABSOLUTE
    _printf_llx                              0x00000000   Number         0  stubs.o ABSOLUTE
    _printf_longlong_dec                     0x00000000   Number         0  stubs.o ABSOLUTE
    _printf_longlong_hex                     0x00000000   Number         0  stubs.o ABSOLUTE
    _printf_longlong_oct                     0x00000000   Number         0  stubs.o ABSOLUTE
    _printf_ls                               0x00000000   Number         0  stubs.o ABSOLUTE
    _printf_mbtowc                           0x00000000   Number         0  stubs.o ABSOLUTE
    _printf_n                                0x00000000   Number         0  stubs.o ABSOLUTE
    _printf_o                                0x00000000   Number         0  stubs.o ABSOLUTE
    _printf_p                                0x00000000   Number         0  stubs.o ABSOLUTE
    _printf_percent                          0x00000000   Number         0  stubs.o ABSOLUTE
    _printf_pre_padding                      0x00000000   Number         0  stubs.o ABSOLUTE
    _printf_return_value                     0x00000000   Number         0  stubs.o ABSOLUTE
    _printf_s                                0x00000000   Number         0  stubs.o ABSOLUTE
    _printf_sizespec                         0x00000000   Number         0  stubs.o ABSOLUTE
    _printf_str                              0x00000000   Number         0  stubs.o ABSOLUTE
    _printf_truncate_signed                  0x00000000   Number         0  stubs.o ABSOLUTE
    _printf_truncate_unsigned                0x00000000   Number         0  stubs.o ABSOLUTE
    _printf_u                                0x00000000   Number         0  stubs.o ABSOLUTE
    _printf_wc                               0x00000000   Number         0  stubs.o ABSOLUTE
    _printf_wctomb                           0x00000000   Number         0  stubs.o ABSOLUTE
    _printf_widthprec                        0x00000000   Number         0  stubs.o ABSOLUTE
    _printf_x                                0x00000000   Number         0  stubs.o ABSOLUTE
    __cpp_initialize__aeabi_                  - Undefined Weak Reference
    __cxa_finalize                            - Undefined Weak Reference
    __decompress                              - Undefined Weak Reference
    _clock_init                               - Undefined Weak Reference
    _microlib_exit                            - Undefined Weak Reference
    __Vectors_Size                           0x00000188   Number         0  startup_stm32f407xx.o ABSOLUTE
    __RL_RTX_VER                             0x00000481   Number         0  rt_system.o ABSOLUTE
    __Vectors                                0x08000000   Data           4  startup_stm32f407xx.o(RESET)
    __Vectors_End                            0x08000188   Data           0  startup_stm32f407xx.o(RESET)
    __main                                   0x08000189   Thumb Code     0  entry.o(.ARM.Collect$$$$00000000)
    _main_stk                                0x08000189   Thumb Code     0  entry2.o(.ARM.Collect$$$$00000001)
    _main_scatterload                        0x0800018d   Thumb Code     0  entry5.o(.ARM.Collect$$$$00000004)
    __main_after_scatterload                 0x08000191   Thumb Code     0  entry5.o(.ARM.Collect$$$$00000004)
    __rt_final_cpp                           0x08000191   Thumb Code     0  entry10a.o(.ARM.Collect$$$$0000000D)
    __rt_final_exit                          0x08000191   Thumb Code     0  entry11a.o(.ARM.Collect$$$$0000000F)
    _main_clock                              0x08000191   Thumb Code     0  entry7b.o(.ARM.Collect$$$$00000008)
    _main_cpp_init                           0x08000191   Thumb Code     0  entry8b.o(.ARM.Collect$$$$0000000A)
    _main_init                               0x08000191   Thumb Code    18  rtx_conf_cm.o(.ARM.Collect$$$$000000FF)
    rt_set_PSP                               0x080001ad   Thumb Code     6  hal_cm4.o(.emb_text)
    rt_get_PSP                               0x080001b3   Thumb Code     6  hal_cm4.o(.emb_text)
    os_set_env                               0x080001b9   Thumb Code    24  hal_cm4.o(.emb_text)
    _alloc_box                               0x080001d5   Thumb Code    28  hal_cm4.o(.emb_text)
    _free_box                                0x080001f5   Thumb Code    28  hal_cm4.o(.emb_text)
    SVC_Handler                              0x08000215   Thumb Code   168  hal_cm4.o(.emb_text)
    PendSV_Handler                           0x080002cd   Thumb Code    96  hal_cm4.o(.emb_text)
    SysTick_Handler                          0x08000331   Thumb Code     8  hal_cm4.o(.emb_text)
    OS_Tick_Handler                          0x08000339   Thumb Code    12  hal_cm4.o(.emb_text)
    HAL_GetTick                              0x08000345   Thumb Code     6  main.o(.text)
    SystemClock_Config                       0x0800034b   Thumb Code   142  main.o(.text)
    initializeACC                            0x080003d9   Thumb Code    36  main.o(.text)
    main                                     0x080003fd   Thumb Code   152  main.o(.text)
    HAL_TIM_PeriodElapsedCallback            0x08000495   Thumb Code    92  main.o(.text)
    HAL_GPIO_EXTI_Callback                   0x080004f1   Thumb Code     8  main.o(.text)
    start_Thread_LED                         0x08000549   Thumb Code    30  thread_led.o(.text)
    start_Thread_2                           0x08000567   Thumb Code    18  thread_led.o(.text)
    Thread_1                                 0x08000579   Thumb Code   112  thread_led.o(.text)
    Thread_2                                 0x080005e9   Thumb Code  2060  thread_led.o(.text)
    initializeLED_IO                         0x08000df5   Thumb Code   152  thread_led.o(.text)
    MX_GPIO_Init                             0x08000e8d   Thumb Code   614  gpio.o(.text)
    setColumnsAsInput                        0x08001115   Thumb Code    88  keypad4x4.o(.text)
    setRowsAsInput                           0x0800116d   Thumb Code    88  keypad4x4.o(.text)
    getColumnOfKeyPressed                    0x080011c5   Thumb Code    76  keypad4x4.o(.text)
    getRowOfKeyPressed                       0x08001211   Thumb Code    76  keypad4x4.o(.text)
    getKeyPressed                            0x0800125d   Thumb Code    42  keypad4x4.o(.text)
    HAL_MspInit                              0x0800129d   Thumb Code    20  stm32f4xx_hal_msp.o(.text)
    EXTI0_IRQHandler                         0x080012b1   Thumb Code    10  stm32f4xx_it.o(.text)
    TIM2_IRQHandler                          0x080012bb   Thumb Code    10  stm32f4xx_it.o(.text)
    TIM3_IRQHandler                          0x080012c5   Thumb Code    10  stm32f4xx_it.o(.text)
    MX_TIM2_Init                             0x080012d9   Thumb Code    70  tim.o(.text)
    MX_TIM3_Init                             0x0800131f   Thumb Code    68  tim.o(.text)
    HAL_TIM_MspPostInit                      0x08001363   Thumb Code    46  tim.o(.text)
    MX_TIM4_Init_Alt                         0x08001391   Thumb Code   144  tim.o(.text)
    updatePulse                              0x08001421   Thumb Code    90  tim.o(.text)
    HAL_TIM_Base_MspInit                     0x0800147b   Thumb Code   196  tim.o(.text)
    HAL_TIM_PWM_MspInit                      0x0800153f   Thumb Code   102  tim.o(.text)
    HAL_TIM_Base_MspDeInit                   0x080015a5   Thumb Code   102  tim.o(.text)
    HAL_TIM_PWM_MspDeInit                    0x0800160b   Thumb Code    36  tim.o(.text)
    init_External_Trigger                    0x0800162f   Thumb Code    20  tim.o(.text)
    deInit_External_Trigger                  0x08001643   Thumb Code    30  tim.o(.text)
    init_Power_Consuming_Timers              0x08001661   Thumb Code    72  tim.o(.text)
    deInit_Power_Consuming_Timers            0x080016a9   Thumb Code   132  tim.o(.text)
    displayNumberOn7Segment                  0x08001735   Thumb Code   754  7_segment.o(.text)
    selectTrgt7SegmentDisplayDigit           0x08001a27   Thumb Code   200  7_segment.o(.text)
    displayNumberOnTrgtDigit                 0x08001aef   Thumb Code    20  7_segment.o(.text)
    fputc                                    0x08001b09   Thumb Code    52  fput_debug.o(.text)
    fsmEvent                                 0x08001b41   Thumb Code   718  fsm.o(.text)
    SPI_ReceiveData                          0x08002085   Thumb Code    10  lis3dsh.o(.text)
    LIS3DSH_TIMEOUT_UserCallback             0x0800208f   Thumb Code     4  lis3dsh.o(.text)
    SPI_SendData                             0x08002093   Thumb Code     6  lis3dsh.o(.text)
    LIS3DSH_Write                            0x08002105   Thumb Code    62  lis3dsh.o(.text)
    LIS3DSH_Init                             0x08002143   Thumb Code   170  lis3dsh.o(.text)
    LIS3DSH_Read                             0x080021ed   Thumb Code    70  lis3dsh.o(.text)
    LIS3DSH_DataReadyInterruptConfig         0x08002233   Thumb Code    42  lis3dsh.o(.text)
    LIS3DSH_LowpowerCmd                      0x0800225d   Thumb Code    40  lis3dsh.o(.text)
    LIS3DSH_DataRateCmd                      0x08002285   Thumb Code    44  lis3dsh.o(.text)
    LIS3DSH_FullScaleCmd                     0x080022b1   Thumb Code    44  lis3dsh.o(.text)
    LIS3DSH_ReadACC                          0x080022dd   Thumb Code   628  lis3dsh.o(.text)
    HAL_SPI_MspInit                          0x08002551   Thumb Code   218  lis3dsh.o(.text)
    os_idle_demon                            0x08002645   Thumb Code     4  rtx_conf_cm.o(.text)
    os_error                                 0x08002649   Thumb Code    34  rtx_conf_cm.o(.text)
    HAL_InitTick                             0x08002677   Thumb Code    36  stm32f4xx_hal.o(.text)
    HAL_Init                                 0x0800269b   Thumb Code    54  stm32f4xx_hal.o(.text)
    HAL_MspDeInit                            0x080026d1   Thumb Code    10  stm32f4xx_hal.o(.text)
    HAL_DeInit                               0x080026db   Thumb Code    64  stm32f4xx_hal.o(.text)
    HAL_IncTick                              0x0800271b   Thumb Code    12  stm32f4xx_hal.o(.text)
    HAL_Delay                                0x0800272d   Thumb Code    26  stm32f4xx_hal.o(.text)
    HAL_SuspendTick                          0x08002747   Thumb Code    18  stm32f4xx_hal.o(.text)
    HAL_ResumeTick                           0x08002759   Thumb Code    18  stm32f4xx_hal.o(.text)
    HAL_GetHalVersion                        0x0800276b   Thumb Code     4  stm32f4xx_hal.o(.text)
    HAL_GetREVID                             0x0800276f   Thumb Code     8  stm32f4xx_hal.o(.text)
    HAL_GetDEVID                             0x08002777   Thumb Code    10  stm32f4xx_hal.o(.text)
    HAL_DBGMCU_EnableDBGSleepMode            0x08002781   Thumb Code    14  stm32f4xx_hal.o(.text)
    HAL_DBGMCU_DisableDBGSleepMode           0x0800278f   Thumb Code    14  stm32f4xx_hal.o(.text)
    HAL_DBGMCU_EnableDBGStopMode             0x0800279d   Thumb Code    14  stm32f4xx_hal.o(.text)
    HAL_DBGMCU_DisableDBGStopMode            0x080027ab   Thumb Code    14  stm32f4xx_hal.o(.text)
    HAL_DBGMCU_EnableDBGStandbyMode          0x080027b9   Thumb Code    14  stm32f4xx_hal.o(.text)
    HAL_DBGMCU_DisableDBGStandbyMode         0x080027c7   Thumb Code    14  stm32f4xx_hal.o(.text)
    HAL_EnableCompensationCell               0x080027d5   Thumb Code    22  stm32f4xx_hal.o(.text)
    HAL_DisableCompensationCell              0x080027eb   Thumb Code    24  stm32f4xx_hal.o(.text)
    HAL_NVIC_SetPriorityGrouping             0x0800283d   Thumb Code    36  stm32f4xx_hal_cortex.o(.text)
    HAL_NVIC_SetPriority                     0x08002861   Thumb Code   124  stm32f4xx_hal_cortex.o(.text)
    HAL_NVIC_EnableIRQ                       0x080028dd   Thumb Code    32  stm32f4xx_hal_cortex.o(.text)
    HAL_NVIC_DisableIRQ                      0x080028fd   Thumb Code    30  stm32f4xx_hal_cortex.o(.text)
    HAL_NVIC_SystemReset                     0x0800291b   Thumb Code    64  stm32f4xx_hal_cortex.o(.text)
    HAL_SYSTICK_Config                       0x0800295b   Thumb Code    52  stm32f4xx_hal_cortex.o(.text)
    HAL_MPU_ConfigRegion                     0x0800298f   Thumb Code    90  stm32f4xx_hal_cortex.o(.text)
    HAL_NVIC_GetPriorityGrouping             0x080029e9   Thumb Code     8  stm32f4xx_hal_cortex.o(.text)
    HAL_NVIC_GetPriority                     0x080029f1   Thumb Code   138  stm32f4xx_hal_cortex.o(.text)
    HAL_NVIC_SetPendingIRQ                   0x08002a7b   Thumb Code    32  stm32f4xx_hal_cortex.o(.text)
    HAL_NVIC_GetPendingIRQ                   0x08002a9b   Thumb Code    46  stm32f4xx_hal_cortex.o(.text)
    HAL_NVIC_ClearPendingIRQ                 0x08002ac9   Thumb Code    30  stm32f4xx_hal_cortex.o(.text)
    HAL_NVIC_GetActive                       0x08002ae7   Thumb Code    46  stm32f4xx_hal_cortex.o(.text)
    HAL_SYSTICK_CLKSourceConfig              0x08002b15   Thumb Code    40  stm32f4xx_hal_cortex.o(.text)
    HAL_SYSTICK_Callback                     0x08002b3d   Thumb Code    10  stm32f4xx_hal_cortex.o(.text)
    HAL_SYSTICK_IRQHandler                   0x08002b47   Thumb Code     8  stm32f4xx_hal_cortex.o(.text)
    HAL_DMA_Init                             0x08002b9f   Thumb Code   128  stm32f4xx_hal_dma.o(.text)
    HAL_DMA_DeInit                           0x08002c1f   Thumb Code   100  stm32f4xx_hal_dma.o(.text)
    HAL_DMA_Start                            0x08002caf   Thumb Code    82  stm32f4xx_hal_dma.o(.text)
    HAL_DMA_Start_IT                         0x08002d01   Thumb Code   106  stm32f4xx_hal_dma.o(.text)
    HAL_DMA_Abort                            0x08002d6b   Thumb Code    94  stm32f4xx_hal_dma.o(.text)
    HAL_DMA_PollForTransfer                  0x08002dc9   Thumb Code   412  stm32f4xx_hal_dma.o(.text)
    HAL_DMA_IRQHandler                       0x08002f65   Thumb Code   530  stm32f4xx_hal_dma.o(.text)
    HAL_DMA_GetState                         0x08003177   Thumb Code     8  stm32f4xx_hal_dma.o(.text)
    HAL_DMA_GetError                         0x0800317f   Thumb Code     6  stm32f4xx_hal_dma.o(.text)
    HAL_GPIO_Init                            0x08003189   Thumb Code   476  stm32f4xx_hal_gpio.o(.text)
    HAL_GPIO_DeInit                          0x08003365   Thumb Code   326  stm32f4xx_hal_gpio.o(.text)
    HAL_GPIO_ReadPin                         0x080034ab   Thumb Code    16  stm32f4xx_hal_gpio.o(.text)
    HAL_GPIO_WritePin                        0x080034bb   Thumb Code    12  stm32f4xx_hal_gpio.o(.text)
    HAL_GPIO_TogglePin                       0x080034c7   Thumb Code     8  stm32f4xx_hal_gpio.o(.text)
    HAL_GPIO_LockPin                         0x080034cf   Thumb Code    46  stm32f4xx_hal_gpio.o(.text)
    HAL_GPIO_EXTI_IRQHandler                 0x08003507   Thumb Code    28  stm32f4xx_hal_gpio.o(.text)
    HAL_RCC_OscConfig                        0x08003557   Thumb Code  1032  stm32f4xx_hal_rcc.o(.text)
    HAL_RCC_ClockConfig                      0x0800395f   Thumb Code   680  stm32f4xx_hal_rcc.o(.text)
    HAL_RCC_MCOConfig                        0x08003c07   Thumb Code   178  stm32f4xx_hal_rcc.o(.text)
    HAL_RCC_EnableCSS                        0x08003cb9   Thumb Code     8  stm32f4xx_hal_rcc.o(.text)
    HAL_RCC_DisableCSS                       0x08003cc1   Thumb Code     8  stm32f4xx_hal_rcc.o(.text)
    HAL_RCC_GetSysClockFreq                  0x08003cc9   Thumb Code   198  stm32f4xx_hal_rcc.o(.text)
    HAL_RCC_GetHCLKFreq                      0x08003d8f   Thumb Code    42  stm32f4xx_hal_rcc.o(.text)
    HAL_RCC_GetPCLK1Freq                     0x08003db9   Thumb Code    36  stm32f4xx_hal_rcc.o(.text)
    HAL_RCC_GetPCLK2Freq                     0x08003ddd   Thumb Code    36  stm32f4xx_hal_rcc.o(.text)
    HAL_RCC_GetOscConfig                     0x08003e01   Thumb Code   296  stm32f4xx_hal_rcc.o(.text)
    HAL_RCC_GetClockConfig                   0x08003f29   Thumb Code    58  stm32f4xx_hal_rcc.o(.text)
    HAL_RCC_CSSCallback                      0x08003f63   Thumb Code    10  stm32f4xx_hal_rcc.o(.text)
    HAL_RCC_NMI_IRQHandler                   0x08003f6d   Thumb Code    30  stm32f4xx_hal_rcc.o(.text)
    HAL_SPI_Init                             0x08003fa3   Thumb Code   136  stm32f4xx_hal_spi.o(.text)
    HAL_SPI_MspDeInit                        0x0800402b   Thumb Code     2  stm32f4xx_hal_spi.o(.text)
    HAL_SPI_DeInit                           0x0800402d   Thumb Code    48  stm32f4xx_hal_spi.o(.text)
    HAL_SPI_Transmit                         0x08004171   Thumb Code   450  stm32f4xx_hal_spi.o(.text)
    HAL_SPI_TransmitReceive                  0x08004333   Thumb Code   850  stm32f4xx_hal_spi.o(.text)
    HAL_SPI_Receive                          0x08004685   Thumb Code   572  stm32f4xx_hal_spi.o(.text)
    HAL_SPI_ErrorCallback                    0x080048c1   Thumb Code     2  stm32f4xx_hal_spi.o(.text)
    HAL_SPI_TxCpltCallback                   0x080048c3   Thumb Code     2  stm32f4xx_hal_spi.o(.text)
    HAL_SPI_TxRxCpltCallback                 0x080048c5   Thumb Code     2  stm32f4xx_hal_spi.o(.text)
    HAL_SPI_Transmit_IT                      0x080049b5   Thumb Code   198  stm32f4xx_hal_spi.o(.text)
    HAL_SPI_RxCpltCallback                   0x08004a7b   Thumb Code     2  stm32f4xx_hal_spi.o(.text)
    HAL_SPI_TransmitReceive_IT               0x08004ba3   Thumb Code   192  stm32f4xx_hal_spi.o(.text)
    HAL_SPI_Receive_IT                       0x08004cb5   Thumb Code   222  stm32f4xx_hal_spi.o(.text)
    HAL_SPI_TxHalfCpltCallback               0x08004e43   Thumb Code     2  stm32f4xx_hal_spi.o(.text)
    HAL_SPI_Transmit_DMA                     0x08004e53   Thumb Code   218  stm32f4xx_hal_spi.o(.text)
    HAL_SPI_RxHalfCpltCallback               0x080050a5   Thumb Code     2  stm32f4xx_hal_spi.o(.text)
    HAL_SPI_TxRxHalfCpltCallback             0x080050ed   Thumb Code     2  stm32f4xx_hal_spi.o(.text)
    HAL_SPI_TransmitReceive_DMA              0x080050fd   Thumb Code   324  stm32f4xx_hal_spi.o(.text)
    HAL_SPI_Receive_DMA                      0x08005241   Thumb Code   288  stm32f4xx_hal_spi.o(.text)
    HAL_SPI_DMAPause                         0x08005361   Thumb Code    62  stm32f4xx_hal_spi.o(.text)
    HAL_SPI_DMAResume                        0x0800539f   Thumb Code    62  stm32f4xx_hal_spi.o(.text)
    HAL_SPI_DMAStop                          0x080053dd   Thumb Code    58  stm32f4xx_hal_spi.o(.text)
    HAL_SPI_IRQHandler                       0x08005417   Thumb Code   262  stm32f4xx_hal_spi.o(.text)
    HAL_SPI_GetState                         0x0800551d   Thumb Code     8  stm32f4xx_hal_spi.o(.text)
    HAL_SPI_GetError                         0x08005525   Thumb Code     6  stm32f4xx_hal_spi.o(.text)
    TIM_Base_SetConfig                       0x08005539   Thumb Code   184  stm32f4xx_hal_tim.o(.text)
    HAL_TIM_Base_Init                        0x080055f3   Thumb Code    52  stm32f4xx_hal_tim.o(.text)
    HAL_TIM_Base_DeInit                      0x08005629   Thumb Code    70  stm32f4xx_hal_tim.o(.text)
    HAL_TIM_Base_Start                       0x0800566f   Thumb Code    30  stm32f4xx_hal_tim.o(.text)
    HAL_TIM_Base_Stop                        0x0800568d   Thumb Code    56  stm32f4xx_hal_tim.o(.text)
    HAL_TIM_Base_Start_IT                    0x080056c5   Thumb Code    30  stm32f4xx_hal_tim.o(.text)
    HAL_TIM_Base_Stop_IT                     0x080056e3   Thumb Code    56  stm32f4xx_hal_tim.o(.text)
    HAL_TIM_ErrorCallback                    0x0800571b   Thumb Code     2  stm32f4xx_hal_tim.o(.text)
    TIM_DMAError                             0x0800571d   Thumb Code    20  stm32f4xx_hal_tim.o(.text)
    HAL_TIM_Base_Start_DMA                   0x08005747   Thumb Code    98  stm32f4xx_hal_tim.o(.text)
    HAL_TIM_Base_Stop_DMA                    0x080057a9   Thumb Code    62  stm32f4xx_hal_tim.o(.text)
    HAL_TIM_OC_MspInit                       0x080057e7   Thumb Code     2  stm32f4xx_hal_tim.o(.text)
    HAL_TIM_OC_Init                          0x080057e9   Thumb Code    52  stm32f4xx_hal_tim.o(.text)
    HAL_TIM_OC_MspDeInit                     0x0800581d   Thumb Code     2  stm32f4xx_hal_tim.o(.text)
    HAL_TIM_OC_DeInit                        0x0800581f   Thumb Code    70  stm32f4xx_hal_tim.o(.text)
    TIM_CCxChannelCmd                        0x08005865   Thumb Code    28  stm32f4xx_hal_tim.o(.text)
    HAL_TIM_OC_Start                         0x08005881   Thumb Code    68  stm32f4xx_hal_tim.o(.text)
    HAL_TIM_OC_Stop                          0x080058c5   Thumb Code   170  stm32f4xx_hal_tim.o(.text)
    HAL_TIM_OC_Start_IT                      0x0800596f   Thumb Code   144  stm32f4xx_hal_tim.o(.text)
    HAL_TIM_OC_Stop_IT                       0x080059ff   Thumb Code   196  stm32f4xx_hal_tim.o(.text)
    HAL_TIM_PWM_PulseFinishedCallback        0x08005ac3   Thumb Code     2  stm32f4xx_hal_tim.o(.text)
    TIM_DMADelayPulseCplt                    0x08005ac5   Thumb Code    70  stm32f4xx_hal_tim.o(.text)
    HAL_TIM_OC_Start_DMA                     0x08005b0b   Thumb Code   312  stm32f4xx_hal_tim.o(.text)
    HAL_TIM_OC_Stop_DMA                      0x08005c43   Thumb Code   202  stm32f4xx_hal_tim.o(.text)
    HAL_TIM_PWM_Init                         0x08005d0f   Thumb Code    52  stm32f4xx_hal_tim.o(.text)
    HAL_TIM_PWM_DeInit                       0x08005d45   Thumb Code    70  stm32f4xx_hal_tim.o(.text)
    HAL_TIM_PWM_Start                        0x08005d8b   Thumb Code    78  stm32f4xx_hal_tim.o(.text)
    HAL_TIM_PWM_Stop                         0x08005dd9   Thumb Code   126  stm32f4xx_hal_tim.o(.text)
    HAL_TIM_PWM_Start_IT                     0x08005e57   Thumb Code   144  stm32f4xx_hal_tim.o(.text)
    HAL_TIM_PWM_Stop_IT                      0x08005ee7   Thumb Code   196  stm32f4xx_hal_tim.o(.text)
    HAL_TIM_PWM_Start_DMA                    0x08005fab   Thumb Code   312  stm32f4xx_hal_tim.o(.text)
    HAL_TIM_PWM_Stop_DMA                     0x080060e3   Thumb Code   202  stm32f4xx_hal_tim.o(.text)
    HAL_TIM_IC_MspInit                       0x080061ad   Thumb Code     2  stm32f4xx_hal_tim.o(.text)
    HAL_TIM_IC_Init                          0x080061af   Thumb Code    62  stm32f4xx_hal_tim.o(.text)
    HAL_TIM_IC_MspDeInit                     0x080061ed   Thumb Code     2  stm32f4xx_hal_tim.o(.text)
    HAL_TIM_IC_DeInit                        0x080061ef   Thumb Code    70  stm32f4xx_hal_tim.o(.text)
    HAL_TIM_IC_Start                         0x08006235   Thumb Code    32  stm32f4xx_hal_tim.o(.text)
    HAL_TIM_IC_Stop                          0x08006255   Thumb Code    58  stm32f4xx_hal_tim.o(.text)
    HAL_TIM_IC_Start_IT                      0x0800628f   Thumb Code   108  stm32f4xx_hal_tim.o(.text)
    HAL_TIM_IC_Stop_IT                       0x080062fb   Thumb Code   134  stm32f4xx_hal_tim.o(.text)
    HAL_TIM_IC_CaptureCallback               0x08006381   Thumb Code     2  stm32f4xx_hal_tim.o(.text)
    TIM_DMACaptureCplt                       0x08006383   Thumb Code    70  stm32f4xx_hal_tim.o(.text)
    HAL_TIM_IC_Start_DMA                     0x080063c9   Thumb Code   276  stm32f4xx_hal_tim.o(.text)
    HAL_TIM_IC_Stop_DMA                      0x080064dd   Thumb Code   140  stm32f4xx_hal_tim.o(.text)
    HAL_TIM_OnePulse_MspInit                 0x08006569   Thumb Code     2  stm32f4xx_hal_tim.o(.text)
    HAL_TIM_OnePulse_Init                    0x0800656b   Thumb Code    76  stm32f4xx_hal_tim.o(.text)
    HAL_TIM_OnePulse_MspDeInit               0x080065b7   Thumb Code     2  stm32f4xx_hal_tim.o(.text)
    HAL_TIM_OnePulse_DeInit                  0x080065b9   Thumb Code    70  stm32f4xx_hal_tim.o(.text)
    HAL_TIM_OnePulse_Start                   0x080065ff   Thumb Code    66  stm32f4xx_hal_tim.o(.text)
    HAL_TIM_OnePulse_Stop                    0x08006641   Thumb Code   130  stm32f4xx_hal_tim.o(.text)
    HAL_TIM_OnePulse_Start_IT                0x080066c3   Thumb Code    90  stm32f4xx_hal_tim.o(.text)
    HAL_TIM_OnePulse_Stop_IT                 0x0800671d   Thumb Code   154  stm32f4xx_hal_tim.o(.text)
    HAL_TIM_Encoder_MspInit                  0x080067b7   Thumb Code     2  stm32f4xx_hal_tim.o(.text)
    HAL_TIM_Encoder_Init                     0x080067b9   Thumb Code   180  stm32f4xx_hal_tim.o(.text)
    HAL_TIM_Encoder_MspDeInit                0x0800686d   Thumb Code     2  stm32f4xx_hal_tim.o(.text)
    HAL_TIM_Encoder_DeInit                   0x0800686f   Thumb Code    70  stm32f4xx_hal_tim.o(.text)
    HAL_TIM_Encoder_Start                    0x080068b5   Thumb Code    78  stm32f4xx_hal_tim.o(.text)
    HAL_TIM_Encoder_Stop                     0x08006903   Thumb Code   104  stm32f4xx_hal_tim.o(.text)
    HAL_TIM_Encoder_Start_IT                 0x0800696b   Thumb Code   126  stm32f4xx_hal_tim.o(.text)
    HAL_TIM_Encoder_Stop_IT                  0x080069e9   Thumb Code   160  stm32f4xx_hal_tim.o(.text)
    HAL_TIM_Encoder_Start_DMA                0x08006a89   Thumb Code   328  stm32f4xx_hal_tim.o(.text)
    HAL_TIM_Encoder_Stop_DMA                 0x08006bd1   Thumb Code   152  stm32f4xx_hal_tim.o(.text)
    HAL_TIM_TriggerCallback                  0x08006c69   Thumb Code     2  stm32f4xx_hal_tim.o(.text)
    HAL_TIM_OC_DelayElapsedCallback          0x08006c6b   Thumb Code     2  stm32f4xx_hal_tim.o(.text)
    HAL_TIM_IRQHandler                       0x08006c6d   Thumb Code   406  stm32f4xx_hal_tim.o(.text)
    TIM_OC2_SetConfig                        0x08006ed5   Thumb Code   112  stm32f4xx_hal_tim.o(.text)
    HAL_TIM_OC_ConfigChannel                 0x08006fab   Thumb Code   116  stm32f4xx_hal_tim.o(.text)
    TIM_TI1_SetConfig                        0x080070d9   Thumb Code   122  stm32f4xx_hal_tim.o(.text)
    HAL_TIM_IC_ConfigChannel                 0x08007153   Thumb Code   224  stm32f4xx_hal_tim.o(.text)
    HAL_TIM_PWM_ConfigChannel                0x08007233   Thumb Code   294  stm32f4xx_hal_tim.o(.text)
    HAL_TIM_OnePulse_ConfigChannel           0x08007359   Thumb Code   286  stm32f4xx_hal_tim.o(.text)
    HAL_TIM_DMABurst_WriteStart              0x0800748b   Thumb Code   366  stm32f4xx_hal_tim.o(.text)
    HAL_TIM_DMABurst_WriteStop               0x080075f9   Thumb Code   128  stm32f4xx_hal_tim.o(.text)
    HAL_TIM_DMABurst_ReadStart               0x08007679   Thumb Code   366  stm32f4xx_hal_tim.o(.text)
    HAL_TIM_DMABurst_ReadStop                0x080077e7   Thumb Code   128  stm32f4xx_hal_tim.o(.text)
    HAL_TIM_GenerateEvent                    0x08007867   Thumb Code    54  stm32f4xx_hal_tim.o(.text)
    HAL_TIM_ConfigOCrefClear                 0x080078b5   Thumb Code   252  stm32f4xx_hal_tim.o(.text)
    HAL_TIM_ConfigClockSource                0x08007a1b   Thumb Code   306  stm32f4xx_hal_tim.o(.text)
    HAL_TIM_ConfigTI1Input                   0x08007b4d   Thumb Code    24  stm32f4xx_hal_tim.o(.text)
    HAL_TIM_SlaveConfigSynchronization       0x08007c09   Thumb Code    86  stm32f4xx_hal_tim.o(.text)
    HAL_TIM_SlaveConfigSynchronization_IT    0x08007c5f   Thumb Code    86  stm32f4xx_hal_tim.o(.text)
    HAL_TIM_ReadCapturedValue                0x08007cb5   Thumb Code    84  stm32f4xx_hal_tim.o(.text)
    HAL_TIM_Base_GetState                    0x08007d09   Thumb Code     8  stm32f4xx_hal_tim.o(.text)
    HAL_TIM_OC_GetState                      0x08007d11   Thumb Code     8  stm32f4xx_hal_tim.o(.text)
    HAL_TIM_PWM_GetState                     0x08007d19   Thumb Code     8  stm32f4xx_hal_tim.o(.text)
    HAL_TIM_IC_GetState                      0x08007d21   Thumb Code     8  stm32f4xx_hal_tim.o(.text)
    HAL_TIM_OnePulse_GetState                0x08007d29   Thumb Code     8  stm32f4xx_hal_tim.o(.text)
    HAL_TIM_Encoder_GetState                 0x08007d31   Thumb Code     8  stm32f4xx_hal_tim.o(.text)
    HAL_TIMEx_HallSensor_MspInit             0x08007d39   Thumb Code     2  stm32f4xx_hal_tim_ex.o(.text)
    HAL_TIMEx_HallSensor_Init                0x08007d3b   Thumb Code   196  stm32f4xx_hal_tim_ex.o(.text)
    HAL_TIMEx_HallSensor_MspDeInit           0x08007dff   Thumb Code     2  stm32f4xx_hal_tim_ex.o(.text)
    HAL_TIMEx_HallSensor_DeInit              0x08007e01   Thumb Code    70  stm32f4xx_hal_tim_ex.o(.text)
    HAL_TIMEx_HallSensor_Start               0x08007e47   Thumb Code    30  stm32f4xx_hal_tim_ex.o(.text)
    HAL_TIMEx_HallSensor_Stop                0x08007e65   Thumb Code    56  stm32f4xx_hal_tim_ex.o(.text)
    HAL_TIMEx_HallSensor_Start_IT            0x08007e9d   Thumb Code    42  stm32f4xx_hal_tim_ex.o(.text)
    HAL_TIMEx_HallSensor_Stop_IT             0x08007ec7   Thumb Code    68  stm32f4xx_hal_tim_ex.o(.text)
    HAL_TIMEx_HallSensor_Start_DMA           0x08007f0b   Thumb Code   106  stm32f4xx_hal_tim_ex.o(.text)
    HAL_TIMEx_HallSensor_Stop_DMA            0x08007f75   Thumb Code    68  stm32f4xx_hal_tim_ex.o(.text)
    HAL_TIMEx_OCN_Start                      0x08007fd5   Thumb Code    44  stm32f4xx_hal_tim_ex.o(.text)
    HAL_TIMEx_OCN_Stop                       0x08008001   Thumb Code    96  stm32f4xx_hal_tim_ex.o(.text)
    HAL_TIMEx_OCN_Start_IT                   0x08008061   Thumb Code   132  stm32f4xx_hal_tim_ex.o(.text)
    HAL_TIMEx_OCN_Stop_IT                    0x080080e5   Thumb Code   196  stm32f4xx_hal_tim_ex.o(.text)
    HAL_TIMEx_OCN_Start_DMA                  0x080081a9   Thumb Code   272  stm32f4xx_hal_tim_ex.o(.text)
    HAL_TIMEx_OCN_Stop_DMA                   0x080082b9   Thumb Code   192  stm32f4xx_hal_tim_ex.o(.text)
    HAL_TIMEx_PWMN_Start                     0x08008379   Thumb Code    44  stm32f4xx_hal_tim_ex.o(.text)
    HAL_TIMEx_PWMN_Stop                      0x080083a5   Thumb Code    96  stm32f4xx_hal_tim_ex.o(.text)
    HAL_TIMEx_PWMN_Start_IT                  0x08008405   Thumb Code   132  stm32f4xx_hal_tim_ex.o(.text)
    HAL_TIMEx_PWMN_Stop_IT                   0x08008489   Thumb Code   196  stm32f4xx_hal_tim_ex.o(.text)
    HAL_TIMEx_PWMN_Start_DMA                 0x0800854d   Thumb Code   272  stm32f4xx_hal_tim_ex.o(.text)
    HAL_TIMEx_PWMN_Stop_DMA                  0x0800865d   Thumb Code   178  stm32f4xx_hal_tim_ex.o(.text)
    HAL_TIMEx_OnePulseN_Start                0x0800870f   Thumb Code    32  stm32f4xx_hal_tim_ex.o(.text)
    HAL_TIMEx_OnePulseN_Stop                 0x0800872f   Thumb Code    96  stm32f4xx_hal_tim_ex.o(.text)
    HAL_TIMEx_OnePulseN_Start_IT             0x0800878f   Thumb Code    56  stm32f4xx_hal_tim_ex.o(.text)
    HAL_TIMEx_OnePulseN_Stop_IT              0x080087c7   Thumb Code   120  stm32f4xx_hal_tim_ex.o(.text)
    HAL_TIMEx_ConfigCommutationEvent         0x0800883f   Thumb Code   110  stm32f4xx_hal_tim_ex.o(.text)
    HAL_TIMEx_ConfigCommutationEvent_IT      0x080088ad   Thumb Code   122  stm32f4xx_hal_tim_ex.o(.text)
    HAL_TIMEx_CommutationCallback            0x08008927   Thumb Code     2  stm32f4xx_hal_tim_ex.o(.text)
    TIMEx_DMACommutationCplt                 0x08008929   Thumb Code    20  stm32f4xx_hal_tim_ex.o(.text)
    HAL_TIMEx_ConfigCommutationEvent_DMA     0x0800893d   Thumb Code   146  stm32f4xx_hal_tim_ex.o(.text)
    HAL_TIMEx_MasterConfigSynchronization    0x080089cf   Thumb Code    98  stm32f4xx_hal_tim_ex.o(.text)
    HAL_TIMEx_ConfigBreakDeadTime            0x08008a31   Thumb Code    80  stm32f4xx_hal_tim_ex.o(.text)
    HAL_TIMEx_RemapConfig                    0x08008a81   Thumb Code    48  stm32f4xx_hal_tim_ex.o(.text)
    HAL_TIMEx_BreakCallback                  0x08008ab1   Thumb Code     2  stm32f4xx_hal_tim_ex.o(.text)
    HAL_TIMEx_HallSensor_GetState            0x08008ab3   Thumb Code     8  stm32f4xx_hal_tim_ex.o(.text)
    Reset_Handler                            0x08008ac1   Thumb Code     8  startup_stm32f407xx.o(.text)
    NMI_Handler                              0x08008ac9   Thumb Code     2  startup_stm32f407xx.o(.text)
    HardFault_Handler                        0x08008acb   Thumb Code     2  startup_stm32f407xx.o(.text)
    MemManage_Handler                        0x08008acd   Thumb Code     2  startup_stm32f407xx.o(.text)
    BusFault_Handler                         0x08008acf   Thumb Code     2  startup_stm32f407xx.o(.text)
    UsageFault_Handler                       0x08008ad1   Thumb Code     2  startup_stm32f407xx.o(.text)
    DebugMon_Handler                         0x08008ad5   Thumb Code     2  startup_stm32f407xx.o(.text)
    ADC_IRQHandler                           0x08008adb   Thumb Code     0  startup_stm32f407xx.o(.text)
    CAN1_RX0_IRQHandler                      0x08008adb   Thumb Code     0  startup_stm32f407xx.o(.text)
    CAN1_RX1_IRQHandler                      0x08008adb   Thumb Code     0  startup_stm32f407xx.o(.text)
    CAN1_SCE_IRQHandler                      0x08008adb   Thumb Code     0  startup_stm32f407xx.o(.text)
    CAN1_TX_IRQHandler                       0x08008adb   Thumb Code     0  startup_stm32f407xx.o(.text)
    CAN2_RX0_IRQHandler                      0x08008adb   Thumb Code     0  startup_stm32f407xx.o(.text)
    CAN2_RX1_IRQHandler                      0x08008adb   Thumb Code     0  startup_stm32f407xx.o(.text)
    CAN2_SCE_IRQHandler                      0x08008adb   Thumb Code     0  startup_stm32f407xx.o(.text)
    CAN2_TX_IRQHandler                       0x08008adb   Thumb Code     0  startup_stm32f407xx.o(.text)
    DCMI_IRQHandler                          0x08008adb   Thumb Code     0  startup_stm32f407xx.o(.text)
    DMA1_Stream0_IRQHandler                  0x08008adb   Thumb Code     0  startup_stm32f407xx.o(.text)
    DMA1_Stream1_IRQHandler                  0x08008adb   Thumb Code     0  startup_stm32f407xx.o(.text)
    DMA1_Stream2_IRQHandler                  0x08008adb   Thumb Code     0  startup_stm32f407xx.o(.text)
    DMA1_Stream3_IRQHandler                  0x08008adb   Thumb Code     0  startup_stm32f407xx.o(.text)
    DMA1_Stream4_IRQHandler                  0x08008adb   Thumb Code     0  startup_stm32f407xx.o(.text)
    DMA1_Stream5_IRQHandler                  0x08008adb   Thumb Code     0  startup_stm32f407xx.o(.text)
    DMA1_Stream6_IRQHandler                  0x08008adb   Thumb Code     0  startup_stm32f407xx.o(.text)
    DMA1_Stream7_IRQHandler                  0x08008adb   Thumb Code     0  startup_stm32f407xx.o(.text)
    DMA2_Stream0_IRQHandler                  0x08008adb   Thumb Code     0  startup_stm32f407xx.o(.text)
    DMA2_Stream1_IRQHandler                  0x08008adb   Thumb Code     0  startup_stm32f407xx.o(.text)
    DMA2_Stream2_IRQHandler                  0x08008adb   Thumb Code     0  startup_stm32f407xx.o(.text)
    DMA2_Stream3_IRQHandler                  0x08008adb   Thumb Code     0  startup_stm32f407xx.o(.text)
    DMA2_Stream4_IRQHandler                  0x08008adb   Thumb Code     0  startup_stm32f407xx.o(.text)
    DMA2_Stream5_IRQHandler                  0x08008adb   Thumb Code     0  startup_stm32f407xx.o(.text)
    DMA2_Stream6_IRQHandler                  0x08008adb   Thumb Code     0  startup_stm32f407xx.o(.text)
    DMA2_Stream7_IRQHandler                  0x08008adb   Thumb Code     0  startup_stm32f407xx.o(.text)
    ETH_IRQHandler                           0x08008adb   Thumb Code     0  startup_stm32f407xx.o(.text)
    ETH_WKUP_IRQHandler                      0x08008adb   Thumb Code     0  startup_stm32f407xx.o(.text)
    EXTI15_10_IRQHandler                     0x08008adb   Thumb Code     0  startup_stm32f407xx.o(.text)
    EXTI1_IRQHandler                         0x08008adb   Thumb Code     0  startup_stm32f407xx.o(.text)
    EXTI2_IRQHandler                         0x08008adb   Thumb Code     0  startup_stm32f407xx.o(.text)
    EXTI3_IRQHandler                         0x08008adb   Thumb Code     0  startup_stm32f407xx.o(.text)
    EXTI4_IRQHandler                         0x08008adb   Thumb Code     0  startup_stm32f407xx.o(.text)
    EXTI9_5_IRQHandler                       0x08008adb   Thumb Code     0  startup_stm32f407xx.o(.text)
    FLASH_IRQHandler                         0x08008adb   Thumb Code     0  startup_stm32f407xx.o(.text)
    FMC_IRQHandler                           0x08008adb   Thumb Code     0  startup_stm32f407xx.o(.text)
    FPU_IRQHandler                           0x08008adb   Thumb Code     0  startup_stm32f407xx.o(.text)
    HASH_RNG_IRQHandler                      0x08008adb   Thumb Code     0  startup_stm32f407xx.o(.text)
    I2C1_ER_IRQHandler                       0x08008adb   Thumb Code     0  startup_stm32f407xx.o(.text)
    I2C1_EV_IRQHandler                       0x08008adb   Thumb Code     0  startup_stm32f407xx.o(.text)
    I2C2_ER_IRQHandler                       0x08008adb   Thumb Code     0  startup_stm32f407xx.o(.text)
    I2C2_EV_IRQHandler                       0x08008adb   Thumb Code     0  startup_stm32f407xx.o(.text)
    I2C3_ER_IRQHandler                       0x08008adb   Thumb Code     0  startup_stm32f407xx.o(.text)
    I2C3_EV_IRQHandler                       0x08008adb   Thumb Code     0  startup_stm32f407xx.o(.text)
    OTG_FS_IRQHandler                        0x08008adb   Thumb Code     0  startup_stm32f407xx.o(.text)
    OTG_FS_WKUP_IRQHandler                   0x08008adb   Thumb Code     0  startup_stm32f407xx.o(.text)
    OTG_HS_EP1_IN_IRQHandler                 0x08008adb   Thumb Code     0  startup_stm32f407xx.o(.text)
    OTG_HS_EP1_OUT_IRQHandler                0x08008adb   Thumb Code     0  startup_stm32f407xx.o(.text)
    OTG_HS_IRQHandler                        0x08008adb   Thumb Code     0  startup_stm32f407xx.o(.text)
    OTG_HS_WKUP_IRQHandler                   0x08008adb   Thumb Code     0  startup_stm32f407xx.o(.text)
    PVD_IRQHandler                           0x08008adb   Thumb Code     0  startup_stm32f407xx.o(.text)
    RCC_IRQHandler                           0x08008adb   Thumb Code     0  startup_stm32f407xx.o(.text)
    RTC_Alarm_IRQHandler                     0x08008adb   Thumb Code     0  startup_stm32f407xx.o(.text)
    RTC_WKUP_IRQHandler                      0x08008adb   Thumb Code     0  startup_stm32f407xx.o(.text)
    SDIO_IRQHandler                          0x08008adb   Thumb Code     0  startup_stm32f407xx.o(.text)
    SPI1_IRQHandler                          0x08008adb   Thumb Code     0  startup_stm32f407xx.o(.text)
    SPI2_IRQHandler                          0x08008adb   Thumb Code     0  startup_stm32f407xx.o(.text)
    SPI3_IRQHandler                          0x08008adb   Thumb Code     0  startup_stm32f407xx.o(.text)
    TAMP_STAMP_IRQHandler                    0x08008adb   Thumb Code     0  startup_stm32f407xx.o(.text)
    TIM1_BRK_TIM9_IRQHandler                 0x08008adb   Thumb Code     0  startup_stm32f407xx.o(.text)
    TIM1_CC_IRQHandler                       0x08008adb   Thumb Code     0  startup_stm32f407xx.o(.text)
    TIM1_TRG_COM_TIM11_IRQHandler            0x08008adb   Thumb Code     0  startup_stm32f407xx.o(.text)
    TIM1_UP_TIM10_IRQHandler                 0x08008adb   Thumb Code     0  startup_stm32f407xx.o(.text)
    TIM4_IRQHandler                          0x08008adb   Thumb Code     0  startup_stm32f407xx.o(.text)
    TIM5_IRQHandler                          0x08008adb   Thumb Code     0  startup_stm32f407xx.o(.text)
    TIM6_DAC_IRQHandler                      0x08008adb   Thumb Code     0  startup_stm32f407xx.o(.text)
    TIM7_IRQHandler                          0x08008adb   Thumb Code     0  startup_stm32f407xx.o(.text)
    TIM8_BRK_TIM12_IRQHandler                0x08008adb   Thumb Code     0  startup_stm32f407xx.o(.text)
    TIM8_CC_IRQHandler                       0x08008adb   Thumb Code     0  startup_stm32f407xx.o(.text)
    TIM8_TRG_COM_TIM14_IRQHandler            0x08008adb   Thumb Code     0  startup_stm32f407xx.o(.text)
    TIM8_UP_TIM13_IRQHandler                 0x08008adb   Thumb Code     0  startup_stm32f407xx.o(.text)
    UART4_IRQHandler                         0x08008adb   Thumb Code     0  startup_stm32f407xx.o(.text)
    UART5_IRQHandler                         0x08008adb   Thumb Code     0  startup_stm32f407xx.o(.text)
    USART1_IRQHandler                        0x08008adb   Thumb Code     0  startup_stm32f407xx.o(.text)
    USART2_IRQHandler                        0x08008adb   Thumb Code     0  startup_stm32f407xx.o(.text)
    USART3_IRQHandler                        0x08008adb   Thumb Code     0  startup_stm32f407xx.o(.text)
    USART6_IRQHandler                        0x08008adb   Thumb Code     0  startup_stm32f407xx.o(.text)
    WWDG_IRQHandler                          0x08008adb   Thumb Code     0  startup_stm32f407xx.o(.text)
    SystemInit                               0x08008ae5   Thumb Code    82  system_stm32f4xx.o(.text)
    SystemCoreClockUpdate                    0x08008b37   Thumb Code   174  system_stm32f4xx.o(.text)
    __aeabi_memcpy                           0x08008c05   Thumb Code    36  memcpya.o(.text)
    __aeabi_memcpy4                          0x08008c05   Thumb Code     0  memcpya.o(.text)
    __aeabi_memcpy8                          0x08008c05   Thumb Code     0  memcpya.o(.text)
    __aeabi_dadd                             0x08008c29   Thumb Code   322  dadd.o(.text)
    __aeabi_dsub                             0x08008d6b   Thumb Code     6  dadd.o(.text)
    __aeabi_drsub                            0x08008d71   Thumb Code     6  dadd.o(.text)
    __aeabi_dmul                             0x08008d77   Thumb Code   228  dmul.o(.text)
    __aeabi_ddiv                             0x08008e5b   Thumb Code   222  ddiv.o(.text)
    __aeabi_i2d                              0x08008f39   Thumb Code    34  dflti.o(.text)
    __aeabi_ui2d                             0x08008f5b   Thumb Code    26  dfltui.o(.text)
    __aeabi_d2iz                             0x08008f75   Thumb Code    62  dfixi.o(.text)
    __aeabi_d2uiz                            0x08008fb3   Thumb Code    50  dfixui.o(.text)
    __aeabi_f2d                              0x08008fe5   Thumb Code    38  f2d.o(.text)
    __aeabi_cdcmpeq                          0x0800900d   Thumb Code     0  cdcmple.o(.text)
    __aeabi_cdcmple                          0x0800900d   Thumb Code    48  cdcmple.o(.text)
    __aeabi_d2f                              0x0800903d   Thumb Code    56  d2f.o(.text)
    __aeabi_uidiv                            0x08009075   Thumb Code     0  uidiv.o(.text)
    __aeabi_uidivmod                         0x08009075   Thumb Code    44  uidiv.o(.text)
    __aeabi_llsl                             0x080090a1   Thumb Code    30  llshl.o(.text)
    _ll_shift_l                              0x080090a1   Thumb Code     0  llshl.o(.text)
    __aeabi_llsr                             0x080090bf   Thumb Code    32  llushr.o(.text)
    _ll_ushift_r                             0x080090bf   Thumb Code     0  llushr.o(.text)
    __aeabi_lasr                             0x080090df   Thumb Code    36  llsshr.o(.text)
    _ll_sshift_r                             0x080090df   Thumb Code     0  llsshr.o(.text)
    __I$use$fp                               0x08009103   Thumb Code     0  iusefp.o(.text)
    _float_round                             0x08009103   Thumb Code    18  fepilogue.o(.text)
    _float_epilogue                          0x08009115   Thumb Code    92  fepilogue.o(.text)
    _double_round                            0x08009171   Thumb Code    30  depilogue.o(.text)
    _double_epilogue                         0x0800918f   Thumb Code   156  depilogue.o(.text)
    __scatterload                            0x0800922d   Thumb Code    28  init.o(.text)
    __scatterload_rt2                        0x0800922d   Thumb Code     0  init.o(.text)
    SVC_Count                                0x08009250   Data           4  svc_table.o(SVC_TABLE)
    SVC_Table                                0x08009254   Data           0  svc_table.o(SVC_TABLE)
    __0printf$1                              0x08009255   Thumb Code    22  printf1.o(i.__0printf$1)
    __1printf$1                              0x08009255   Thumb Code     0  printf1.o(i.__0printf$1)
    __2printf                                0x08009255   Thumb Code     0  printf1.o(i.__0printf$1)
    __ARM_fpclassifyf                        0x08009275   Thumb Code    38  fpclassifyf.o(i.__ARM_fpclassifyf)
    __hardfp_atan2f                          0x0800929d   Thumb Code   502  atan2f.o(i.__hardfp_atan2f)
    __mathlib_flt_infnan2                    0x080094ed   Thumb Code     6  funder.o(i.__mathlib_flt_infnan2)
    __mathlib_flt_underflow                  0x080094f5   Thumb Code    10  funder.o(i.__mathlib_flt_underflow)
    __scatterload_copy                       0x08009505   Thumb Code    14  handlers.o(i.__scatterload_copy)
    __scatterload_null                       0x08009513   Thumb Code     2  handlers.o(i.__scatterload_null)
    __scatterload_zeroinit                   0x08009515   Thumb Code    14  handlers.o(i.__scatterload_zeroinit)
    _init_box                                0x08009523   Thumb Code    70  rt_membox.o(i._init_box)
    dbg_init                                 0x080096bd   Thumb Code    34  hal_cm.o(i.dbg_init)
    dbg_task_notify                          0x080096ed   Thumb Code    32  hal_cm.o(i.dbg_task_notify)
    dbg_task_switch                          0x0800970d   Thumb Code    16  hal_cm.o(i.dbg_task_switch)
    isrMessageGet                            0x0800971d   Thumb Code    42  rt_cmsis.o(i.isrMessageGet)
    isrMessagePut                            0x08009747   Thumb Code    44  rt_cmsis.o(i.isrMessagePut)
    isr_mbx_receive                          0x08009775   Thumb Code    86  rt_mailbox.o(i.isr_mbx_receive)
    isr_mbx_send                             0x080097cb   Thumb Code    14  rt_mailbox.o(i.isr_mbx_send)
    osKernelInitialize                       0x080097d9   Thumb Code    30  rt_cmsis.o(i.osKernelInitialize)
    osKernelStart                            0x080097fd   Thumb Code    98  rt_cmsis.o(i.osKernelStart)
    osMessageGet                             0x08009869   Thumb Code    18  rt_cmsis.o(i.osMessageGet)
    osThreadCreate                           0x08009881   Thumb Code    38  rt_cmsis.o(i.osThreadCreate)
    osThreadExit                             0x080098b1   Thumb Code    14  rt_cmsis.o(i.osThreadExit)
    osThreadTerminate                        0x080098c9   Thumb Code    18  rt_cmsis.o(i.osThreadTerminate)
    osTimerCall                              0x080098e1   Thumb Code     8  rt_cmsis.o(i.osTimerCall)
    osTimerThread                            0x080098ed   Thumb Code    38  rt_cmsis.o(i.osTimerThread)
    os_tick_init                             0x08009919   Thumb Code    32  rt_system.o(i.os_tick_init)
    os_tick_irqack                           0x08009941   Thumb Code     2  rt_system.o(i.os_tick_irqack)
    rt_alloc_box                             0x08009943   Thumb Code    26  rt_membox.o(i.rt_alloc_box)
    rt_alloc_mem                             0x0800995d   Thumb Code    62  rt_memory.o(i.rt_alloc_mem)
    rt_block                                 0x0800999d   Thumb Code    48  rt_task.o(i.rt_block)
    rt_chk_robin                             0x080099d5   Thumb Code    60  rt_robin.o(i.rt_chk_robin)
    rt_dec_dly                               0x08009a1d   Thumb Code   102  rt_list.o(i.rt_dec_dly)
    rt_dispatch                              0x08009a8d   Thumb Code    60  rt_task.o(i.rt_dispatch)
    rt_evt_psh                               0x08009ad1   Thumb Code    76  rt_event.o(i.rt_evt_psh)
    rt_free_box                              0x08009b21   Thumb Code    44  rt_membox.o(i.rt_free_box)
    rt_free_mem                              0x08009b4d   Thumb Code    40  rt_memory.o(i.rt_free_mem)
    rt_get_first                             0x08009b75   Thumb Code    40  rt_list.o(i.rt_get_first)
    rt_init_mem                              0x08009bed   Thumb Code    26  rt_memory.o(i.rt_init_mem)
    rt_init_robin                            0x08009c09   Thumb Code    14  rt_robin.o(i.rt_init_robin)
    rt_init_stack                            0x08009c21   Thumb Code   118  hal_cm.o(i.rt_init_stack)
    rt_mbx_check                             0x08009ca1   Thumb Code     8  rt_mailbox.o(i.rt_mbx_check)
    rt_mbx_init                              0x08009ca9   Thumb Code    26  rt_mailbox.o(i.rt_mbx_init)
    rt_mbx_psh                               0x08009cc5   Thumb Code   236  rt_mailbox.o(i.rt_mbx_psh)
    rt_mbx_wait                              0x08009db5   Thumb Code   174  rt_mailbox.o(i.rt_mbx_wait)
    rt_pop_req                               0x08009ead   Thumb Code   112  rt_system.o(i.rt_pop_req)
    rt_psh_req                               0x08009f29   Thumb Code    22  rt_system.o(i.rt_psh_req)
    rt_psq_enq                               0x08009f49   Thumb Code    88  rt_list.o(i.rt_psq_enq)
    rt_put_dly                               0x08009fa5   Thumb Code    68  rt_list.o(i.rt_put_dly)
    rt_put_prio                              0x08009fed   Thumb Code    54  rt_list.o(i.rt_put_prio)
    rt_put_rdy_first                         0x0800a025   Thumb Code    14  rt_list.o(i.rt_put_rdy_first)
    rt_resort_prio                           0x0800a039   Thumb Code    46  rt_list.o(i.rt_resort_prio)
    rt_ret_val                               0x0800a07d   Thumb Code    12  hal_cm.o(i.rt_ret_val)
    rt_ret_val2                              0x0800a089   Thumb Code    16  hal_cm.o(i.rt_ret_val2)
    rt_rmv_dly                               0x0800a099   Thumb Code    40  rt_list.o(i.rt_rmv_dly)
    rt_rmv_list                              0x0800a0c1   Thumb Code    44  rt_list.o(i.rt_rmv_list)
    rt_sem_psh                               0x0800a0f1   Thumb Code    48  rt_semaphore.o(i.rt_sem_psh)
    rt_stk_check                             0x0800a125   Thumb Code    28  rt_system.o(i.rt_stk_check)
    rt_switch_req                            0x0800a149   Thumb Code    30  rt_task.o(i.rt_switch_req)
    rt_sys_init                              0x0800a171   Thumb Code   138  rt_task.o(i.rt_sys_init)
    rt_sys_start                             0x0800a23d   Thumb Code   110  rt_task.o(i.rt_sys_start)
    rt_systick                               0x0800a2b5   Thumb Code    50  rt_system.o(i.rt_systick)
    rt_tsk_create                            0x0800a33d   Thumb Code   118  rt_task.o(i.rt_tsk_create)
    rt_tsk_delete                            0x0800a3c5   Thumb Code   352  rt_task.o(i.rt_tsk_delete)
    rt_tsk_prio                              0x0800a541   Thumb Code   108  rt_task.o(i.rt_tsk_prio)
    rt_tsk_self                              0x0800a5bd   Thumb Code    12  rt_task.o(i.rt_tsk_self)
    svcKernelInitialize                      0x0800a5cd   Thumb Code    80  rt_cmsis.o(i.svcKernelInitialize)
    svcKernelStart                           0x0800a63d   Thumb Code    62  rt_cmsis.o(i.svcKernelStart)
    svcMessageCreate                         0x0800a685   Thumb Code    36  rt_cmsis.o(i.svcMessageCreate)
    svcMessageGet                            0x0800a6a9   Thumb Code    58  rt_cmsis.o(i.svcMessageGet)
    svcThreadCreate                          0x0800a6e5   Thumb Code   100  rt_cmsis.o(i.svcThreadCreate)
    svcThreadGetId                           0x0800a755   Thumb Code    22  rt_cmsis.o(i.svcThreadGetId)
    svcThreadTerminate                       0x0800a771   Thumb Code    50  rt_cmsis.o(i.svcThreadTerminate)
    svcTimerCall                             0x0800a7a9   Thumb Code    24  rt_cmsis.o(i.svcTimerCall)
    sysTimerTick                             0x0800a7c1   Thumb Code    84  rt_cmsis.o(i.sysTimerTick)
    os_thread_def_Thread_1                   0x0800a81c   Data          16  thread_led.o(.constdata)
    os_thread_def_Thread_2                   0x0800a82c   Data          16  thread_led.o(.constdata)
    keypadMap                                0x0800a83c   Data          64  keypad4x4.o(.constdata)
    os_maxtaskrun                            0x0800a87c   Data           2  rtx_conf_cm.o(.constdata)
    os_stackinfo                             0x0800a880   Data           4  rtx_conf_cm.o(.constdata)
    os_rrobin                                0x0800a884   Data           4  rtx_conf_cm.o(.constdata)
    os_tickfreq                              0x0800a888   Data           4  rtx_conf_cm.o(.constdata)
    os_tickus_i                              0x0800a88c   Data           2  rtx_conf_cm.o(.constdata)
    os_tickus_f                              0x0800a88e   Data           2  rtx_conf_cm.o(.constdata)
    os_trv                                   0x0800a890   Data           4  rtx_conf_cm.o(.constdata)
    os_flags                                 0x0800a894   Data           1  rtx_conf_cm.o(.constdata)
    CMSIS_RTOS_API_Version                   0x0800a898   Data           4  rtx_conf_cm.o(.constdata)
    CMSIS_RTOS_RTX_Version                   0x0800a89c   Data           4  rtx_conf_cm.o(.constdata)
    os_clockrate                             0x0800a8a0   Data           4  rtx_conf_cm.o(.constdata)
    os_timernum                              0x0800a8a4   Data           4  rtx_conf_cm.o(.constdata)
    mp_tcb_size                              0x0800a8a8   Data           2  rtx_conf_cm.o(.constdata)
    mp_stk_size                              0x0800a8ac   Data           4  rtx_conf_cm.o(.constdata)
    os_stack_sz                              0x0800a8b0   Data           4  rtx_conf_cm.o(.constdata)
    os_fifo_size                             0x0800a8b4   Data           1  rtx_conf_cm.o(.constdata)
    os_thread_def_osTimerThread              0x0800a8b8   Data          16  rtx_conf_cm.o(.constdata)
    os_messageQ_def_osTimerMessageQ          0x0800a8c8   Data           8  rtx_conf_cm.o(.constdata)
    mp_tmr_size                              0x0800a8d0   Data           2  rtx_conf_cm.o(.constdata)
    os_thread_def_main                       0x0800a8d4   Data          16  rtx_conf_cm.o(.constdata)
    APBAHBPrescTable                         0x0800a8ec   Data          16  stm32f4xx_hal_rcc.o(.constdata)
    AHBPrescTable                            0x0800a8fc   Data          16  system_stm32f4xx.o(.constdata)
    Region$$Table$$Base                      0x0800a90c   Number         0  anon$$obj.o(Region$$Table)
    Region$$Table$$Limit                     0x0800a92c   Number         0  anon$$obj.o(Region$$Table)
    Acc_instance                             0x20000000   Data           6  main.o(.data)
    interruptCfg                             0x20000006   Data           3  main.o(.data)
    hspi                                     0x2000000c   Data           4  main.o(.data)
    status                                   0x20000010   Data           1  main.o(.data)
    SysTickCount                             0x20000014   Data           4  main.o(.data)
    tid_Thread_1                             0x20000018   Data           4  thread_led.o(.data)
    tid_Thread_2                             0x2000001c   Data           4  thread_led.o(.data)
    flagForAccelerometer                     0x20000020   Data           4  global_variables.o(.data)
    flagForKeypad                            0x20000024   Data           4  global_variables.o(.data)
    accX                                     0x20000028   Data           4  global_variables.o(.data)
    accY                                     0x2000002c   Data           4  global_variables.o(.data)
    accZ                                     0x20000030   Data           4  global_variables.o(.data)
    acc11                                    0x20000034   Data           4  global_variables.o(.data)
    acc12                                    0x20000038   Data           4  global_variables.o(.data)
    acc13                                    0x2000003c   Data           4  global_variables.o(.data)
    acc10                                    0x20000040   Data           4  global_variables.o(.data)
    acc21                                    0x20000044   Data           4  global_variables.o(.data)
    acc22                                    0x20000048   Data           4  global_variables.o(.data)
    acc23                                    0x2000004c   Data           4  global_variables.o(.data)
    acc20                                    0x20000050   Data           4  global_variables.o(.data)
    acc31                                    0x20000054   Data           4  global_variables.o(.data)
    acc32                                    0x20000058   Data           4  global_variables.o(.data)
    acc33                                    0x2000005c   Data           4  global_variables.o(.data)
    acc30                                    0x20000060   Data           4  global_variables.o(.data)
    normalizedAccX                           0x20000064   Data           4  global_variables.o(.data)
    normalizedAccY                           0x20000068   Data           4  global_variables.o(.data)
    normalizedAccZ                           0x2000006c   Data           4  global_variables.o(.data)
    filteredAccX                             0x20000070   Data           8  global_variables.o(.data)
    filteredAccY                             0x20000078   Data           8  global_variables.o(.data)
    filteredAccZ                             0x20000080   Data           8  global_variables.o(.data)
    b0                                       0x20000088   Data           4  global_variables.o(.data)
    b1                                       0x2000008c   Data           4  global_variables.o(.data)
    b2                                       0x20000090   Data           4  global_variables.o(.data)
    a1                                       0x20000094   Data           4  global_variables.o(.data)
    a2                                       0x20000098   Data           4  global_variables.o(.data)
    finalAccX                                0x2000009c   Data           4  global_variables.o(.data)
    finalAccY                                0x200000a0   Data           4  global_variables.o(.data)
    finalAccZ                                0x200000a4   Data           4  global_variables.o(.data)
    rollAngle                                0x200000a8   Data           8  global_variables.o(.data)
    pitchAngle                               0x200000b0   Data           8  global_variables.o(.data)
    targetRollAngle                          0x200000b8   Data           4  global_variables.o(.data)
    targetPitchAngle                         0x200000bc   Data           4  global_variables.o(.data)
    digitCounter                             0x200000c0   Data           4  global_variables.o(.data)
    refreshCounter                           0x200000c4   Data           4  global_variables.o(.data)
    currentKeyPressed                        0x200000c8   Data           4  global_variables.o(.data)
    keyPressedCounter                        0x200000cc   Data           4  global_variables.o(.data)
    FSM_state                                0x200000d0   Data           4  global_variables.o(.data)
    wake_up_state                            0x200000d4   Data           4  global_variables.o(.data)
    infoDisplayed                            0x200000d8   Data           4  global_variables.o(.data)
    LIS3DSHTimeout                           0x200000dc   Data           4  lis3dsh.o(.data)
    osThreadId_osTimerThread                 0x200000e0   Data           4  rtx_conf_cm.o(.data)
    osMessageQId_osTimerMessageQ             0x200000e4   Data           4  rtx_conf_cm.o(.data)
    os_tmr                                   0x200000e8   Data           4  rtx_conf_cm.o(.data)
    m_tmr                                    0x200000ec   Data           4  rtx_conf_cm.o(.data)
    SystemCoreClock                          0x200000f4   Data           4  system_stm32f4xx.o(.data)
    os_initialized                           0x200000f8   Data           1  rt_cmsis.o(.data)
    os_running                               0x200000f9   Data           1  rt_cmsis.o(.data)
    os_timer_head                            0x200000fc   Data           4  rt_cmsis.o(.data)
    os_time                                  0x20000100   Data           4  rt_time.o(.data)
    os_tsk                                   0x20000104   Data           8  rt_task.o(.data)
    os_tick_irqn                             0x20000110   Data           4  rt_system.o(.data)
    dbg_msg                                  0x20000114   Data           1  hal_cm.o(.data)
    os_robin                                 0x20000118   Data           8  rt_robin.o(.data)
    __stdout                                 0x20000120   Data           4  stdout.o(.data)
    LED_configuration                        0x20000124   Data          20  thread_led.o(.bss)
    COLS_GPIO_init                           0x20000138   Data          20  keypad4x4.o(.bss)
    ROWS_GPIO_init                           0x2000014c   Data          20  keypad4x4.o(.bss)
    htim2                                    0x20000160   Data          60  tim.o(.bss)
    htim3                                    0x2000019c   Data          60  tim.o(.bss)
    htim4                                    0x200001d8   Data          60  tim.o(.bss)
    TIM4_ConfigHandler                       0x20000214   Data          28  tim.o(.bss)
    inputBuffer                              0x20000230   Data          12  global_variables.o(.bss)
    unfilteredAccX                           0x2000023c   Data          12  global_variables.o(.bss)
    unfilteredAccY                           0x20000248   Data          12  global_variables.o(.bss)
    unfilteredAccZ                           0x20000254   Data          12  global_variables.o(.bss)
    digitArray                               0x20000260   Data          12  global_variables.o(.bss)
    SpiHandle                                0x2000026c   Data          88  lis3dsh.o(.bss)
    mp_tcb                                   0x200002c8   Data         272  rtx_conf_cm.o(.bss)
    mp_stk                                   0x200003d8   Data        3216  rtx_conf_cm.o(.bss)
    os_stack_mem                             0x20001068   Data        1256  rtx_conf_cm.o(.bss)
    os_fifo                                  0x20001550   Data         132  rtx_conf_cm.o(.bss)
    os_active_TCB                            0x200015d4   Data          20  rtx_conf_cm.o(.bss)
    os_messageQ_q_osTimerMessageQ            0x200015e8   Data          32  rtx_conf_cm.o(.bss)
    os_idle_TCB                              0x20001608   Data          52  rt_task.o(.bss)
    os_rdy                                   0x2000163c   Data          24  rt_list.o(.bss)
    os_dly                                   0x20001654   Data          24  rt_list.o(.bss)
    __initial_sp                             0x20001a70   Data           0  startup_stm32f407xx.o(STACK)



==============================================================================

Memory Map of the image

  Image Entry point : 0x08000189

  Load Region LR_IROM1 (Base: 0x08000000, Size: 0x0000aa50, Max: 0x00100000, ABSOLUTE)

    Execution Region ER_IROM1 (Base: 0x08000000, Size: 0x0000a92c, Max: 0x00100000, ABSOLUTE)

    Base Addr    Size         Type   Attr      Idx    E Section Name        Object

    0x08000000   0x00000188   Data   RO          903    RESET               startup_stm32f407xx.o
    0x08000188   0x00000000   Code   RO         2170  * .ARM.Collect$$$$00000000  mc_w.l(entry.o)
    0x08000188   0x00000004   Code   RO         2476    .ARM.Collect$$$$00000001  mc_w.l(entry2.o)
    0x0800018c   0x00000004   Code   RO         2479    .ARM.Collect$$$$00000004  mc_w.l(entry5.o)
    0x08000190   0x00000000   Code   RO         2481    .ARM.Collect$$$$00000008  mc_w.l(entry7b.o)
    0x08000190   0x00000000   Code   RO         2483    .ARM.Collect$$$$0000000A  mc_w.l(entry8b.o)
    0x08000190   0x00000000   Code   RO         2484    .ARM.Collect$$$$0000000D  mc_w.l(entry10a.o)
    0x08000190   0x00000000   Code   RO         2486    .ARM.Collect$$$$0000000F  mc_w.l(entry11a.o)
    0x08000190   0x00000018   Code   RO          502    .ARM.Collect$$$$000000FF  rtx_conf_cm.o
    0x080001a8   0x00000004   Code   RO         2477    .ARM.Collect$$$$00002712  mc_w.l(entry2.o)
    0x080001ac   0x00000198   Code   RO         2145    .emb_text           RTX_CM4.lib(hal_cm4.o)
    0x08000344   0x00000204   Code   RO            4    .text               main.o
    0x08000548   0x00000944   Code   RO          174    .text               thread_led.o
    0x08000e8c   0x00000288   Code   RO          231    .text               gpio.o
    0x08001114   0x00000188   Code   RO          264    .text               keypad4x4.o
    0x0800129c   0x00000014   Code   RO          292    .text               stm32f4xx_hal_msp.o
    0x080012b0   0x00000028   Code   RO          316    .text               stm32f4xx_it.o
    0x080012d8   0x0000045c   Code   RO          344    .text               tim.o
    0x08001734   0x000003d4   Code   RO          375    .text               7_segment.o
    0x08001b08   0x00000038   Code   RO          399    .text               fput_debug.o
    0x08001b40   0x00000544   Code   RO          427    .text               fsm.o
    0x08002084   0x000005c0   Code   RO          477    .text               lis3dsh.o
    0x08002644   0x00000026   Code   RO          503    .text               rtx_conf_cm.o
    0x0800266a   0x00000002   PAD
    0x0800266c   0x000001b0   Code   RO          534    .text               stm32f4xx_hal.o
    0x0800281c   0x00000354   Code   RO          596    .text               stm32f4xx_hal_cortex.o
    0x08002b70   0x00000618   Code   RO          624    .text               stm32f4xx_hal_dma.o
    0x08003188   0x000003cc   Code   RO          673    .text               stm32f4xx_hal_gpio.o
    0x08003554   0x00000a4c   Code   RO          745    .text               stm32f4xx_hal_rcc.o
    0x08003fa0   0x00001598   Code   RO          796    .text               stm32f4xx_hal_spi.o
    0x08005538   0x00002800   Code   RO          820    .text               stm32f4xx_hal_tim.o
    0x08007d38   0x00000d88   Code   RO          844    .text               stm32f4xx_hal_tim_ex.o
    0x08008ac0   0x00000024   Code   RO          904    .text               startup_stm32f407xx.o
    0x08008ae4   0x00000120   Code   RO          911    .text               system_stm32f4xx.o
    0x08008c04   0x00000024   Code   RO         2175    .text               mc_w.l(memcpya.o)
    0x08008c28   0x0000014e   Code   RO         2440    .text               mf_w.l(dadd.o)
    0x08008d76   0x000000e4   Code   RO         2442    .text               mf_w.l(dmul.o)
    0x08008e5a   0x000000de   Code   RO         2444    .text               mf_w.l(ddiv.o)
    0x08008f38   0x00000022   Code   RO         2446    .text               mf_w.l(dflti.o)
    0x08008f5a   0x0000001a   Code   RO         2448    .text               mf_w.l(dfltui.o)
    0x08008f74   0x0000003e   Code   RO         2450    .text               mf_w.l(dfixi.o)
    0x08008fb2   0x00000032   Code   RO         2452    .text               mf_w.l(dfixui.o)
    0x08008fe4   0x00000026   Code   RO         2454    .text               mf_w.l(f2d.o)
    0x0800900a   0x00000002   PAD
    0x0800900c   0x00000030   Code   RO         2456    .text               mf_w.l(cdcmple.o)
    0x0800903c   0x00000038   Code   RO         2458    .text               mf_w.l(d2f.o)
    0x08009074   0x0000002c   Code   RO         2489    .text               mc_w.l(uidiv.o)
    0x080090a0   0x0000001e   Code   RO         2491    .text               mc_w.l(llshl.o)
    0x080090be   0x00000020   Code   RO         2493    .text               mc_w.l(llushr.o)
    0x080090de   0x00000024   Code   RO         2495    .text               mc_w.l(llsshr.o)
    0x08009102   0x00000000   Code   RO         2504    .text               mc_w.l(iusefp.o)
    0x08009102   0x0000006e   Code   RO         2505    .text               mf_w.l(fepilogue.o)
    0x08009170   0x000000ba   Code   RO         2507    .text               mf_w.l(depilogue.o)
    0x0800922a   0x00000002   PAD
    0x0800922c   0x00000024   Code   RO         2513    .text               mc_w.l(init.o)
    0x08009250   0x00000004   Code   RO         2155    SVC_TABLE           RTX_CM4.lib(svc_table.o)
    0x08009254   0x00000020   Code   RO         2224    i.__0printf$1       mc_w.l(printf1.o)
    0x08009274   0x00000026   Code   RO         2460    i.__ARM_fpclassifyf  m_wm.l(fpclassifyf.o)
    0x0800929a   0x00000002   PAD
    0x0800929c   0x00000250   Code   RO         2158    i.__hardfp_atan2f   m_wm.l(atan2f.o)
    0x080094ec   0x00000006   Code   RO         2464    i.__mathlib_flt_infnan2  m_wm.l(funder.o)
    0x080094f2   0x00000002   PAD
    0x080094f4   0x00000010   Code   RO         2468    i.__mathlib_flt_underflow  m_wm.l(funder.o)
    0x08009504   0x0000000e   Code   RO         2517    i.__scatterload_copy  mc_w.l(handlers.o)
    0x08009512   0x00000002   Code   RO         2518    i.__scatterload_null  mc_w.l(handlers.o)
    0x08009514   0x0000000e   Code   RO         2519    i.__scatterload_zeroinit  mc_w.l(handlers.o)
    0x08009522   0x00000046   Code   RO         2018    i._init_box         RTX_CM4.lib(rt_membox.o)
    0x08009568   0x00000154   Code   RO         2231    i._printf_core      mc_w.l(printf1.o)
    0x080096bc   0x00000030   Code   RO         2071    i.dbg_init          RTX_CM4.lib(hal_cm.o)
    0x080096ec   0x00000020   Code   RO         2072    i.dbg_task_notify   RTX_CM4.lib(hal_cm.o)
    0x0800970c   0x00000010   Code   RO         2073    i.dbg_task_switch   RTX_CM4.lib(hal_cm.o)
    0x0800971c   0x0000002a   Code   RO          942    i.isrMessageGet     RTX_CM4.lib(rt_cmsis.o)
    0x08009746   0x0000002c   Code   RO          943    i.isrMessagePut     RTX_CM4.lib(rt_cmsis.o)
    0x08009772   0x00000002   PAD
    0x08009774   0x00000056   Code   RO         1897    i.isr_mbx_receive   RTX_CM4.lib(rt_mailbox.o)
    0x080097ca   0x0000000e   Code   RO         1898    i.isr_mbx_send      RTX_CM4.lib(rt_mailbox.o)
    0x080097d8   0x00000024   Code   RO          947    i.osKernelInitialize  RTX_CM4.lib(rt_cmsis.o)
    0x080097fc   0x0000006c   Code   RO          949    i.osKernelStart     RTX_CM4.lib(rt_cmsis.o)
    0x08009868   0x00000018   Code   RO          958    i.osMessageGet      RTX_CM4.lib(rt_cmsis.o)
    0x08009880   0x00000030   Code   RO          975    i.osThreadCreate    RTX_CM4.lib(rt_cmsis.o)
    0x080098b0   0x00000018   Code   RO          976    i.osThreadExit      RTX_CM4.lib(rt_cmsis.o)
    0x080098c8   0x00000018   Code   RO          980    i.osThreadTerminate  RTX_CM4.lib(rt_cmsis.o)
    0x080098e0   0x0000000c   Code   RO          982    i.osTimerCall       RTX_CM4.lib(rt_cmsis.o)
    0x080098ec   0x0000002c   Code   RO          987    i.osTimerThread     RTX_CM4.lib(rt_cmsis.o)
    0x08009918   0x00000028   Code   RO         1685    i.os_tick_init      RTX_CM4.lib(rt_system.o)
    0x08009940   0x00000002   Code   RO         1686    i.os_tick_irqack    RTX_CM4.lib(rt_system.o)
    0x08009942   0x0000001a   Code   RO         2019    i.rt_alloc_box      RTX_CM4.lib(rt_membox.o)
    0x0800995c   0x0000003e   Code   RO         2047    i.rt_alloc_mem      RTX_CM4.lib(rt_memory.o)
    0x0800999a   0x00000002   PAD
    0x0800999c   0x00000038   Code   RO         1600    i.rt_block          RTX_CM4.lib(rt_task.o)
    0x080099d4   0x00000048   Code   RO         2124    i.rt_chk_robin      RTX_CM4.lib(rt_robin.o)
    0x08009a1c   0x00000070   Code   RO         1821    i.rt_dec_dly        RTX_CM4.lib(rt_list.o)
    0x08009a8c   0x00000044   Code   RO         1601    i.rt_dispatch       RTX_CM4.lib(rt_task.o)
    0x08009ad0   0x00000050   Code   RO         1778    i.rt_evt_psh        RTX_CM4.lib(rt_event.o)
    0x08009b20   0x0000002c   Code   RO         2020    i.rt_free_box       RTX_CM4.lib(rt_membox.o)
    0x08009b4c   0x00000028   Code   RO         2048    i.rt_free_mem       RTX_CM4.lib(rt_memory.o)
    0x08009b74   0x00000028   Code   RO         1822    i.rt_get_first      RTX_CM4.lib(rt_list.o)
    0x08009b9c   0x00000008   Code   RO          992    i.rt_id2obj         RTX_CM4.lib(rt_cmsis.o)
    0x08009ba4   0x00000048   Code   RO         1602    i.rt_init_context   RTX_CM4.lib(rt_task.o)
    0x08009bec   0x0000001a   Code   RO         2049    i.rt_init_mem       RTX_CM4.lib(rt_memory.o)
    0x08009c06   0x00000002   PAD
    0x08009c08   0x00000018   Code   RO         2125    i.rt_init_robin     RTX_CM4.lib(rt_robin.o)
    0x08009c20   0x00000080   Code   RO         2074    i.rt_init_stack     RTX_CM4.lib(hal_cm.o)
    0x08009ca0   0x00000008   Code   RO         1899    i.rt_mbx_check      RTX_CM4.lib(rt_mailbox.o)
    0x08009ca8   0x0000001a   Code   RO         1900    i.rt_mbx_init       RTX_CM4.lib(rt_mailbox.o)
    0x08009cc2   0x00000002   PAD
    0x08009cc4   0x000000f0   Code   RO         1901    i.rt_mbx_psh        RTX_CM4.lib(rt_mailbox.o)
    0x08009db4   0x000000b4   Code   RO         1903    i.rt_mbx_wait       RTX_CM4.lib(rt_mailbox.o)
    0x08009e68   0x00000044   Code   RO          993    i.rt_ms2tick        RTX_CM4.lib(rt_cmsis.o)
    0x08009eac   0x0000007c   Code   RO         1689    i.rt_pop_req        RTX_CM4.lib(rt_system.o)
    0x08009f28   0x00000020   Code   RO         1690    i.rt_psh_req        RTX_CM4.lib(rt_system.o)
    0x08009f48   0x0000005c   Code   RO         1824    i.rt_psq_enq        RTX_CM4.lib(rt_list.o)
    0x08009fa4   0x00000048   Code   RO         1825    i.rt_put_dly        RTX_CM4.lib(rt_list.o)
    0x08009fec   0x00000036   Code   RO         1826    i.rt_put_prio       RTX_CM4.lib(rt_list.o)
    0x0800a022   0x00000002   PAD
    0x0800a024   0x00000014   Code   RO         1827    i.rt_put_rdy_first  RTX_CM4.lib(rt_list.o)
    0x0800a038   0x00000034   Code   RO         1828    i.rt_resort_prio    RTX_CM4.lib(rt_list.o)
    0x0800a06c   0x00000010   Code   RO         2075    i.rt_ret_regs       RTX_CM4.lib(hal_cm.o)
    0x0800a07c   0x0000000c   Code   RO         2076    i.rt_ret_val        RTX_CM4.lib(hal_cm.o)
    0x0800a088   0x00000010   Code   RO         2077    i.rt_ret_val2       RTX_CM4.lib(hal_cm.o)
    0x0800a098   0x00000028   Code   RO         1829    i.rt_rmv_dly        RTX_CM4.lib(rt_list.o)
    0x0800a0c0   0x00000030   Code   RO         1830    i.rt_rmv_list       RTX_CM4.lib(rt_list.o)
    0x0800a0f0   0x00000034   Code   RO         1948    i.rt_sem_psh        RTX_CM4.lib(rt_semaphore.o)
    0x0800a124   0x00000024   Code   RO         1692    i.rt_stk_check      RTX_CM4.lib(rt_system.o)
    0x0800a148   0x00000028   Code   RO         1603    i.rt_switch_req     RTX_CM4.lib(rt_task.o)
    0x0800a170   0x000000cc   Code   RO         1604    i.rt_sys_init       RTX_CM4.lib(rt_task.o)
    0x0800a23c   0x00000078   Code   RO         1605    i.rt_sys_start      RTX_CM4.lib(rt_task.o)
    0x0800a2b4   0x00000040   Code   RO         1694    i.rt_systick        RTX_CM4.lib(rt_system.o)
    0x0800a2f4   0x00000012   Code   RO          994    i.rt_tid2ptcb       RTX_CM4.lib(rt_cmsis.o)
    0x0800a306   0x00000002   PAD
    0x0800a308   0x00000034   Code   RO          995    i.rt_timer_insert   RTX_CM4.lib(rt_cmsis.o)
    0x0800a33c   0x00000088   Code   RO         1606    i.rt_tsk_create     RTX_CM4.lib(rt_task.o)
    0x0800a3c4   0x0000017c   Code   RO         1607    i.rt_tsk_delete     RTX_CM4.lib(rt_task.o)
    0x0800a540   0x0000007c   Code   RO         1609    i.rt_tsk_prio       RTX_CM4.lib(rt_task.o)
    0x0800a5bc   0x00000010   Code   RO         1610    i.rt_tsk_self       RTX_CM4.lib(rt_task.o)
    0x0800a5cc   0x00000070   Code   RO          998    i.svcKernelInitialize  RTX_CM4.lib(rt_cmsis.o)
    0x0800a63c   0x00000048   Code   RO         1000    i.svcKernelStart    RTX_CM4.lib(rt_cmsis.o)
    0x0800a684   0x00000024   Code   RO         1003    i.svcMessageCreate  RTX_CM4.lib(rt_cmsis.o)
    0x0800a6a8   0x0000003a   Code   RO         1004    i.svcMessageGet     RTX_CM4.lib(rt_cmsis.o)
    0x0800a6e2   0x00000002   PAD
    0x0800a6e4   0x00000070   Code   RO         1018    i.svcThreadCreate   RTX_CM4.lib(rt_cmsis.o)
    0x0800a754   0x0000001c   Code   RO         1019    i.svcThreadGetId    RTX_CM4.lib(rt_cmsis.o)
    0x0800a770   0x00000038   Code   RO         1022    i.svcThreadTerminate  RTX_CM4.lib(rt_cmsis.o)
    0x0800a7a8   0x00000018   Code   RO         1024    i.svcTimerCall      RTX_CM4.lib(rt_cmsis.o)
    0x0800a7c0   0x0000005c   Code   RO         1033    i.sysTimerTick      RTX_CM4.lib(rt_cmsis.o)
    0x0800a81c   0x00000020   Data   RO          176    .constdata          thread_led.o
    0x0800a83c   0x00000040   Data   RO          266    .constdata          keypad4x4.o
    0x0800a87c   0x00000068   Data   RO          505    .constdata          rtx_conf_cm.o
    0x0800a8e4   0x00000008   Data   RO          625    .constdata          stm32f4xx_hal_dma.o
    0x0800a8ec   0x00000010   Data   RO          746    .constdata          stm32f4xx_hal_rcc.o
    0x0800a8fc   0x00000010   Data   RO          912    .constdata          system_stm32f4xx.o
    0x0800a90c   0x00000020   Data   RO         2515    Region$$Table       anon$$obj.o


    Execution Region RW_IRAM1 (Base: 0x20000000, Size: 0x00001a70, Max: 0x00020000, ABSOLUTE)

    Base Addr    Size         Type   Attr      Idx    E Section Name        Object

    0x20000000   0x00000018   Data   RW            5    .data               main.o
    0x20000018   0x00000008   Data   RW          177    .data               thread_led.o
    0x20000020   0x000000bc   Data   RW          453    .data               global_variables.o
    0x200000dc   0x00000004   Data   RW          479    .data               lis3dsh.o
    0x200000e0   0x00000010   Data   RW          506    .data               rtx_conf_cm.o
    0x200000f0   0x00000004   Data   RW          535    .data               stm32f4xx_hal.o
    0x200000f4   0x00000004   Data   RW          913    .data               system_stm32f4xx.o
    0x200000f8   0x00000008   Data   RW         1036    .data               RTX_CM4.lib(rt_cmsis.o)
    0x20000100   0x00000004   Data   RW         1571    .data               RTX_CM4.lib(rt_time.o)
    0x20000104   0x00000008   Data   RW         1612    .data               RTX_CM4.lib(rt_task.o)
    0x2000010c   0x00000008   Data   RW         1697    .data               RTX_CM4.lib(rt_system.o)
    0x20000114   0x00000001   Data   RW         2078    .data               RTX_CM4.lib(hal_cm.o)
    0x20000115   0x00000003   PAD
    0x20000118   0x00000008   Data   RW         2126    .data               RTX_CM4.lib(rt_robin.o)
    0x20000120   0x00000004   Data   RW         2488    .data               mc_w.l(stdout.o)
    0x20000124   0x00000014   Zero   RW          175    .bss                thread_led.o
    0x20000138   0x00000028   Zero   RW          265    .bss                keypad4x4.o
    0x20000160   0x000000d0   Zero   RW          345    .bss                tim.o
    0x20000230   0x0000003c   Zero   RW          452    .bss                global_variables.o
    0x2000026c   0x00000058   Zero   RW          478    .bss                lis3dsh.o
    0x200002c4   0x00000004   PAD
    0x200002c8   0x00001340   Zero   RW          504    .bss                rtx_conf_cm.o
    0x20001608   0x00000034   Zero   RW         1611    .bss                RTX_CM4.lib(rt_task.o)
    0x2000163c   0x00000030   Zero   RW         1831    .bss                RTX_CM4.lib(rt_list.o)
    0x2000166c   0x00000004   PAD
    0x20001670   0x00000400   Zero   RW          901    STACK               startup_stm32f407xx.o


==============================================================================

Image component sizes


      Code (inc. data)   RO Data    RW Data    ZI Data      Debug   Object Name

       980         16          0          0          0       1326   7_segment.o
        56          4          0          0          0      28363   fput_debug.o
      1348        630          0          0          0       1127   fsm.o
         0          0          0        188         60       2565   global_variables.o
       648         34          0          0          0       1335   gpio.o
       392         22         64          0         40       2300   keypad4x4.o
      1472        120          0          4         88       4937   lis3dsh.o
       516         80          0         24          0     385309   main.o
        62          6        104         16       4928       7486   rtx_conf_cm.o
        36          8        392          0       1024        860   startup_stm32f407xx.o
       432         26          0          4          0       4990   stm32f4xx_hal.o
       852         22          0          0          0      33475   stm32f4xx_hal_cortex.o
      1560         16          8          0          0       5016   stm32f4xx_hal_dma.o
       972         50          0          0          0       3835   stm32f4xx_hal_gpio.o
        20          0          0          0          0        490   stm32f4xx_hal_msp.o
      2636         66         16          0          0       5742   stm32f4xx_hal_rcc.o
      5528         54          0          0          0      13284   stm32f4xx_hal_spi.o
     10240        152          0          0          0      31026   stm32f4xx_hal_tim.o
      3464         26          0          0          0      11826   stm32f4xx_hal_tim_ex.o
        40         10          0          0          0        731   stm32f4xx_it.o
       288         32         16          4          0       1639   system_stm32f4xx.o
      2372        322         32          8         20       2853   thread_led.o
      1116         64          0          0        208       4297   tim.o

    ----------------------------------------------------------------------
     35032       1760        664        248       6372     554812   Object Totals
         0          0         32          0          0          0   (incl. Generated)
         2          0          0          0          4          0   (incl. Padding)

    ----------------------------------------------------------------------

      Code (inc. data)   RO Data    RW Data    ZI Data      Debug   Library Member Name

       268         24          0          1          0       4452   hal_cm.o
       408         34          0          0          0        816   hal_cm4.o
      1142        146          0          8          0      34465   rt_cmsis.o
        80          4          0          0          0        701   rt_event.o
       530         34          0          0         48       8597   rt_list.o
       554         10          0          0          0       4189   rt_mailbox.o
       140          0          0          0          0       2045   rt_membox.o
       128          0          0          0          0       2419   rt_memory.o
        96         22          0          8          0       1230   rt_robin.o
        52          4          0          0          0        613   rt_semaphore.o
       298         52          0          8          0       6439   rt_system.o
      1216        174          0          8         52      10025   rt_task.o
         0          0          0          4          0        206   rt_time.o
         4          4          0          0          0        200   svc_table.o
       592         90          0          0          0        184   atan2f.o
        38          0          0          0          0        116   fpclassifyf.o
        22          6          0          0          0        232   funder.o
         0          0          0          0          0          0   entry.o
         0          0          0          0          0          0   entry10a.o
         0          0          0          0          0          0   entry11a.o
         8          4          0          0          0          0   entry2.o
         4          0          0          0          0          0   entry5.o
         0          0          0          0          0          0   entry7b.o
         0          0          0          0          0          0   entry8b.o
        30          0          0          0          0          0   handlers.o
        36          8          0          0          0         68   init.o
         0          0          0          0          0          0   iusefp.o
        30          0          0          0          0         68   llshl.o
        36          0          0          0          0         68   llsshr.o
        32          0          0          0          0         68   llushr.o
        36          0          0          0          0         68   memcpya.o
       372         14          0          0          0        184   printf1.o
         0          0          0          4          0          0   stdout.o
        44          0          0          0          0         80   uidiv.o
        48          0          0          0          0         68   cdcmple.o
        56          0          0          0          0         88   d2f.o
       334          0          0          0          0        148   dadd.o
       222          0          0          0          0        100   ddiv.o
       186          0          0          0          0        176   depilogue.o
        62          0          0          0          0         80   dfixi.o
        50          0          0          0          0         76   dfixui.o
        34          0          0          0          0         76   dflti.o
        26          0          0          0          0         76   dfltui.o
       228          0          0          0          0         96   dmul.o
        38          0          0          0          0         68   f2d.o
       110          0          0          0          0        168   fepilogue.o

    ----------------------------------------------------------------------
      7612        630          0         44        104      78753   Library Totals
        22          0          0          3          4          0   (incl. Padding)

    ----------------------------------------------------------------------

      Code (inc. data)   RO Data    RW Data    ZI Data      Debug   Library Name

      4916        508          0         37        100      76397   RTX_CM4.lib
       652         96          0          0          0        532   m_wm.l
       628         26          0          4          0        604   mc_w.l
      1394          0          0          0          0       1220   mf_w.l

    ----------------------------------------------------------------------
      7612        630          0         44        104      78753   Library Totals

    ----------------------------------------------------------------------

==============================================================================


      Code (inc. data)   RO Data    RW Data    ZI Data      Debug   

     42644       2390        664        292       6476     621385   Grand Totals
     42644       2390        664        292       6476     621385   ELF Image Totals
     42644       2390        664        292          0          0   ROM Totals

==============================================================================

    Total RO  Size (Code + RO Data)                43308 (  42.29kB)
    Total RW  Size (RW Data + ZI Data)              6768 (   6.61kB)
    Total ROM Size (Code + RO Data + RW Data)      43600 (  42.58kB)

==============================================================================

